[0.033s] Invoking command in '/home/jnu/go2_ws/build/go2_bringup': AMENT_PREFIX_PATH=/home/jnu/go2_ws/install/go2_driver:/home/jnu/go2_ws/install/unitree_go:/home/jnu/go2_ws/install/unitree_api:/home/jnu/go2_ws/install/go2_rviz:/home/jnu/go2_ws/install/go2_interfaces:/home/jnu/go2_ws/install/go2_description:${AMENT_PREFIX_PATH} CMAKE_PREFIX_PATH=/home/jnu/go2_ws/install/go2_driver:/home/jnu/go2_ws/install/unitree_go:/home/jnu/go2_ws/install/unitree_api:/home/jnu/go2_ws/install/go2_rviz:/home/jnu/go2_ws/install/go2_interfaces:/home/jnu/go2_ws/install/go2_description:/opt/ros/humble LD_LIBRARY_PATH=/home/jnu/go2_ws/install/go2_driver/lib:/home/jnu/go2_ws/install/unitree_go/lib:/home/jnu/go2_ws/install/unitree_api/lib:/home/jnu/go2_ws/install/go2_interfaces/lib:/opt/ros/humble/opt/rviz_ogre_vendor/lib:/opt/ros/humble/lib/x86_64-linux-gnu:/opt/ros/humble/lib:/usr/local/cuda-11.8/lib64 PYTHONPATH=/home/jnu/go2_ws/install/unitree_go/local/lib/python3.10/dist-packages:/home/jnu/go2_ws/install/unitree_api/local/lib/python3.10/dist-packages:/home/jnu/go2_ws/install/go2_interfaces/local/lib/python3.10/dist-packages:${PYTHONPATH} /usr/bin/cmake /home/jnu/go2_ws/src/go2_bringup -DAMENT_CMAKE_SYMLINK_INSTALL=1 -DCMAKE_INSTALL_PREFIX=/home/jnu/go2_ws/install/go2_bringup
[0.088s] -- The C compiler identification is GNU 11.4.0
[0.148s] -- The CXX compiler identification is GNU 11.4.0
[0.152s] -- Detecting C compiler ABI info
[0.252s] -- Detecting C compiler ABI info - done
[0.261s] -- Check for working C compiler: /usr/bin/cc - skipped
[0.262s] -- Detecting C compile features
[0.262s] -- Detecting C compile features - done
[0.264s] -- Detecting CXX compiler ABI info
[0.359s] -- Detecting CXX compiler ABI info - done
[0.368s] -- Check for working CXX compiler: /usr/bin/c++ - skipped
[0.368s] -- Detecting CXX compile features
[0.368s] -- Detecting CXX compile features - done
[0.370s] -- Found ament_cmake: 1.3.12 (/opt/ros/humble/share/ament_cmake/cmake)
[0.484s] -- Found Python3: /usr/bin/python3 (found version "3.10.12") found components: Interpreter 
[0.525s] -- Override CMake install command with custom implementation using symlinks instead of copying resources
[0.539s] -- Found ament_lint_auto: 0.12.14 (/opt/ros/humble/share/ament_lint_auto/cmake)
[0.579s] -- Added test 'flake8' to check Python code syntax and style conventions
[0.580s] -- Added test 'lint_cmake' to check CMake code style
[0.580s] -- Added test 'pep257' to check Python code against some of the docstring style conventions in PEP 257
[0.581s] -- Added test 'xmllint' to check XML markup files
[0.582s] -- Configuring done
[0.583s] -- Generating done
[0.584s] -- Build files have been written to: /home/jnu/go2_ws/build/go2_bringup
[0.586s] Invoked command in '/home/jnu/go2_ws/build/go2_bringup' returned '0': AMENT_PREFIX_PATH=/home/jnu/go2_ws/install/go2_driver:/home/jnu/go2_ws/install/unitree_go:/home/jnu/go2_ws/install/unitree_api:/home/jnu/go2_ws/install/go2_rviz:/home/jnu/go2_ws/install/go2_interfaces:/home/jnu/go2_ws/install/go2_description:${AMENT_PREFIX_PATH} CMAKE_PREFIX_PATH=/home/jnu/go2_ws/install/go2_driver:/home/jnu/go2_ws/install/unitree_go:/home/jnu/go2_ws/install/unitree_api:/home/jnu/go2_ws/install/go2_rviz:/home/jnu/go2_ws/install/go2_interfaces:/home/jnu/go2_ws/install/go2_description:/opt/ros/humble LD_LIBRARY_PATH=/home/jnu/go2_ws/install/go2_driver/lib:/home/jnu/go2_ws/install/unitree_go/lib:/home/jnu/go2_ws/install/unitree_api/lib:/home/jnu/go2_ws/install/go2_interfaces/lib:/opt/ros/humble/opt/rviz_ogre_vendor/lib:/opt/ros/humble/lib/x86_64-linux-gnu:/opt/ros/humble/lib:/usr/local/cuda-11.8/lib64 PYTHONPATH=/home/jnu/go2_ws/install/unitree_go/local/lib/python3.10/dist-packages:/home/jnu/go2_ws/install/unitree_api/local/lib/python3.10/dist-packages:/home/jnu/go2_ws/install/go2_interfaces/local/lib/python3.10/dist-packages:${PYTHONPATH} /usr/bin/cmake /home/jnu/go2_ws/src/go2_bringup -DAMENT_CMAKE_SYMLINK_INSTALL=1 -DCMAKE_INSTALL_PREFIX=/home/jnu/go2_ws/install/go2_bringup
[0.587s] Invoking command in '/home/jnu/go2_ws/build/go2_bringup': AMENT_PREFIX_PATH=/home/jnu/go2_ws/install/go2_driver:/home/jnu/go2_ws/install/unitree_go:/home/jnu/go2_ws/install/unitree_api:/home/jnu/go2_ws/install/go2_rviz:/home/jnu/go2_ws/install/go2_interfaces:/home/jnu/go2_ws/install/go2_description:${AMENT_PREFIX_PATH} CMAKE_PREFIX_PATH=/home/jnu/go2_ws/install/go2_driver:/home/jnu/go2_ws/install/unitree_go:/home/jnu/go2_ws/install/unitree_api:/home/jnu/go2_ws/install/go2_rviz:/home/jnu/go2_ws/install/go2_interfaces:/home/jnu/go2_ws/install/go2_description:/opt/ros/humble LD_LIBRARY_PATH=/home/jnu/go2_ws/install/go2_driver/lib:/home/jnu/go2_ws/install/unitree_go/lib:/home/jnu/go2_ws/install/unitree_api/lib:/home/jnu/go2_ws/install/go2_interfaces/lib:/opt/ros/humble/opt/rviz_ogre_vendor/lib:/opt/ros/humble/lib/x86_64-linux-gnu:/opt/ros/humble/lib:/usr/local/cuda-11.8/lib64 PYTHONPATH=/home/jnu/go2_ws/install/unitree_go/local/lib/python3.10/dist-packages:/home/jnu/go2_ws/install/unitree_api/local/lib/python3.10/dist-packages:/home/jnu/go2_ws/install/go2_interfaces/local/lib/python3.10/dist-packages:${PYTHONPATH} /usr/bin/cmake --build /home/jnu/go2_ws/build/go2_bringup -- -j24 -l24
[0.626s] Invoked command in '/home/jnu/go2_ws/build/go2_bringup' returned '0': AMENT_PREFIX_PATH=/home/jnu/go2_ws/install/go2_driver:/home/jnu/go2_ws/install/unitree_go:/home/jnu/go2_ws/install/unitree_api:/home/jnu/go2_ws/install/go2_rviz:/home/jnu/go2_ws/install/go2_interfaces:/home/jnu/go2_ws/install/go2_description:${AMENT_PREFIX_PATH} CMAKE_PREFIX_PATH=/home/jnu/go2_ws/install/go2_driver:/home/jnu/go2_ws/install/unitree_go:/home/jnu/go2_ws/install/unitree_api:/home/jnu/go2_ws/install/go2_rviz:/home/jnu/go2_ws/install/go2_interfaces:/home/jnu/go2_ws/install/go2_description:/opt/ros/humble LD_LIBRARY_PATH=/home/jnu/go2_ws/install/go2_driver/lib:/home/jnu/go2_ws/install/unitree_go/lib:/home/jnu/go2_ws/install/unitree_api/lib:/home/jnu/go2_ws/install/go2_interfaces/lib:/opt/ros/humble/opt/rviz_ogre_vendor/lib:/opt/ros/humble/lib/x86_64-linux-gnu:/opt/ros/humble/lib:/usr/local/cuda-11.8/lib64 PYTHONPATH=/home/jnu/go2_ws/install/unitree_go/local/lib/python3.10/dist-packages:/home/jnu/go2_ws/install/unitree_api/local/lib/python3.10/dist-packages:/home/jnu/go2_ws/install/go2_interfaces/local/lib/python3.10/dist-packages:${PYTHONPATH} /usr/bin/cmake --build /home/jnu/go2_ws/build/go2_bringup -- -j24 -l24
[0.629s] Invoking command in '/home/jnu/go2_ws/build/go2_bringup': AMENT_PREFIX_PATH=/home/jnu/go2_ws/install/go2_driver:/home/jnu/go2_ws/install/unitree_go:/home/jnu/go2_ws/install/unitree_api:/home/jnu/go2_ws/install/go2_rviz:/home/jnu/go2_ws/install/go2_interfaces:/home/jnu/go2_ws/install/go2_description:${AMENT_PREFIX_PATH} CMAKE_PREFIX_PATH=/home/jnu/go2_ws/install/go2_driver:/home/jnu/go2_ws/install/unitree_go:/home/jnu/go2_ws/install/unitree_api:/home/jnu/go2_ws/install/go2_rviz:/home/jnu/go2_ws/install/go2_interfaces:/home/jnu/go2_ws/install/go2_description:/opt/ros/humble LD_LIBRARY_PATH=/home/jnu/go2_ws/install/go2_driver/lib:/home/jnu/go2_ws/install/unitree_go/lib:/home/jnu/go2_ws/install/unitree_api/lib:/home/jnu/go2_ws/install/go2_interfaces/lib:/opt/ros/humble/opt/rviz_ogre_vendor/lib:/opt/ros/humble/lib/x86_64-linux-gnu:/opt/ros/humble/lib:/usr/local/cuda-11.8/lib64 PYTHONPATH=/home/jnu/go2_ws/install/unitree_go/local/lib/python3.10/dist-packages:/home/jnu/go2_ws/install/unitree_api/local/lib/python3.10/dist-packages:/home/jnu/go2_ws/install/go2_interfaces/local/lib/python3.10/dist-packages:${PYTHONPATH} /usr/bin/cmake --install /home/jnu/go2_ws/build/go2_bringup
[0.637s] -- Install configuration: ""
[0.637s] -- Execute custom install script
[0.637s] -- Symlinking: /home/jnu/go2_ws/install/go2_bringup/share/go2_bringup/launch/go2.launch.py
[0.641s] -- Symlinking: /home/jnu/go2_ws/install/go2_bringup/share/ament_index/resource_index/package_run_dependencies/go2_bringup
[0.648s] -- Symlinking: /home/jnu/go2_ws/install/go2_bringup/share/ament_index/resource_index/parent_prefix_path/go2_bringup
[0.659s] -- Symlinking: /home/jnu/go2_ws/install/go2_bringup/share/go2_bringup/environment/ament_prefix_path.sh
[0.670s] -- Symlinking: /home/jnu/go2_ws/install/go2_bringup/share/go2_bringup/environment/ament_prefix_path.dsv
[0.682s] -- Symlinking: /home/jnu/go2_ws/install/go2_bringup/share/go2_bringup/environment/path.sh
[0.694s] -- Symlinking: /home/jnu/go2_ws/install/go2_bringup/share/go2_bringup/environment/path.dsv
[0.707s] -- Symlinking: /home/jnu/go2_ws/install/go2_bringup/share/go2_bringup/local_setup.bash
[0.713s] -- Symlinking: /home/jnu/go2_ws/install/go2_bringup/share/go2_bringup/local_setup.sh
[0.719s] -- Symlinking: /home/jnu/go2_ws/install/go2_bringup/share/go2_bringup/local_setup.zsh
[0.732s] -- Symlinking: /home/jnu/go2_ws/install/go2_bringup/share/go2_bringup/local_setup.dsv
[0.751s] -- Symlinking: /home/jnu/go2_ws/install/go2_bringup/share/go2_bringup/package.dsv
[0.770s] -- Symlinking: /home/jnu/go2_ws/install/go2_bringup/share/ament_index/resource_index/packages/go2_bringup
[0.787s] -- Symlinking: /home/jnu/go2_ws/install/go2_bringup/share/go2_bringup/cmake/go2_bringupConfig.cmake
[0.807s] -- Symlinking: /home/jnu/go2_ws/install/go2_bringup/share/go2_bringup/cmake/go2_bringupConfig-version.cmake
[0.825s] -- Symlinking: /home/jnu/go2_ws/install/go2_bringup/share/go2_bringup/package.xml
[0.845s] Invoked command in '/home/jnu/go2_ws/build/go2_bringup' returned '0': AMENT_PREFIX_PATH=/home/jnu/go2_ws/install/go2_driver:/home/jnu/go2_ws/install/unitree_go:/home/jnu/go2_ws/install/unitree_api:/home/jnu/go2_ws/install/go2_rviz:/home/jnu/go2_ws/install/go2_interfaces:/home/jnu/go2_ws/install/go2_description:${AMENT_PREFIX_PATH} CMAKE_PREFIX_PATH=/home/jnu/go2_ws/install/go2_driver:/home/jnu/go2_ws/install/unitree_go:/home/jnu/go2_ws/install/unitree_api:/home/jnu/go2_ws/install/go2_rviz:/home/jnu/go2_ws/install/go2_interfaces:/home/jnu/go2_ws/install/go2_description:/opt/ros/humble LD_LIBRARY_PATH=/home/jnu/go2_ws/install/go2_driver/lib:/home/jnu/go2_ws/install/unitree_go/lib:/home/jnu/go2_ws/install/unitree_api/lib:/home/jnu/go2_ws/install/go2_interfaces/lib:/opt/ros/humble/opt/rviz_ogre_vendor/lib:/opt/ros/humble/lib/x86_64-linux-gnu:/opt/ros/humble/lib:/usr/local/cuda-11.8/lib64 PYTHONPATH=/home/jnu/go2_ws/install/unitree_go/local/lib/python3.10/dist-packages:/home/jnu/go2_ws/install/unitree_api/local/lib/python3.10/dist-packages:/home/jnu/go2_ws/install/go2_interfaces/local/lib/python3.10/dist-packages:${PYTHONPATH} /usr/bin/cmake --install /home/jnu/go2_ws/build/go2_bringup
