/home/jnu/go2_ws/install/go2_robot_sdk/lib/python3.10/site-packages/go2_robot_sdk/__init__.py
/home/jnu/go2_ws/install/go2_robot_sdk/lib/python3.10/site-packages/go2_robot_sdk/main.py
/home/jnu/go2_ws/install/go2_robot_sdk/lib/python3.10/site-packages/go2_robot_sdk/application/__init__.py
/home/jnu/go2_ws/install/go2_robot_sdk/lib/python3.10/site-packages/go2_robot_sdk/domain/__init__.py
/home/jnu/go2_ws/install/go2_robot_sdk/lib/python3.10/site-packages/go2_robot_sdk/presentation/__init__.py
/home/jnu/go2_ws/install/go2_robot_sdk/lib/python3.10/site-packages/go2_robot_sdk/presentation/go2_driver_node.py
/home/jnu/go2_ws/install/go2_robot_sdk/lib/python3.10/site-packages/go2_robot_sdk/infrastructure/__init__.py
/home/jnu/go2_ws/install/go2_robot_sdk/lib/python3.10/site-packages/go2_robot_sdk/application/services/robot_data_service.py
/home/jnu/go2_ws/install/go2_robot_sdk/lib/python3.10/site-packages/go2_robot_sdk/application/services/__init__.py
/home/jnu/go2_ws/install/go2_robot_sdk/lib/python3.10/site-packages/go2_robot_sdk/application/services/robot_control_service.py
/home/jnu/go2_ws/install/go2_robot_sdk/lib/python3.10/site-packages/go2_robot_sdk/application/utils/__init__.py
/home/jnu/go2_ws/install/go2_robot_sdk/lib/python3.10/site-packages/go2_robot_sdk/application/utils/command_generator.py
/home/jnu/go2_ws/install/go2_robot_sdk/lib/python3.10/site-packages/go2_robot_sdk/domain/constants/__init__.py
/home/jnu/go2_ws/install/go2_robot_sdk/lib/python3.10/site-packages/go2_robot_sdk/domain/constants/webrtc_topics.py
/home/jnu/go2_ws/install/go2_robot_sdk/lib/python3.10/site-packages/go2_robot_sdk/domain/constants/robot_commands.py
/home/jnu/go2_ws/install/go2_robot_sdk/lib/python3.10/site-packages/go2_robot_sdk/domain/interfaces/__init__.py
/home/jnu/go2_ws/install/go2_robot_sdk/lib/python3.10/site-packages/go2_robot_sdk/domain/interfaces/robot_controller.py
/home/jnu/go2_ws/install/go2_robot_sdk/lib/python3.10/site-packages/go2_robot_sdk/domain/interfaces/robot_data_publisher.py
/home/jnu/go2_ws/install/go2_robot_sdk/lib/python3.10/site-packages/go2_robot_sdk/domain/interfaces/robot_data_receiver.py
/home/jnu/go2_ws/install/go2_robot_sdk/lib/python3.10/site-packages/go2_robot_sdk/domain/entities/robot_config.py
/home/jnu/go2_ws/install/go2_robot_sdk/lib/python3.10/site-packages/go2_robot_sdk/domain/entities/__init__.py
/home/jnu/go2_ws/install/go2_robot_sdk/lib/python3.10/site-packages/go2_robot_sdk/domain/entities/robot_data.py
/home/jnu/go2_ws/install/go2_robot_sdk/lib/python3.10/site-packages/go2_robot_sdk/domain/math/__init__.py
/home/jnu/go2_ws/install/go2_robot_sdk/lib/python3.10/site-packages/go2_robot_sdk/domain/math/kinematics.py
/home/jnu/go2_ws/install/go2_robot_sdk/lib/python3.10/site-packages/go2_robot_sdk/domain/math/geometry.py
/home/jnu/go2_ws/install/go2_robot_sdk/lib/python3.10/site-packages/go2_robot_sdk/infrastructure/sensors/__init__.py
/home/jnu/go2_ws/install/go2_robot_sdk/lib/python3.10/site-packages/go2_robot_sdk/infrastructure/sensors/camera_config.py
/home/jnu/go2_ws/install/go2_robot_sdk/lib/python3.10/site-packages/go2_robot_sdk/infrastructure/sensors/lidar_decoder.py
/home/jnu/go2_ws/install/go2_robot_sdk/lib/python3.10/site-packages/go2_robot_sdk/infrastructure/ros2/__init__.py
/home/jnu/go2_ws/install/go2_robot_sdk/lib/python3.10/site-packages/go2_robot_sdk/infrastructure/ros2/ros2_publisher.py
/home/jnu/go2_ws/install/go2_robot_sdk/lib/python3.10/site-packages/go2_robot_sdk/infrastructure/webrtc/__init__.py
/home/jnu/go2_ws/install/go2_robot_sdk/lib/python3.10/site-packages/go2_robot_sdk/infrastructure/webrtc/go2_connection.py
/home/jnu/go2_ws/install/go2_robot_sdk/lib/python3.10/site-packages/go2_robot_sdk/infrastructure/webrtc/data_decoder.py
/home/jnu/go2_ws/install/go2_robot_sdk/lib/python3.10/site-packages/go2_robot_sdk/infrastructure/webrtc/webrtc_adapter.py
/home/jnu/go2_ws/install/go2_robot_sdk/lib/python3.10/site-packages/go2_robot_sdk/infrastructure/webrtc/http_client.py
/home/jnu/go2_ws/install/go2_robot_sdk/lib/python3.10/site-packages/go2_robot_sdk/infrastructure/webrtc/crypto/__init__.py
/home/jnu/go2_ws/install/go2_robot_sdk/lib/python3.10/site-packages/go2_robot_sdk/infrastructure/webrtc/crypto/encryption.py
/home/jnu/go2_ws/install/go2_robot_sdk/lib/python3.10/site-packages/go2_robot_sdk/__pycache__/__init__.cpython-310.pyc
/home/jnu/go2_ws/install/go2_robot_sdk/lib/python3.10/site-packages/go2_robot_sdk/__pycache__/main.cpython-310.pyc
/home/jnu/go2_ws/install/go2_robot_sdk/lib/python3.10/site-packages/go2_robot_sdk/application/__pycache__/__init__.cpython-310.pyc
/home/jnu/go2_ws/install/go2_robot_sdk/lib/python3.10/site-packages/go2_robot_sdk/domain/__pycache__/__init__.cpython-310.pyc
/home/jnu/go2_ws/install/go2_robot_sdk/lib/python3.10/site-packages/go2_robot_sdk/presentation/__pycache__/__init__.cpython-310.pyc
/home/jnu/go2_ws/install/go2_robot_sdk/lib/python3.10/site-packages/go2_robot_sdk/presentation/__pycache__/go2_driver_node.cpython-310.pyc
/home/jnu/go2_ws/install/go2_robot_sdk/lib/python3.10/site-packages/go2_robot_sdk/infrastructure/__pycache__/__init__.cpython-310.pyc
/home/jnu/go2_ws/install/go2_robot_sdk/lib/python3.10/site-packages/go2_robot_sdk/application/services/__pycache__/robot_data_service.cpython-310.pyc
/home/jnu/go2_ws/install/go2_robot_sdk/lib/python3.10/site-packages/go2_robot_sdk/application/services/__pycache__/__init__.cpython-310.pyc
/home/jnu/go2_ws/install/go2_robot_sdk/lib/python3.10/site-packages/go2_robot_sdk/application/services/__pycache__/robot_control_service.cpython-310.pyc
/home/jnu/go2_ws/install/go2_robot_sdk/lib/python3.10/site-packages/go2_robot_sdk/application/utils/__pycache__/__init__.cpython-310.pyc
/home/jnu/go2_ws/install/go2_robot_sdk/lib/python3.10/site-packages/go2_robot_sdk/application/utils/__pycache__/command_generator.cpython-310.pyc
/home/jnu/go2_ws/install/go2_robot_sdk/lib/python3.10/site-packages/go2_robot_sdk/domain/constants/__pycache__/__init__.cpython-310.pyc
/home/jnu/go2_ws/install/go2_robot_sdk/lib/python3.10/site-packages/go2_robot_sdk/domain/constants/__pycache__/webrtc_topics.cpython-310.pyc
/home/jnu/go2_ws/install/go2_robot_sdk/lib/python3.10/site-packages/go2_robot_sdk/domain/constants/__pycache__/robot_commands.cpython-310.pyc
/home/jnu/go2_ws/install/go2_robot_sdk/lib/python3.10/site-packages/go2_robot_sdk/domain/interfaces/__pycache__/__init__.cpython-310.pyc
/home/jnu/go2_ws/install/go2_robot_sdk/lib/python3.10/site-packages/go2_robot_sdk/domain/interfaces/__pycache__/robot_controller.cpython-310.pyc
/home/jnu/go2_ws/install/go2_robot_sdk/lib/python3.10/site-packages/go2_robot_sdk/domain/interfaces/__pycache__/robot_data_publisher.cpython-310.pyc
/home/jnu/go2_ws/install/go2_robot_sdk/lib/python3.10/site-packages/go2_robot_sdk/domain/interfaces/__pycache__/robot_data_receiver.cpython-310.pyc
/home/jnu/go2_ws/install/go2_robot_sdk/lib/python3.10/site-packages/go2_robot_sdk/domain/entities/__pycache__/robot_config.cpython-310.pyc
/home/jnu/go2_ws/install/go2_robot_sdk/lib/python3.10/site-packages/go2_robot_sdk/domain/entities/__pycache__/__init__.cpython-310.pyc
/home/jnu/go2_ws/install/go2_robot_sdk/lib/python3.10/site-packages/go2_robot_sdk/domain/entities/__pycache__/robot_data.cpython-310.pyc
/home/jnu/go2_ws/install/go2_robot_sdk/lib/python3.10/site-packages/go2_robot_sdk/domain/math/__pycache__/__init__.cpython-310.pyc
/home/jnu/go2_ws/install/go2_robot_sdk/lib/python3.10/site-packages/go2_robot_sdk/domain/math/__pycache__/kinematics.cpython-310.pyc
/home/jnu/go2_ws/install/go2_robot_sdk/lib/python3.10/site-packages/go2_robot_sdk/domain/math/__pycache__/geometry.cpython-310.pyc
/home/jnu/go2_ws/install/go2_robot_sdk/lib/python3.10/site-packages/go2_robot_sdk/infrastructure/sensors/__pycache__/__init__.cpython-310.pyc
/home/jnu/go2_ws/install/go2_robot_sdk/lib/python3.10/site-packages/go2_robot_sdk/infrastructure/sensors/__pycache__/camera_config.cpython-310.pyc
/home/jnu/go2_ws/install/go2_robot_sdk/lib/python3.10/site-packages/go2_robot_sdk/infrastructure/sensors/__pycache__/lidar_decoder.cpython-310.pyc
/home/jnu/go2_ws/install/go2_robot_sdk/lib/python3.10/site-packages/go2_robot_sdk/infrastructure/ros2/__pycache__/__init__.cpython-310.pyc
/home/jnu/go2_ws/install/go2_robot_sdk/lib/python3.10/site-packages/go2_robot_sdk/infrastructure/ros2/__pycache__/ros2_publisher.cpython-310.pyc
/home/jnu/go2_ws/install/go2_robot_sdk/lib/python3.10/site-packages/go2_robot_sdk/infrastructure/webrtc/__pycache__/__init__.cpython-310.pyc
/home/jnu/go2_ws/install/go2_robot_sdk/lib/python3.10/site-packages/go2_robot_sdk/infrastructure/webrtc/__pycache__/go2_connection.cpython-310.pyc
/home/jnu/go2_ws/install/go2_robot_sdk/lib/python3.10/site-packages/go2_robot_sdk/infrastructure/webrtc/__pycache__/data_decoder.cpython-310.pyc
/home/jnu/go2_ws/install/go2_robot_sdk/lib/python3.10/site-packages/go2_robot_sdk/infrastructure/webrtc/__pycache__/webrtc_adapter.cpython-310.pyc
/home/jnu/go2_ws/install/go2_robot_sdk/lib/python3.10/site-packages/go2_robot_sdk/infrastructure/webrtc/__pycache__/http_client.cpython-310.pyc
/home/jnu/go2_ws/install/go2_robot_sdk/lib/python3.10/site-packages/go2_robot_sdk/infrastructure/webrtc/crypto/__pycache__/__init__.cpython-310.pyc
/home/jnu/go2_ws/install/go2_robot_sdk/lib/python3.10/site-packages/go2_robot_sdk/infrastructure/webrtc/crypto/__pycache__/encryption.cpython-310.pyc
/home/jnu/go2_ws/install/go2_robot_sdk/share/ament_index/resource_index/packages/go2_robot_sdk
/home/jnu/go2_ws/install/go2_robot_sdk/share/go2_robot_sdk/package.xml
/home/jnu/go2_ws/install/go2_robot_sdk/share/go2_robot_sdk/launch/robot.launch.py
/home/jnu/go2_ws/install/go2_robot_sdk/share/go2_robot_sdk/launch/webrtc_web.launch.py
/home/jnu/go2_ws/install/go2_robot_sdk/share/go2_robot_sdk/launch/robot_cpp.launch.py
/home/jnu/go2_ws/install/go2_robot_sdk/share/go2_robot_sdk/urdf/multi_go2.urdf
/home/jnu/go2_ws/install/go2_robot_sdk/share/go2_robot_sdk/urdf/go2_on_steroids.urdf
/home/jnu/go2_ws/install/go2_robot_sdk/share/go2_robot_sdk/urdf/go2_with_realsense.urdf
/home/jnu/go2_ws/install/go2_robot_sdk/share/go2_robot_sdk/urdf/go2.urdf
/home/jnu/go2_ws/install/go2_robot_sdk/share/go2_robot_sdk/dae/base.dae
/home/jnu/go2_ws/install/go2_robot_sdk/share/go2_robot_sdk/dae/calf.dae
/home/jnu/go2_ws/install/go2_robot_sdk/share/go2_robot_sdk/dae/foot.dae
/home/jnu/go2_ws/install/go2_robot_sdk/share/go2_robot_sdk/dae/hip.dae
/home/jnu/go2_ws/install/go2_robot_sdk/share/go2_robot_sdk/dae/thigh.dae
/home/jnu/go2_ws/install/go2_robot_sdk/share/go2_robot_sdk/dae/thigh_mirror.dae
/home/jnu/go2_ws/install/go2_robot_sdk/share/go2_robot_sdk/dae/calf_mirror.dae
/home/jnu/go2_ws/install/go2_robot_sdk/share/go2_robot_sdk/meshes/base.STL
/home/jnu/go2_ws/install/go2_robot_sdk/share/go2_robot_sdk/meshes/right_d_camera.STL
/home/jnu/go2_ws/install/go2_robot_sdk/share/go2_robot_sdk/meshes/lidar_link.STL
/home/jnu/go2_ws/install/go2_robot_sdk/share/go2_robot_sdk/meshes/left_d_camera.STL
/home/jnu/go2_ws/install/go2_robot_sdk/share/go2_robot_sdk/meshes/front_d_camera.STL
/home/jnu/go2_ws/install/go2_robot_sdk/share/go2_robot_sdk/config/twist_mux.yaml
/home/jnu/go2_ws/install/go2_robot_sdk/share/go2_robot_sdk/config/joystick.yaml
/home/jnu/go2_ws/install/go2_robot_sdk/share/go2_robot_sdk/config/mapper_params_online_async.yaml
/home/jnu/go2_ws/install/go2_robot_sdk/share/go2_robot_sdk/config/multi_robot_conf.rviz
/home/jnu/go2_ws/install/go2_robot_sdk/share/go2_robot_sdk/config/single_robot_conf.rviz
/home/jnu/go2_ws/install/go2_robot_sdk/share/go2_robot_sdk/config/cyclonedds_config.rviz
/home/jnu/go2_ws/install/go2_robot_sdk/share/go2_robot_sdk/config/nav2_params.yaml
/home/jnu/go2_ws/install/go2_robot_sdk/share/go2_robot_sdk/calibration/front_camera_1080.yaml
/home/jnu/go2_ws/install/go2_robot_sdk/share/go2_robot_sdk/calibration/front_camera_720.yaml
/home/jnu/go2_ws/install/go2_robot_sdk/share/go2_robot_sdk/external_lib/libvoxel.wasm
/home/jnu/go2_ws/install/go2_robot_sdk/share/go2_robot_sdk/external_lib/aioice
/home/jnu/go2_ws/install/go2_robot_sdk/lib/python3.10/site-packages/go2_robot_sdk-0.0.0-py3.10.egg-info/entry_points.txt
/home/jnu/go2_ws/install/go2_robot_sdk/lib/python3.10/site-packages/go2_robot_sdk-0.0.0-py3.10.egg-info/top_level.txt
/home/jnu/go2_ws/install/go2_robot_sdk/lib/python3.10/site-packages/go2_robot_sdk-0.0.0-py3.10.egg-info/SOURCES.txt
/home/jnu/go2_ws/install/go2_robot_sdk/lib/python3.10/site-packages/go2_robot_sdk-0.0.0-py3.10.egg-info/requires.txt
/home/jnu/go2_ws/install/go2_robot_sdk/lib/python3.10/site-packages/go2_robot_sdk-0.0.0-py3.10.egg-info/zip-safe
/home/jnu/go2_ws/install/go2_robot_sdk/lib/python3.10/site-packages/go2_robot_sdk-0.0.0-py3.10.egg-info/PKG-INFO
/home/jnu/go2_ws/install/go2_robot_sdk/lib/python3.10/site-packages/go2_robot_sdk-0.0.0-py3.10.egg-info/dependency_links.txt
/home/jnu/go2_ws/install/go2_robot_sdk/lib/go2_robot_sdk/go2_driver_node
