[0.006s] Invoking command in '/home/jnu/go2_ws/build/unitree_go': CONDA_PROMPT_MODIFIER=(base) /home/jnu/anaconda3/bin/cmake /home/jnu/go2_ws/src/unitree_go -DCMAKE_INSTALL_PREFIX=/home/jnu/go2_ws/install/unitree_go
[0.082s] -- The C compiler identification is GNU 11.4.0
[0.117s] -- The CXX compiler identification is GNU 11.4.0
[0.122s] -- Detecting C compiler ABI info
[0.165s] -- Detecting C compiler ABI info - done
[0.169s] -- Check for working C compiler: /usr/bin/cc - skipped
[0.169s] -- Detecting C compile features
[0.169s] -- Detecting C compile features - done
[0.171s] -- Detecting CXX compiler ABI info
[0.210s] -- Detecting CXX compiler ABI info - done
[0.214s] -- Check for working CXX compiler: /usr/bin/c++ - skipped
[0.214s] -- Detecting CXX compile features
[0.215s] -- Detecting CXX compile features - done
[0.215s] -- Found ament_cmake: 1.3.12 (/opt/ros/humble/share/ament_cmake/cmake)
[0.280s] Traceback (most recent call last):
[0.280s]   File "/opt/ros/humble/share/ament_cmake_core/cmake/package_templates/templates_2_cmake.py", line 21, in <module>
[0.280s]     from ament_package.templates import get_environment_hook_template_path
[0.280s] ModuleNotFoundError: No module named 'ament_package'
[0.286s] CMake Error at /opt/ros/humble/share/ament_cmake_core/cmake/ament_cmake_package_templates-extras.cmake:41 (message):
[0.286s]   execute_process(/usr/bin/python3
[0.286s]   /opt/ros/humble/share/ament_cmake_core/cmake/package_templates/templates_2_cmake.py
[0.286s]   /home/jnu/go2_ws/build/unitree_go/ament_cmake_package_templates/templates.cmake)
[0.286s]   returned error code 1
[0.286s] Call Stack (most recent call first):
[0.286s]   /opt/ros/humble/share/ament_cmake_core/cmake/ament_cmake_coreConfig.cmake:41 (include)
[0.286s]   /opt/ros/humble/share/ament_cmake/cmake/ament_cmake_export_dependencies-extras.cmake:15 (find_package)
[0.286s]   /opt/ros/humble/share/ament_cmake/cmake/ament_cmakeConfig.cmake:41 (include)
[0.286s]   CMakeLists.txt:19 (find_package)
[0.286s] 
[0.286s] 
[0.286s] -- Configuring incomplete, errors occurred!
[0.286s] See also "/home/jnu/go2_ws/build/unitree_go/CMakeFiles/CMakeOutput.log".
[0.288s] Invoked command in '/home/jnu/go2_ws/build/unitree_go' returned '1': CONDA_PROMPT_MODIFIER=(base) /home/jnu/anaconda3/bin/cmake /home/jnu/go2_ws/src/unitree_go -DCMAKE_INSTALL_PREFIX=/home/jnu/go2_ws/install/unitree_go
