[0.007s] Invoking command in '/home/jnu/go2_ws/build/unitree_api': CMAKE_PREFIX_PATH=/opt/ros/humble /usr/bin/cmake /home/jnu/go2_ws/src/unitree_api -DAMENT_CMAKE_SYMLINK_INSTALL=1 -DCMAKE_INSTALL_PREFIX=/home/jnu/go2_ws/install/unitree_api
[0.040s] -- The C compiler identification is GNU 11.4.0
[0.072s] -- The CXX compiler identification is GNU 11.4.0
[0.077s] -- Detecting C compiler ABI info
[0.118s] -- Detecting C compiler ABI info - done
[0.124s] -- Check for working C compiler: /usr/bin/cc - skipped
[0.124s] -- Detecting C compile features
[0.124s] -- Detecting C compile features - done
[0.126s] -- Detecting CXX compiler ABI info
[0.166s] -- Detecting CXX compiler ABI info - done
[0.170s] -- Check for working CXX compiler: /usr/bin/c++ - skipped
[0.170s] -- Detecting CXX compile features
[0.170s] -- Detecting CXX compile features - done
[0.171s] -- Found ament_cmake: 1.3.12 (/opt/ros/humble/share/ament_cmake/cmake)
[0.257s] -- Found Python3: /usr/bin/python3 (found version "3.10.12") found components: Interpreter 
[0.290s] -- Override CMake install command with custom implementation using symlinks instead of copying resources
[0.305s] -- Found geometry_msgs: 4.9.0 (/opt/ros/humble/share/geometry_msgs/cmake)
[0.324s] -- Found rosidl_generator_c: 3.1.7 (/opt/ros/humble/share/rosidl_generator_c/cmake)
[0.326s] -- Found rosidl_adapter: 3.1.7 (/opt/ros/humble/share/rosidl_adapter/cmake)
[0.329s] -- Found rosidl_generator_cpp: 3.1.7 (/opt/ros/humble/share/rosidl_generator_cpp/cmake)
[0.334s] -- Using all available rosidl_typesupport_c: rosidl_typesupport_fastrtps_c;rosidl_typesupport_introspection_c
[0.342s] -- Using all available rosidl_typesupport_cpp: rosidl_typesupport_fastrtps_cpp;rosidl_typesupport_introspection_cpp
[0.359s] -- Found rosidl_default_generators: 1.2.0 (/opt/ros/humble/share/rosidl_default_generators/cmake)
[0.363s] -- Found rosidl_generator_dds_idl: 0.8.1 (/opt/ros/humble/share/rosidl_generator_dds_idl/cmake)
[0.529s] -- Found ament_cmake_ros: 0.10.0 (/opt/ros/humble/share/ament_cmake_ros/cmake)
[0.745s] -- Using all available rosidl_typesupport_c: rosidl_typesupport_fastrtps_c;rosidl_typesupport_introspection_c
[0.828s] -- Using all available rosidl_typesupport_cpp: rosidl_typesupport_fastrtps_cpp;rosidl_typesupport_introspection_cpp
[0.840s] -- Found PythonInterp: /usr/bin/python3 (found suitable version "3.10.12", minimum required is "3.6") 
[0.840s] -- Found python_cmake_module: 0.10.0 (/opt/ros/humble/share/python_cmake_module/cmake)
[0.855s] -- Found PythonLibs: /usr/lib/x86_64-linux-gnu/libpython3.10.so (found suitable version "3.10.12", minimum required is "3.5") 
[0.855s] -- Using PYTHON_EXECUTABLE: /usr/bin/python3
[0.855s] -- Using PYTHON_INCLUDE_DIRS: /usr/include/python3.10
[0.855s] -- Using PYTHON_LIBRARIES: /usr/lib/x86_64-linux-gnu/libpython3.10.so
[0.866s] -- Found PythonExtra: .so  
[0.908s] -- Configuring done
[0.928s] -- Generating done
[0.934s] -- Build files have been written to: /home/jnu/go2_ws/build/unitree_api
[0.940s] Invoked command in '/home/jnu/go2_ws/build/unitree_api' returned '0': CMAKE_PREFIX_PATH=/opt/ros/humble /usr/bin/cmake /home/jnu/go2_ws/src/unitree_api -DAMENT_CMAKE_SYMLINK_INSTALL=1 -DCMAKE_INSTALL_PREFIX=/home/jnu/go2_ws/install/unitree_api
[0.941s] Invoking command in '/home/jnu/go2_ws/build/unitree_api': CMAKE_PREFIX_PATH=/opt/ros/humble /usr/bin/cmake --build /home/jnu/go2_ws/build/unitree_api -- -j24 -l24
[0.971s] [  1%] [34m[1mGenerating C code for ROS interfaces[0m
[0.979s] [  3%] Built target ament_cmake_python_symlink_unitree_api
[0.979s] [  3%] [34m[1mGenerating DDS interfaces[0m
[0.979s] [  3%] [34m[1mGenerating C++ code for ROS interfaces[0m
[1.091s] running egg_info
[1.092s] creating unitree_api.egg-info
[1.092s] writing unitree_api.egg-info/PKG-INFO
[1.092s] writing dependency_links to unitree_api.egg-info/dependency_links.txt
[1.092s] writing top-level names to unitree_api.egg-info/top_level.txt
[1.092s] writing manifest file 'unitree_api.egg-info/SOURCES.txt'
[1.093s] reading manifest file 'unitree_api.egg-info/SOURCES.txt'
[1.093s] writing manifest file 'unitree_api.egg-info/SOURCES.txt'
[1.109s] [  3%] Built target ament_cmake_python_build_unitree_api_egg
[1.121s] [  3%] Built target unitree_api__dds_connext_idl
[1.237s] [  5%] [32mBuilding C object CMakeFiles/unitree_api__rosidl_generator_c.dir/rosidl_generator_c/unitree_api/msg/detail/response_status__functions.c.o[0m
[1.237s] [  5%] [32mBuilding C object CMakeFiles/unitree_api__rosidl_generator_c.dir/rosidl_generator_c/unitree_api/msg/detail/response__functions.c.o[0m
[1.238s] [  6%] [32mBuilding C object CMakeFiles/unitree_api__rosidl_generator_c.dir/rosidl_generator_c/unitree_api/msg/detail/request__functions.c.o[0m
[1.238s] [  7%] [32mBuilding C object CMakeFiles/unitree_api__rosidl_generator_c.dir/rosidl_generator_c/unitree_api/msg/detail/request_identity__functions.c.o[0m
[1.239s] [  9%] [32mBuilding C object CMakeFiles/unitree_api__rosidl_generator_c.dir/rosidl_generator_c/unitree_api/msg/detail/request_header__functions.c.o[0m
[1.239s] [ 10%] [32mBuilding C object CMakeFiles/unitree_api__rosidl_generator_c.dir/rosidl_generator_c/unitree_api/msg/detail/request_lease__functions.c.o[0m
[1.239s] [ 11%] [32mBuilding C object CMakeFiles/unitree_api__rosidl_generator_c.dir/rosidl_generator_c/unitree_api/msg/detail/request_policy__functions.c.o[0m
[1.239s] [ 12%] [32mBuilding C object CMakeFiles/unitree_api__rosidl_generator_c.dir/rosidl_generator_c/unitree_api/msg/detail/response_header__functions.c.o[0m
[1.275s] [ 13%] [32m[1mLinking C shared library libunitree_api__rosidl_generator_c.so[0m
[1.292s] [ 13%] Built target unitree_api__cpp
[1.298s] [ 14%] [34m[1mGenerating C++ type support dispatch for ROS interfaces[0m
[1.298s] [ 14%] Built target unitree_api__rosidl_generator_c
[1.300s] [ 17%] [34m[1mGenerating C++ type support for eProsima Fast-RTPS[0m
[1.300s] [ 17%] [34m[1mGenerating C++ introspection for ROS interfaces[0m
[1.303s] [ 19%] [34m[1mGenerating C introspection for ROS interfaces[0m
[1.303s] [ 19%] [34m[1mGenerating C type support dispatch for ROS interfaces[0m
[1.305s] [ 20%] [34m[1mGenerating C type support for eProsima Fast-RTPS[0m
[1.514s] [ 22%] [32mBuilding C object CMakeFiles/unitree_api__rosidl_typesupport_introspection_c.dir/rosidl_typesupport_introspection_c/unitree_api/msg/detail/request_header__type_support.c.o[0m
[1.514s] [ 22%] [32mBuilding C object CMakeFiles/unitree_api__rosidl_typesupport_introspection_c.dir/rosidl_typesupport_introspection_c/unitree_api/msg/detail/request__type_support.c.o[0m
[1.514s] [ 23%] [32mBuilding C object CMakeFiles/unitree_api__rosidl_typesupport_introspection_c.dir/rosidl_typesupport_introspection_c/unitree_api/msg/detail/request_identity__type_support.c.o[0m
[1.514s] [ 25%] [32mBuilding C object CMakeFiles/unitree_api__rosidl_typesupport_introspection_c.dir/rosidl_typesupport_introspection_c/unitree_api/msg/detail/response__type_support.c.o[0m
[1.514s] [ 26%] [32mBuilding C object CMakeFiles/unitree_api__rosidl_typesupport_introspection_c.dir/rosidl_typesupport_introspection_c/unitree_api/msg/detail/request_lease__type_support.c.o[0m
[1.514s] [ 27%] [32mBuilding C object CMakeFiles/unitree_api__rosidl_typesupport_introspection_c.dir/rosidl_typesupport_introspection_c/unitree_api/msg/detail/response_header__type_support.c.o[0m
[1.515s] [ 28%] [32mBuilding C object CMakeFiles/unitree_api__rosidl_typesupport_introspection_c.dir/rosidl_typesupport_introspection_c/unitree_api/msg/detail/request_policy__type_support.c.o[0m
[1.519s] [ 29%] [32mBuilding C object CMakeFiles/unitree_api__rosidl_typesupport_introspection_c.dir/rosidl_typesupport_introspection_c/unitree_api/msg/detail/response_status__type_support.c.o[0m
[1.528s] [ 30%] [32mBuilding CXX object CMakeFiles/unitree_api__rosidl_typesupport_cpp.dir/rosidl_typesupport_cpp/unitree_api/msg/request__type_support.cpp.o[0m
[1.528s] [ 31%] [32mBuilding CXX object CMakeFiles/unitree_api__rosidl_typesupport_cpp.dir/rosidl_typesupport_cpp/unitree_api/msg/request_header__type_support.cpp.o[0m
[1.528s] [ 32%] [32mBuilding CXX object CMakeFiles/unitree_api__rosidl_typesupport_cpp.dir/rosidl_typesupport_cpp/unitree_api/msg/request_identity__type_support.cpp.o[0m
[1.530s] [ 34%] [32mBuilding CXX object CMakeFiles/unitree_api__rosidl_typesupport_cpp.dir/rosidl_typesupport_cpp/unitree_api/msg/response__type_support.cpp.o[0m
[1.530s] [ 35%] [32mBuilding CXX object CMakeFiles/unitree_api__rosidl_typesupport_cpp.dir/rosidl_typesupport_cpp/unitree_api/msg/request_lease__type_support.cpp.o[0m
[1.530s] [ 36%] [32mBuilding CXX object CMakeFiles/unitree_api__rosidl_typesupport_cpp.dir/rosidl_typesupport_cpp/unitree_api/msg/request_policy__type_support.cpp.o[0m
[1.531s] [ 37%] [32mBuilding CXX object CMakeFiles/unitree_api__rosidl_typesupport_cpp.dir/rosidl_typesupport_cpp/unitree_api/msg/response_header__type_support.cpp.o[0m
[1.532s] [ 38%] [32mBuilding CXX object CMakeFiles/unitree_api__rosidl_typesupport_cpp.dir/rosidl_typesupport_cpp/unitree_api/msg/response_status__type_support.cpp.o[0m
[1.543s] [ 42%] [32mBuilding CXX object CMakeFiles/unitree_api__rosidl_typesupport_fastrtps_cpp.dir/rosidl_typesupport_fastrtps_cpp/unitree_api/msg/detail/dds_fastrtps/request_header__type_support.cpp.o[0m
[1.543s] [ 42%] [32mBuilding CXX object CMakeFiles/unitree_api__rosidl_typesupport_fastrtps_c.dir/rosidl_typesupport_fastrtps_c/unitree_api/msg/detail/request__type_support_c.cpp.o[0m
[1.543s] [ 42%] [32mBuilding CXX object CMakeFiles/unitree_api__rosidl_typesupport_fastrtps_cpp.dir/rosidl_typesupport_fastrtps_cpp/unitree_api/msg/detail/dds_fastrtps/request_identity__type_support.cpp.o[0m
[1.543s] [ 43%] [32mBuilding CXX object CMakeFiles/unitree_api__rosidl_typesupport_fastrtps_c.dir/rosidl_typesupport_fastrtps_c/unitree_api/msg/detail/request_header__type_support_c.cpp.o[0m
[1.544s] [ 44%] [32mBuilding CXX object CMakeFiles/unitree_api__rosidl_typesupport_fastrtps_c.dir/rosidl_typesupport_fastrtps_c/unitree_api/msg/detail/request_lease__type_support_c.cpp.o[0m
[1.544s] [ 45%] [32mBuilding CXX object CMakeFiles/unitree_api__rosidl_typesupport_fastrtps_c.dir/rosidl_typesupport_fastrtps_c/unitree_api/msg/detail/request_identity__type_support_c.cpp.o[0m
[1.544s] [ 46%] [32mBuilding CXX object CMakeFiles/unitree_api__rosidl_typesupport_fastrtps_c.dir/rosidl_typesupport_fastrtps_c/unitree_api/msg/detail/response__type_support_c.cpp.o[0m
[1.545s] [ 47%] [32mBuilding CXX object CMakeFiles/unitree_api__rosidl_typesupport_fastrtps_c.dir/rosidl_typesupport_fastrtps_c/unitree_api/msg/detail/response_header__type_support_c.cpp.o[0m
[1.545s] [ 48%] [32mBuilding CXX object CMakeFiles/unitree_api__rosidl_typesupport_fastrtps_cpp.dir/rosidl_typesupport_fastrtps_cpp/unitree_api/msg/detail/dds_fastrtps/request__type_support.cpp.o[0m
[1.547s] [ 50%] [32mBuilding CXX object CMakeFiles/unitree_api__rosidl_typesupport_fastrtps_c.dir/rosidl_typesupport_fastrtps_c/unitree_api/msg/detail/request_policy__type_support_c.cpp.o[0m
[1.549s] [ 51%] [32mBuilding CXX object CMakeFiles/unitree_api__rosidl_typesupport_fastrtps_cpp.dir/rosidl_typesupport_fastrtps_cpp/unitree_api/msg/detail/dds_fastrtps/request_lease__type_support.cpp.o[0m
[1.551s] [ 52%] [32mBuilding CXX object CMakeFiles/unitree_api__rosidl_typesupport_fastrtps_cpp.dir/rosidl_typesupport_fastrtps_cpp/unitree_api/msg/detail/dds_fastrtps/request_policy__type_support.cpp.o[0m
[1.552s] [ 53%] [32mBuilding CXX object CMakeFiles/unitree_api__rosidl_typesupport_fastrtps_cpp.dir/rosidl_typesupport_fastrtps_cpp/unitree_api/msg/detail/dds_fastrtps/response__type_support.cpp.o[0m
[1.555s] [ 54%] [32m[1mLinking C shared library libunitree_api__rosidl_typesupport_introspection_c.so[0m
[1.587s] [ 54%] Built target unitree_api__rosidl_typesupport_introspection_c
[1.630s] [ 55%] [32mBuilding CXX object CMakeFiles/unitree_api__rosidl_typesupport_fastrtps_c.dir/rosidl_typesupport_fastrtps_c/unitree_api/msg/detail/response_status__type_support_c.cpp.o[0m
[1.670s] [ 56%] [32mBuilding CXX object CMakeFiles/unitree_api__rosidl_typesupport_c.dir/rosidl_typesupport_c/unitree_api/msg/request__type_support.cpp.o[0m
[1.731s] [ 57%] [32mBuilding CXX object CMakeFiles/unitree_api__rosidl_typesupport_c.dir/rosidl_typesupport_c/unitree_api/msg/request_header__type_support.cpp.o[0m
[1.750s] [ 59%] [32mBuilding CXX object CMakeFiles/unitree_api__rosidl_typesupport_c.dir/rosidl_typesupport_c/unitree_api/msg/request_identity__type_support.cpp.o[0m
[1.750s] [ 60%] [32mBuilding CXX object CMakeFiles/unitree_api__rosidl_typesupport_fastrtps_cpp.dir/rosidl_typesupport_fastrtps_cpp/unitree_api/msg/detail/dds_fastrtps/response_status__type_support.cpp.o[0m
[1.754s] [ 61%] [32mBuilding CXX object CMakeFiles/unitree_api__rosidl_typesupport_fastrtps_cpp.dir/rosidl_typesupport_fastrtps_cpp/unitree_api/msg/detail/dds_fastrtps/response_header__type_support.cpp.o[0m
[1.782s] [ 62%] [32mBuilding CXX object CMakeFiles/unitree_api__rosidl_typesupport_c.dir/rosidl_typesupport_c/unitree_api/msg/request_lease__type_support.cpp.o[0m
[1.785s] [ 63%] [32mBuilding CXX object CMakeFiles/unitree_api__rosidl_typesupport_c.dir/rosidl_typesupport_c/unitree_api/msg/request_policy__type_support.cpp.o[0m
[1.786s] [ 64%] [32mBuilding CXX object CMakeFiles/unitree_api__rosidl_typesupport_c.dir/rosidl_typesupport_c/unitree_api/msg/response__type_support.cpp.o[0m
[1.791s] [ 65%] [32mBuilding CXX object CMakeFiles/unitree_api__rosidl_typesupport_c.dir/rosidl_typesupport_c/unitree_api/msg/response_header__type_support.cpp.o[0m
[1.802s] [ 67%] [32mBuilding CXX object CMakeFiles/unitree_api__rosidl_typesupport_introspection_cpp.dir/rosidl_typesupport_introspection_cpp/unitree_api/msg/detail/request__type_support.cpp.o[0m
[1.810s] [ 68%] [32mBuilding CXX object CMakeFiles/unitree_api__rosidl_typesupport_introspection_cpp.dir/rosidl_typesupport_introspection_cpp/unitree_api/msg/detail/request_header__type_support.cpp.o[0m
[1.820s] [ 69%] [32mBuilding CXX object CMakeFiles/unitree_api__rosidl_typesupport_introspection_cpp.dir/rosidl_typesupport_introspection_cpp/unitree_api/msg/detail/request_identity__type_support.cpp.o[0m
[1.822s] [ 70%] [32mBuilding CXX object CMakeFiles/unitree_api__rosidl_typesupport_c.dir/rosidl_typesupport_c/unitree_api/msg/response_status__type_support.cpp.o[0m
[1.826s] [ 71%] [32mBuilding CXX object CMakeFiles/unitree_api__rosidl_typesupport_introspection_cpp.dir/rosidl_typesupport_introspection_cpp/unitree_api/msg/detail/request_lease__type_support.cpp.o[0m
[1.832s] [ 73%] [32mBuilding CXX object CMakeFiles/unitree_api__rosidl_typesupport_introspection_cpp.dir/rosidl_typesupport_introspection_cpp/unitree_api/msg/detail/request_policy__type_support.cpp.o[0m
[1.832s] [ 73%] [32mBuilding CXX object CMakeFiles/unitree_api__rosidl_typesupport_introspection_cpp.dir/rosidl_typesupport_introspection_cpp/unitree_api/msg/detail/response__type_support.cpp.o[0m
[1.841s] [ 75%] [32mBuilding CXX object CMakeFiles/unitree_api__rosidl_typesupport_introspection_cpp.dir/rosidl_typesupport_introspection_cpp/unitree_api/msg/detail/response_header__type_support.cpp.o[0m
[1.850s] [ 76%] [32mBuilding CXX object CMakeFiles/unitree_api__rosidl_typesupport_introspection_cpp.dir/rosidl_typesupport_introspection_cpp/unitree_api/msg/detail/response_status__type_support.cpp.o[0m
[1.874s] [ 77%] [32m[1mLinking CXX shared library libunitree_api__rosidl_typesupport_c.so[0m
[1.894s] [ 78%] [32m[1mLinking CXX shared library libunitree_api__rosidl_typesupport_cpp.so[0m
[1.914s] [ 78%] Built target unitree_api__rosidl_typesupport_c
[1.932s] [ 78%] Built target unitree_api__rosidl_typesupport_cpp
[1.943s] [ 79%] [32m[1mLinking CXX shared library libunitree_api__rosidl_typesupport_fastrtps_c.so[0m
[2.015s] [ 79%] Built target unitree_api__rosidl_typesupport_fastrtps_c
[2.115s] [ 80%] [32m[1mLinking CXX shared library libunitree_api__rosidl_typesupport_fastrtps_cpp.so[0m
[2.224s] [ 80%] Built target unitree_api__rosidl_typesupport_fastrtps_cpp
[2.232s] [ 81%] [32m[1mLinking CXX shared library libunitree_api__rosidl_typesupport_introspection_cpp.so[0m
[2.312s] [ 81%] Built target unitree_api__rosidl_typesupport_introspection_cpp
[2.331s] [ 81%] Built target unitree_api
[2.346s] [ 82%] [34m[1mGenerating Python code for ROS interfaces[0m
[2.701s] [ 82%] Built target unitree_api__py
[2.712s] [ 84%] [32mBuilding C object CMakeFiles/unitree_api__rosidl_generator_py.dir/rosidl_generator_py/unitree_api/msg/_request_policy_s.c.o[0m
[2.713s] [ 85%] [32mBuilding C object CMakeFiles/unitree_api__rosidl_generator_py.dir/rosidl_generator_py/unitree_api/msg/_request_header_s.c.o[0m
[2.713s] [ 87%] [32mBuilding C object CMakeFiles/unitree_api__rosidl_generator_py.dir/rosidl_generator_py/unitree_api/msg/_response_s.c.o[0m
[2.713s] [ 87%] [32mBuilding C object CMakeFiles/unitree_api__rosidl_generator_py.dir/rosidl_generator_py/unitree_api/msg/_request_identity_s.c.o[0m
[2.713s] [ 89%] [32mBuilding C object CMakeFiles/unitree_api__rosidl_generator_py.dir/rosidl_generator_py/unitree_api/msg/_request_lease_s.c.o[0m
[2.713s] [ 89%] [32mBuilding C object CMakeFiles/unitree_api__rosidl_generator_py.dir/rosidl_generator_py/unitree_api/msg/_request_s.c.o[0m
[2.713s] [ 90%] [32mBuilding C object CMakeFiles/unitree_api__rosidl_generator_py.dir/rosidl_generator_py/unitree_api/msg/_response_header_s.c.o[0m
[2.714s] [ 92%] [32mBuilding C object CMakeFiles/unitree_api__rosidl_generator_py.dir/rosidl_generator_py/unitree_api/msg/_response_status_s.c.o[0m
[2.846s] [ 93%] [32m[1mLinking C shared library rosidl_generator_py/unitree_api/libunitree_api__rosidl_generator_py.so[0m
[2.960s] [ 93%] Built target unitree_api__rosidl_generator_py
[3.000s] [ 94%] [32mBuilding C object CMakeFiles/unitree_api__rosidl_typesupport_fastrtps_c__pyext.dir/rosidl_generator_py/unitree_api/_unitree_api_s.ep.rosidl_typesupport_fastrtps_c.c.o[0m
[3.015s] [ 95%] [32mBuilding C object CMakeFiles/unitree_api__rosidl_typesupport_introspection_c__pyext.dir/rosidl_generator_py/unitree_api/_unitree_api_s.ep.rosidl_typesupport_introspection_c.c.o[0m
[3.034s] [ 96%] [32mBuilding C object CMakeFiles/unitree_api__rosidl_typesupport_c__pyext.dir/rosidl_generator_py/unitree_api/_unitree_api_s.ep.rosidl_typesupport_c.c.o[0m
[3.216s] [ 97%] [32m[1mLinking C shared library rosidl_generator_py/unitree_api/unitree_api_s__rosidl_typesupport_introspection_c.cpython-310-x86_64-linux-gnu.so[0m
[3.219s] [ 98%] [32m[1mLinking C shared library rosidl_generator_py/unitree_api/unitree_api_s__rosidl_typesupport_c.cpython-310-x86_64-linux-gnu.so[0m
[3.235s] [100%] [32m[1mLinking C shared library rosidl_generator_py/unitree_api/unitree_api_s__rosidl_typesupport_fastrtps_c.cpython-310-x86_64-linux-gnu.so[0m
[3.310s] [100%] Built target unitree_api__rosidl_typesupport_c__pyext
[3.340s] [100%] Built target unitree_api__rosidl_typesupport_introspection_c__pyext
[3.351s] [100%] Built target unitree_api__rosidl_typesupport_fastrtps_c__pyext
[3.391s] Invoked command in '/home/jnu/go2_ws/build/unitree_api' returned '0': CMAKE_PREFIX_PATH=/opt/ros/humble /usr/bin/cmake --build /home/jnu/go2_ws/build/unitree_api -- -j24 -l24
[3.395s] Invoking command in '/home/jnu/go2_ws/build/unitree_api': CMAKE_PREFIX_PATH=/opt/ros/humble /usr/bin/cmake --install /home/jnu/go2_ws/build/unitree_api
[3.407s] -- Install configuration: ""
[3.411s] -- Execute custom install script
[3.411s] -- Symlinking: /home/jnu/go2_ws/install/unitree_api/share/ament_index/resource_index/rosidl_interfaces/unitree_api
[3.435s] -- Symlinking: /home/jnu/go2_ws/install/unitree_api/include/unitree_api/unitree_api/msg/detail/request__functions.h
[3.456s] -- Symlinking: /home/jnu/go2_ws/install/unitree_api/include/unitree_api/unitree_api/msg/detail/request__struct.h
[3.485s] -- Symlinking: /home/jnu/go2_ws/install/unitree_api/include/unitree_api/unitree_api/msg/detail/request__type_support.h
[3.506s] -- Symlinking: /home/jnu/go2_ws/install/unitree_api/include/unitree_api/unitree_api/msg/detail/request_header__functions.h
[3.521s] -- Symlinking: /home/jnu/go2_ws/install/unitree_api/include/unitree_api/unitree_api/msg/detail/request_header__struct.h
[3.539s] -- Symlinking: /home/jnu/go2_ws/install/unitree_api/include/unitree_api/unitree_api/msg/detail/request_header__type_support.h
[3.559s] -- Symlinking: /home/jnu/go2_ws/install/unitree_api/include/unitree_api/unitree_api/msg/detail/request_identity__functions.h
[3.605s] -- Symlinking: /home/jnu/go2_ws/install/unitree_api/include/unitree_api/unitree_api/msg/detail/request_identity__struct.h
[3.622s] -- Symlinking: /home/jnu/go2_ws/install/unitree_api/include/unitree_api/unitree_api/msg/detail/request_identity__type_support.h
[3.650s] -- Symlinking: /home/jnu/go2_ws/install/unitree_api/include/unitree_api/unitree_api/msg/detail/request_lease__functions.h
[3.672s] -- Symlinking: /home/jnu/go2_ws/install/unitree_api/include/unitree_api/unitree_api/msg/detail/request_lease__struct.h
[3.681s] -- Symlinking: /home/jnu/go2_ws/install/unitree_api/include/unitree_api/unitree_api/msg/detail/request_lease__type_support.h
[3.694s] -- Symlinking: /home/jnu/go2_ws/install/unitree_api/include/unitree_api/unitree_api/msg/detail/request_policy__functions.h
[3.711s] -- Symlinking: /home/jnu/go2_ws/install/unitree_api/include/unitree_api/unitree_api/msg/detail/request_policy__struct.h
[3.732s] -- Symlinking: /home/jnu/go2_ws/install/unitree_api/include/unitree_api/unitree_api/msg/detail/request_policy__type_support.h
[3.755s] -- Symlinking: /home/jnu/go2_ws/install/unitree_api/include/unitree_api/unitree_api/msg/detail/response__functions.h
[3.773s] -- Symlinking: /home/jnu/go2_ws/install/unitree_api/include/unitree_api/unitree_api/msg/detail/response__struct.h
[3.788s] -- Symlinking: /home/jnu/go2_ws/install/unitree_api/include/unitree_api/unitree_api/msg/detail/response__type_support.h
[3.804s] -- Symlinking: /home/jnu/go2_ws/install/unitree_api/include/unitree_api/unitree_api/msg/detail/response_header__functions.h
[3.820s] -- Symlinking: /home/jnu/go2_ws/install/unitree_api/include/unitree_api/unitree_api/msg/detail/response_header__struct.h
[3.838s] -- Symlinking: /home/jnu/go2_ws/install/unitree_api/include/unitree_api/unitree_api/msg/detail/response_header__type_support.h
[3.862s] -- Symlinking: /home/jnu/go2_ws/install/unitree_api/include/unitree_api/unitree_api/msg/detail/response_status__functions.h
[3.882s] -- Symlinking: /home/jnu/go2_ws/install/unitree_api/include/unitree_api/unitree_api/msg/detail/response_status__struct.h
[3.901s] -- Symlinking: /home/jnu/go2_ws/install/unitree_api/include/unitree_api/unitree_api/msg/detail/response_status__type_support.h
[3.920s] -- Symlinking: /home/jnu/go2_ws/install/unitree_api/include/unitree_api/unitree_api/msg/request.h
[3.942s] -- Symlinking: /home/jnu/go2_ws/install/unitree_api/include/unitree_api/unitree_api/msg/request_header.h
[3.971s] -- Symlinking: /home/jnu/go2_ws/install/unitree_api/include/unitree_api/unitree_api/msg/request_identity.h
[3.991s] -- Symlinking: /home/jnu/go2_ws/install/unitree_api/include/unitree_api/unitree_api/msg/request_lease.h
[4.010s] -- Symlinking: /home/jnu/go2_ws/install/unitree_api/include/unitree_api/unitree_api/msg/request_policy.h
[4.023s] -- Symlinking: /home/jnu/go2_ws/install/unitree_api/include/unitree_api/unitree_api/msg/response.h
[4.051s] -- Symlinking: /home/jnu/go2_ws/install/unitree_api/include/unitree_api/unitree_api/msg/response_header.h
[4.085s] -- Symlinking: /home/jnu/go2_ws/install/unitree_api/include/unitree_api/unitree_api/msg/response_status.h
[4.104s] -- Symlinking: /home/jnu/go2_ws/install/unitree_api/include/unitree_api/unitree_api/msg/rosidl_generator_c__visibility_control.h
[4.119s] -- Symlinking: /home/jnu/go2_ws/install/unitree_api/share/unitree_api/environment/library_path.sh
[4.139s] -- Symlinking: /home/jnu/go2_ws/install/unitree_api/share/unitree_api/environment/library_path.dsv
[4.161s] -- Symlinking: /home/jnu/go2_ws/install/unitree_api/include/unitree_api/unitree_api/msg/detail/request__rosidl_typesupport_fastrtps_c.h
[4.180s] -- Symlinking: /home/jnu/go2_ws/install/unitree_api/include/unitree_api/unitree_api/msg/detail/request_header__rosidl_typesupport_fastrtps_c.h
[4.204s] -- Symlinking: /home/jnu/go2_ws/install/unitree_api/include/unitree_api/unitree_api/msg/detail/request_identity__rosidl_typesupport_fastrtps_c.h
[4.224s] -- Symlinking: /home/jnu/go2_ws/install/unitree_api/include/unitree_api/unitree_api/msg/detail/request_lease__rosidl_typesupport_fastrtps_c.h
[4.243s] -- Symlinking: /home/jnu/go2_ws/install/unitree_api/include/unitree_api/unitree_api/msg/detail/request_policy__rosidl_typesupport_fastrtps_c.h
[4.266s] -- Symlinking: /home/jnu/go2_ws/install/unitree_api/include/unitree_api/unitree_api/msg/detail/response__rosidl_typesupport_fastrtps_c.h
[4.289s] -- Symlinking: /home/jnu/go2_ws/install/unitree_api/include/unitree_api/unitree_api/msg/detail/response_header__rosidl_typesupport_fastrtps_c.h
[4.310s] -- Symlinking: /home/jnu/go2_ws/install/unitree_api/include/unitree_api/unitree_api/msg/detail/response_status__rosidl_typesupport_fastrtps_c.h
[4.332s] -- Symlinking: /home/jnu/go2_ws/install/unitree_api/include/unitree_api/unitree_api/msg/rosidl_typesupport_fastrtps_c__visibility_control.h
[4.356s] -- Symlinking: /home/jnu/go2_ws/install/unitree_api/include/unitree_api/unitree_api/msg/detail/request__builder.hpp
[4.380s] -- Symlinking: /home/jnu/go2_ws/install/unitree_api/include/unitree_api/unitree_api/msg/detail/request__struct.hpp
[4.399s] -- Symlinking: /home/jnu/go2_ws/install/unitree_api/include/unitree_api/unitree_api/msg/detail/request__traits.hpp
[4.422s] -- Symlinking: /home/jnu/go2_ws/install/unitree_api/include/unitree_api/unitree_api/msg/detail/request__type_support.hpp
[4.435s] -- Symlinking: /home/jnu/go2_ws/install/unitree_api/include/unitree_api/unitree_api/msg/detail/request_header__builder.hpp
[4.457s] -- Symlinking: /home/jnu/go2_ws/install/unitree_api/include/unitree_api/unitree_api/msg/detail/request_header__struct.hpp
[4.478s] -- Symlinking: /home/jnu/go2_ws/install/unitree_api/include/unitree_api/unitree_api/msg/detail/request_header__traits.hpp
[4.500s] -- Symlinking: /home/jnu/go2_ws/install/unitree_api/include/unitree_api/unitree_api/msg/detail/request_header__type_support.hpp
[4.529s] -- Symlinking: /home/jnu/go2_ws/install/unitree_api/include/unitree_api/unitree_api/msg/detail/request_identity__builder.hpp
[4.555s] -- Symlinking: /home/jnu/go2_ws/install/unitree_api/include/unitree_api/unitree_api/msg/detail/request_identity__struct.hpp
[4.577s] -- Symlinking: /home/jnu/go2_ws/install/unitree_api/include/unitree_api/unitree_api/msg/detail/request_identity__traits.hpp
[4.594s] -- Symlinking: /home/jnu/go2_ws/install/unitree_api/include/unitree_api/unitree_api/msg/detail/request_identity__type_support.hpp
[4.612s] -- Symlinking: /home/jnu/go2_ws/install/unitree_api/include/unitree_api/unitree_api/msg/detail/request_lease__builder.hpp
[4.627s] -- Symlinking: /home/jnu/go2_ws/install/unitree_api/include/unitree_api/unitree_api/msg/detail/request_lease__struct.hpp
[4.658s] -- Symlinking: /home/jnu/go2_ws/install/unitree_api/include/unitree_api/unitree_api/msg/detail/request_lease__traits.hpp
[4.684s] -- Symlinking: /home/jnu/go2_ws/install/unitree_api/include/unitree_api/unitree_api/msg/detail/request_lease__type_support.hpp
[4.707s] -- Symlinking: /home/jnu/go2_ws/install/unitree_api/include/unitree_api/unitree_api/msg/detail/request_policy__builder.hpp
[4.748s] -- Symlinking: /home/jnu/go2_ws/install/unitree_api/include/unitree_api/unitree_api/msg/detail/request_policy__struct.hpp
[4.773s] -- Symlinking: /home/jnu/go2_ws/install/unitree_api/include/unitree_api/unitree_api/msg/detail/request_policy__traits.hpp
[4.800s] -- Symlinking: /home/jnu/go2_ws/install/unitree_api/include/unitree_api/unitree_api/msg/detail/request_policy__type_support.hpp
[4.815s] -- Symlinking: /home/jnu/go2_ws/install/unitree_api/include/unitree_api/unitree_api/msg/detail/response__builder.hpp
[4.833s] -- Symlinking: /home/jnu/go2_ws/install/unitree_api/include/unitree_api/unitree_api/msg/detail/response__struct.hpp
[4.852s] -- Symlinking: /home/jnu/go2_ws/install/unitree_api/include/unitree_api/unitree_api/msg/detail/response__traits.hpp
[4.873s] -- Symlinking: /home/jnu/go2_ws/install/unitree_api/include/unitree_api/unitree_api/msg/detail/response__type_support.hpp
[4.911s] -- Symlinking: /home/jnu/go2_ws/install/unitree_api/include/unitree_api/unitree_api/msg/detail/response_header__builder.hpp
[4.950s] -- Symlinking: /home/jnu/go2_ws/install/unitree_api/include/unitree_api/unitree_api/msg/detail/response_header__struct.hpp
[4.985s] -- Symlinking: /home/jnu/go2_ws/install/unitree_api/include/unitree_api/unitree_api/msg/detail/response_header__traits.hpp
[5.012s] -- Symlinking: /home/jnu/go2_ws/install/unitree_api/include/unitree_api/unitree_api/msg/detail/response_header__type_support.hpp
[5.046s] -- Symlinking: /home/jnu/go2_ws/install/unitree_api/include/unitree_api/unitree_api/msg/detail/response_status__builder.hpp
[5.069s] -- Symlinking: /home/jnu/go2_ws/install/unitree_api/include/unitree_api/unitree_api/msg/detail/response_status__struct.hpp
[5.090s] -- Symlinking: /home/jnu/go2_ws/install/unitree_api/include/unitree_api/unitree_api/msg/detail/response_status__traits.hpp
[5.126s] -- Symlinking: /home/jnu/go2_ws/install/unitree_api/include/unitree_api/unitree_api/msg/detail/response_status__type_support.hpp
[5.149s] -- Symlinking: /home/jnu/go2_ws/install/unitree_api/include/unitree_api/unitree_api/msg/request.hpp
[5.170s] -- Symlinking: /home/jnu/go2_ws/install/unitree_api/include/unitree_api/unitree_api/msg/request_header.hpp
[5.192s] -- Symlinking: /home/jnu/go2_ws/install/unitree_api/include/unitree_api/unitree_api/msg/request_identity.hpp
[5.212s] -- Symlinking: /home/jnu/go2_ws/install/unitree_api/include/unitree_api/unitree_api/msg/request_lease.hpp
[5.233s] -- Symlinking: /home/jnu/go2_ws/install/unitree_api/include/unitree_api/unitree_api/msg/request_policy.hpp
[5.255s] -- Symlinking: /home/jnu/go2_ws/install/unitree_api/include/unitree_api/unitree_api/msg/response.hpp
[5.272s] -- Symlinking: /home/jnu/go2_ws/install/unitree_api/include/unitree_api/unitree_api/msg/response_header.hpp
[5.304s] -- Symlinking: /home/jnu/go2_ws/install/unitree_api/include/unitree_api/unitree_api/msg/response_status.hpp
[5.327s] -- Symlinking: /home/jnu/go2_ws/install/unitree_api/include/unitree_api/unitree_api/msg/rosidl_generator_cpp__visibility_control.hpp
[5.366s] -- Symlinking: /home/jnu/go2_ws/install/unitree_api/include/unitree_api/unitree_api/msg/detail/request__rosidl_typesupport_fastrtps_cpp.hpp
[5.393s] -- Symlinking: /home/jnu/go2_ws/install/unitree_api/include/unitree_api/unitree_api/msg/detail/request_header__rosidl_typesupport_fastrtps_cpp.hpp
[5.432s] -- Symlinking: /home/jnu/go2_ws/install/unitree_api/include/unitree_api/unitree_api/msg/detail/request_identity__rosidl_typesupport_fastrtps_cpp.hpp
[5.452s] -- Symlinking: /home/jnu/go2_ws/install/unitree_api/include/unitree_api/unitree_api/msg/detail/request_lease__rosidl_typesupport_fastrtps_cpp.hpp
[5.471s] -- Symlinking: /home/jnu/go2_ws/install/unitree_api/include/unitree_api/unitree_api/msg/detail/request_policy__rosidl_typesupport_fastrtps_cpp.hpp
[5.505s] -- Symlinking: /home/jnu/go2_ws/install/unitree_api/include/unitree_api/unitree_api/msg/detail/response__rosidl_typesupport_fastrtps_cpp.hpp
[5.526s] -- Symlinking: /home/jnu/go2_ws/install/unitree_api/include/unitree_api/unitree_api/msg/detail/response_header__rosidl_typesupport_fastrtps_cpp.hpp
[5.551s] -- Symlinking: /home/jnu/go2_ws/install/unitree_api/include/unitree_api/unitree_api/msg/detail/response_status__rosidl_typesupport_fastrtps_cpp.hpp
[5.573s] -- Symlinking: /home/jnu/go2_ws/install/unitree_api/include/unitree_api/unitree_api/msg/rosidl_typesupport_fastrtps_cpp__visibility_control.h
[5.596s] -- Symlinking: /home/jnu/go2_ws/install/unitree_api/include/unitree_api/unitree_api/msg/detail/request__rosidl_typesupport_introspection_c.h
[5.617s] -- Symlinking: /home/jnu/go2_ws/install/unitree_api/include/unitree_api/unitree_api/msg/detail/request_header__rosidl_typesupport_introspection_c.h
[5.646s] -- Symlinking: /home/jnu/go2_ws/install/unitree_api/include/unitree_api/unitree_api/msg/detail/request_identity__rosidl_typesupport_introspection_c.h
[5.680s] -- Symlinking: /home/jnu/go2_ws/install/unitree_api/include/unitree_api/unitree_api/msg/detail/request_lease__rosidl_typesupport_introspection_c.h
[5.700s] -- Symlinking: /home/jnu/go2_ws/install/unitree_api/include/unitree_api/unitree_api/msg/detail/request_policy__rosidl_typesupport_introspection_c.h
[5.723s] -- Symlinking: /home/jnu/go2_ws/install/unitree_api/include/unitree_api/unitree_api/msg/detail/response__rosidl_typesupport_introspection_c.h
[5.765s] -- Symlinking: /home/jnu/go2_ws/install/unitree_api/include/unitree_api/unitree_api/msg/detail/response_header__rosidl_typesupport_introspection_c.h
[5.801s] -- Symlinking: /home/jnu/go2_ws/install/unitree_api/include/unitree_api/unitree_api/msg/detail/response_status__rosidl_typesupport_introspection_c.h
[5.821s] -- Symlinking: /home/jnu/go2_ws/install/unitree_api/include/unitree_api/unitree_api/msg/rosidl_typesupport_introspection_c__visibility_control.h
[5.843s] -- Symlinking: /home/jnu/go2_ws/install/unitree_api/include/unitree_api/unitree_api/msg/detail/request__rosidl_typesupport_introspection_cpp.hpp
[5.857s] -- Symlinking: /home/jnu/go2_ws/install/unitree_api/include/unitree_api/unitree_api/msg/detail/request_header__rosidl_typesupport_introspection_cpp.hpp
[5.870s] -- Symlinking: /home/jnu/go2_ws/install/unitree_api/include/unitree_api/unitree_api/msg/detail/request_identity__rosidl_typesupport_introspection_cpp.hpp
[5.888s] -- Symlinking: /home/jnu/go2_ws/install/unitree_api/include/unitree_api/unitree_api/msg/detail/request_lease__rosidl_typesupport_introspection_cpp.hpp
[5.899s] -- Symlinking: /home/jnu/go2_ws/install/unitree_api/include/unitree_api/unitree_api/msg/detail/request_policy__rosidl_typesupport_introspection_cpp.hpp
[5.907s] -- Symlinking: /home/jnu/go2_ws/install/unitree_api/include/unitree_api/unitree_api/msg/detail/response__rosidl_typesupport_introspection_cpp.hpp
[5.924s] -- Symlinking: /home/jnu/go2_ws/install/unitree_api/include/unitree_api/unitree_api/msg/detail/response_header__rosidl_typesupport_introspection_cpp.hpp
[5.940s] -- Symlinking: /home/jnu/go2_ws/install/unitree_api/include/unitree_api/unitree_api/msg/detail/response_status__rosidl_typesupport_introspection_cpp.hpp
[5.961s] -- Symlinking: /home/jnu/go2_ws/install/unitree_api/share/unitree_api/environment/pythonpath.sh
[5.972s] -- Symlinking: /home/jnu/go2_ws/install/unitree_api/share/unitree_api/environment/pythonpath.dsv
[5.984s] -- Symlinking: /home/jnu/go2_ws/install/unitree_api/local/lib/python3.10/dist-packages/unitree_api-0.0.0-py3.10.egg-info/PKG-INFO
[6.000s] -- Symlinking: /home/jnu/go2_ws/install/unitree_api/local/lib/python3.10/dist-packages/unitree_api-0.0.0-py3.10.egg-info/SOURCES.txt
[6.027s] -- Symlinking: /home/jnu/go2_ws/install/unitree_api/local/lib/python3.10/dist-packages/unitree_api-0.0.0-py3.10.egg-info/dependency_links.txt
[6.053s] -- Symlinking: /home/jnu/go2_ws/install/unitree_api/local/lib/python3.10/dist-packages/unitree_api-0.0.0-py3.10.egg-info/top_level.txt
[6.078s] -- Symlinking: /home/jnu/go2_ws/install/unitree_api/local/lib/python3.10/dist-packages/unitree_api/__init__.py
[6.096s] -- Symlinking: /home/jnu/go2_ws/install/unitree_api/local/lib/python3.10/dist-packages/unitree_api/_unitree_api_s.ep.rosidl_typesupport_c.c
[6.153s] -- Symlinking: /home/jnu/go2_ws/install/unitree_api/local/lib/python3.10/dist-packages/unitree_api/_unitree_api_s.ep.rosidl_typesupport_fastrtps_c.c
[6.170s] -- Symlinking: /home/jnu/go2_ws/install/unitree_api/local/lib/python3.10/dist-packages/unitree_api/_unitree_api_s.ep.rosidl_typesupport_introspection_c.c
[6.179s] -- Symlinking: /home/jnu/go2_ws/install/unitree_api/local/lib/python3.10/dist-packages/unitree_api/libunitree_api__rosidl_generator_py.so
[6.192s] -- Symlinking: /home/jnu/go2_ws/install/unitree_api/local/lib/python3.10/dist-packages/unitree_api/msg/__init__.py
[6.216s] -- Symlinking: /home/jnu/go2_ws/install/unitree_api/local/lib/python3.10/dist-packages/unitree_api/msg/_request.py
[6.230s] -- Symlinking: /home/jnu/go2_ws/install/unitree_api/local/lib/python3.10/dist-packages/unitree_api/msg/_request_header.py
[6.243s] -- Symlinking: /home/jnu/go2_ws/install/unitree_api/local/lib/python3.10/dist-packages/unitree_api/msg/_request_header_s.c
[6.251s] -- Symlinking: /home/jnu/go2_ws/install/unitree_api/local/lib/python3.10/dist-packages/unitree_api/msg/_request_identity.py
[6.259s] -- Symlinking: /home/jnu/go2_ws/install/unitree_api/local/lib/python3.10/dist-packages/unitree_api/msg/_request_identity_s.c
[6.266s] -- Symlinking: /home/jnu/go2_ws/install/unitree_api/local/lib/python3.10/dist-packages/unitree_api/msg/_request_lease.py
[6.272s] -- Symlinking: /home/jnu/go2_ws/install/unitree_api/local/lib/python3.10/dist-packages/unitree_api/msg/_request_lease_s.c
[6.282s] -- Symlinking: /home/jnu/go2_ws/install/unitree_api/local/lib/python3.10/dist-packages/unitree_api/msg/_request_policy.py
[6.288s] -- Symlinking: /home/jnu/go2_ws/install/unitree_api/local/lib/python3.10/dist-packages/unitree_api/msg/_request_policy_s.c
[6.294s] -- Symlinking: /home/jnu/go2_ws/install/unitree_api/local/lib/python3.10/dist-packages/unitree_api/msg/_request_s.c
[6.299s] -- Symlinking: /home/jnu/go2_ws/install/unitree_api/local/lib/python3.10/dist-packages/unitree_api/msg/_response.py
[6.304s] -- Symlinking: /home/jnu/go2_ws/install/unitree_api/local/lib/python3.10/dist-packages/unitree_api/msg/_response_header.py
[6.313s] -- Symlinking: /home/jnu/go2_ws/install/unitree_api/local/lib/python3.10/dist-packages/unitree_api/msg/_response_header_s.c
[6.322s] -- Symlinking: /home/jnu/go2_ws/install/unitree_api/local/lib/python3.10/dist-packages/unitree_api/msg/_response_s.c
[6.328s] -- Symlinking: /home/jnu/go2_ws/install/unitree_api/local/lib/python3.10/dist-packages/unitree_api/msg/_response_status.py
[6.334s] -- Symlinking: /home/jnu/go2_ws/install/unitree_api/local/lib/python3.10/dist-packages/unitree_api/msg/_response_status_s.c
[6.340s] -- Symlinking: /home/jnu/go2_ws/install/unitree_api/local/lib/python3.10/dist-packages/unitree_api/unitree_api_s__rosidl_typesupport_c.cpython-310-x86_64-linux-gnu.so
[6.347s] -- Symlinking: /home/jnu/go2_ws/install/unitree_api/local/lib/python3.10/dist-packages/unitree_api/unitree_api_s__rosidl_typesupport_fastrtps_c.cpython-310-x86_64-linux-gnu.so
[6.352s] -- Symlinking: /home/jnu/go2_ws/install/unitree_api/local/lib/python3.10/dist-packages/unitree_api/unitree_api_s__rosidl_typesupport_introspection_c.cpython-310-x86_64-linux-gnu.so
[6.360s] -- Up-to-date symlink: /home/jnu/go2_ws/install/unitree_api/local/lib/python3.10/dist-packages/unitree_api/unitree_api_s__rosidl_typesupport_fastrtps_c.cpython-310-x86_64-linux-gnu.so
[6.360s] -- Up-to-date symlink: /home/jnu/go2_ws/install/unitree_api/local/lib/python3.10/dist-packages/unitree_api/unitree_api_s__rosidl_typesupport_introspection_c.cpython-310-x86_64-linux-gnu.so
[6.360s] -- Up-to-date symlink: /home/jnu/go2_ws/install/unitree_api/local/lib/python3.10/dist-packages/unitree_api/unitree_api_s__rosidl_typesupport_c.cpython-310-x86_64-linux-gnu.so
[6.360s] -- Symlinking: /home/jnu/go2_ws/install/unitree_api/share/unitree_api/msg/Request.idl
[6.367s] -- Symlinking: /home/jnu/go2_ws/install/unitree_api/share/unitree_api/msg/RequestHeader.idl
[6.372s] -- Symlinking: /home/jnu/go2_ws/install/unitree_api/share/unitree_api/msg/RequestIdentity.idl
[6.377s] -- Symlinking: /home/jnu/go2_ws/install/unitree_api/share/unitree_api/msg/RequestLease.idl
[6.381s] -- Symlinking: /home/jnu/go2_ws/install/unitree_api/share/unitree_api/msg/RequestPolicy.idl
[6.385s] -- Symlinking: /home/jnu/go2_ws/install/unitree_api/share/unitree_api/msg/Response.idl
[6.391s] -- Symlinking: /home/jnu/go2_ws/install/unitree_api/share/unitree_api/msg/ResponseHeader.idl
[6.397s] -- Symlinking: /home/jnu/go2_ws/install/unitree_api/share/unitree_api/msg/ResponseStatus.idl
[6.402s] -- Symlinking: /home/jnu/go2_ws/install/unitree_api/share/unitree_api/msg/Request.msg
[6.408s] -- Symlinking: /home/jnu/go2_ws/install/unitree_api/share/unitree_api/msg/RequestHeader.msg
[6.414s] -- Symlinking: /home/jnu/go2_ws/install/unitree_api/share/unitree_api/msg/RequestIdentity.msg
[6.420s] -- Symlinking: /home/jnu/go2_ws/install/unitree_api/share/unitree_api/msg/RequestLease.msg
[6.425s] -- Symlinking: /home/jnu/go2_ws/install/unitree_api/share/unitree_api/msg/RequestPolicy.msg
[6.432s] -- Symlinking: /home/jnu/go2_ws/install/unitree_api/share/unitree_api/msg/Response.msg
[6.438s] -- Symlinking: /home/jnu/go2_ws/install/unitree_api/share/unitree_api/msg/ResponseHeader.msg
[6.443s] -- Symlinking: /home/jnu/go2_ws/install/unitree_api/share/unitree_api/msg/ResponseStatus.msg
[6.450s] -- Symlinking: /home/jnu/go2_ws/install/unitree_api/share/unitree_api/msg/dds_connext/RequestHeader_.idl
[6.456s] -- Symlinking: /home/jnu/go2_ws/install/unitree_api/share/unitree_api/msg/dds_connext/RequestIdentity_.idl
[6.461s] -- Symlinking: /home/jnu/go2_ws/install/unitree_api/share/unitree_api/msg/dds_connext/RequestLease_.idl
[6.466s] -- Symlinking: /home/jnu/go2_ws/install/unitree_api/share/unitree_api/msg/dds_connext/RequestPolicy_.idl
[6.472s] -- Symlinking: /home/jnu/go2_ws/install/unitree_api/share/unitree_api/msg/dds_connext/Request_.idl
[6.478s] -- Symlinking: /home/jnu/go2_ws/install/unitree_api/share/unitree_api/msg/dds_connext/ResponseHeader_.idl
[6.482s] -- Symlinking: /home/jnu/go2_ws/install/unitree_api/share/unitree_api/msg/dds_connext/ResponseStatus_.idl
[6.487s] -- Symlinking: /home/jnu/go2_ws/install/unitree_api/share/unitree_api/msg/dds_connext/Response_.idl
[6.492s] -- Symlinking: /home/jnu/go2_ws/install/unitree_api/share/ament_index/resource_index/package_run_dependencies/unitree_api
[6.498s] -- Symlinking: /home/jnu/go2_ws/install/unitree_api/share/ament_index/resource_index/parent_prefix_path/unitree_api
[6.503s] -- Symlinking: /home/jnu/go2_ws/install/unitree_api/share/unitree_api/environment/ament_prefix_path.sh
[6.509s] -- Symlinking: /home/jnu/go2_ws/install/unitree_api/share/unitree_api/environment/ament_prefix_path.dsv
[6.513s] -- Symlinking: /home/jnu/go2_ws/install/unitree_api/share/unitree_api/environment/path.sh
[6.518s] -- Symlinking: /home/jnu/go2_ws/install/unitree_api/share/unitree_api/environment/path.dsv
[6.526s] -- Symlinking: /home/jnu/go2_ws/install/unitree_api/share/unitree_api/local_setup.bash
[6.535s] -- Symlinking: /home/jnu/go2_ws/install/unitree_api/share/unitree_api/local_setup.sh
[6.543s] -- Symlinking: /home/jnu/go2_ws/install/unitree_api/share/unitree_api/local_setup.zsh
[6.550s] -- Symlinking: /home/jnu/go2_ws/install/unitree_api/share/unitree_api/local_setup.dsv
[6.556s] -- Symlinking: /home/jnu/go2_ws/install/unitree_api/share/unitree_api/package.dsv
[6.565s] -- Symlinking: /home/jnu/go2_ws/install/unitree_api/share/ament_index/resource_index/packages/unitree_api
[6.571s] -- Symlinking: /home/jnu/go2_ws/install/unitree_api/share/unitree_api/cmake/rosidl_cmake-extras.cmake
[6.579s] -- Symlinking: /home/jnu/go2_ws/install/unitree_api/share/unitree_api/cmake/ament_cmake_export_dependencies-extras.cmake
[6.588s] -- Symlinking: /home/jnu/go2_ws/install/unitree_api/share/unitree_api/cmake/ament_cmake_export_include_directories-extras.cmake
[6.595s] -- Symlinking: /home/jnu/go2_ws/install/unitree_api/share/unitree_api/cmake/ament_cmake_export_libraries-extras.cmake
[6.604s] -- Symlinking: /home/jnu/go2_ws/install/unitree_api/share/unitree_api/cmake/ament_cmake_export_targets-extras.cmake
[6.618s] -- Symlinking: /home/jnu/go2_ws/install/unitree_api/share/unitree_api/cmake/rosidl_cmake_export_typesupport_targets-extras.cmake
[6.632s] -- Symlinking: /home/jnu/go2_ws/install/unitree_api/share/unitree_api/cmake/rosidl_cmake_export_typesupport_libraries-extras.cmake
[6.639s] -- Symlinking: /home/jnu/go2_ws/install/unitree_api/share/unitree_api/cmake/unitree_apiConfig.cmake
[6.650s] -- Symlinking: /home/jnu/go2_ws/install/unitree_api/share/unitree_api/cmake/unitree_apiConfig-version.cmake
[6.656s] -- Symlinking: /home/jnu/go2_ws/install/unitree_api/share/unitree_api/package.xml
[6.663s] -- Installing: /home/jnu/go2_ws/install/unitree_api/lib/libunitree_api__rosidl_generator_c.so
[6.663s] -- Set runtime path of "/home/jnu/go2_ws/install/unitree_api/lib/libunitree_api__rosidl_generator_c.so" to ""
[6.663s] -- Installing: /home/jnu/go2_ws/install/unitree_api/lib/libunitree_api__rosidl_typesupport_fastrtps_c.so
[6.664s] -- Set runtime path of "/home/jnu/go2_ws/install/unitree_api/lib/libunitree_api__rosidl_typesupport_fastrtps_c.so" to ""
[6.664s] -- Installing: /home/jnu/go2_ws/install/unitree_api/lib/libunitree_api__rosidl_typesupport_fastrtps_cpp.so
[6.664s] -- Set runtime path of "/home/jnu/go2_ws/install/unitree_api/lib/libunitree_api__rosidl_typesupport_fastrtps_cpp.so" to ""
[6.664s] -- Installing: /home/jnu/go2_ws/install/unitree_api/lib/libunitree_api__rosidl_typesupport_introspection_c.so
[6.664s] -- Set runtime path of "/home/jnu/go2_ws/install/unitree_api/lib/libunitree_api__rosidl_typesupport_introspection_c.so" to ""
[6.664s] -- Installing: /home/jnu/go2_ws/install/unitree_api/lib/libunitree_api__rosidl_typesupport_c.so
[6.664s] -- Set runtime path of "/home/jnu/go2_ws/install/unitree_api/lib/libunitree_api__rosidl_typesupport_c.so" to ""
[6.664s] -- Installing: /home/jnu/go2_ws/install/unitree_api/lib/libunitree_api__rosidl_typesupport_introspection_cpp.so
[6.665s] -- Set runtime path of "/home/jnu/go2_ws/install/unitree_api/lib/libunitree_api__rosidl_typesupport_introspection_cpp.so" to ""
[6.665s] -- Installing: /home/jnu/go2_ws/install/unitree_api/lib/libunitree_api__rosidl_typesupport_cpp.so
[6.665s] -- Set runtime path of "/home/jnu/go2_ws/install/unitree_api/lib/libunitree_api__rosidl_typesupport_cpp.so" to ""
[6.688s] Listing '/home/jnu/go2_ws/install/unitree_api/local/lib/python3.10/dist-packages/unitree_api'...
[6.688s] Compiling '/home/jnu/go2_ws/install/unitree_api/local/lib/python3.10/dist-packages/unitree_api/__init__.py'...
[6.688s] Listing '/home/jnu/go2_ws/install/unitree_api/local/lib/python3.10/dist-packages/unitree_api/msg'...
[6.688s] Compiling '/home/jnu/go2_ws/install/unitree_api/local/lib/python3.10/dist-packages/unitree_api/msg/__init__.py'...
[6.688s] Compiling '/home/jnu/go2_ws/install/unitree_api/local/lib/python3.10/dist-packages/unitree_api/msg/_request.py'...
[6.688s] Compiling '/home/jnu/go2_ws/install/unitree_api/local/lib/python3.10/dist-packages/unitree_api/msg/_request_header.py'...
[6.689s] Compiling '/home/jnu/go2_ws/install/unitree_api/local/lib/python3.10/dist-packages/unitree_api/msg/_request_identity.py'...
[6.689s] Compiling '/home/jnu/go2_ws/install/unitree_api/local/lib/python3.10/dist-packages/unitree_api/msg/_request_lease.py'...
[6.689s] Compiling '/home/jnu/go2_ws/install/unitree_api/local/lib/python3.10/dist-packages/unitree_api/msg/_request_policy.py'...
[6.689s] Compiling '/home/jnu/go2_ws/install/unitree_api/local/lib/python3.10/dist-packages/unitree_api/msg/_response.py'...
[6.689s] Compiling '/home/jnu/go2_ws/install/unitree_api/local/lib/python3.10/dist-packages/unitree_api/msg/_response_header.py'...
[6.689s] Compiling '/home/jnu/go2_ws/install/unitree_api/local/lib/python3.10/dist-packages/unitree_api/msg/_response_status.py'...
[6.691s] -- Installing: /home/jnu/go2_ws/install/unitree_api/lib/libunitree_api__rosidl_generator_py.so
[6.691s] -- Set runtime path of "/home/jnu/go2_ws/install/unitree_api/lib/libunitree_api__rosidl_generator_py.so" to ""
[6.691s] -- Installing: /home/jnu/go2_ws/install/unitree_api/share/unitree_api/cmake/export_unitree_api__rosidl_generator_cExport.cmake
[6.691s] -- Installing: /home/jnu/go2_ws/install/unitree_api/share/unitree_api/cmake/export_unitree_api__rosidl_generator_cExport-noconfig.cmake
[6.692s] -- Installing: /home/jnu/go2_ws/install/unitree_api/share/unitree_api/cmake/export_unitree_api__rosidl_typesupport_fastrtps_cExport.cmake
[6.692s] -- Installing: /home/jnu/go2_ws/install/unitree_api/share/unitree_api/cmake/export_unitree_api__rosidl_typesupport_fastrtps_cExport-noconfig.cmake
[6.692s] -- Installing: /home/jnu/go2_ws/install/unitree_api/share/unitree_api/cmake/export_unitree_api__rosidl_generator_cppExport.cmake
[6.692s] -- Installing: /home/jnu/go2_ws/install/unitree_api/share/unitree_api/cmake/export_unitree_api__rosidl_typesupport_fastrtps_cppExport.cmake
[6.692s] -- Installing: /home/jnu/go2_ws/install/unitree_api/share/unitree_api/cmake/export_unitree_api__rosidl_typesupport_fastrtps_cppExport-noconfig.cmake
[6.692s] -- Installing: /home/jnu/go2_ws/install/unitree_api/share/unitree_api/cmake/unitree_api__rosidl_typesupport_introspection_cExport.cmake
[6.692s] -- Installing: /home/jnu/go2_ws/install/unitree_api/share/unitree_api/cmake/unitree_api__rosidl_typesupport_introspection_cExport-noconfig.cmake
[6.692s] -- Installing: /home/jnu/go2_ws/install/unitree_api/share/unitree_api/cmake/unitree_api__rosidl_typesupport_cExport.cmake
[6.692s] -- Installing: /home/jnu/go2_ws/install/unitree_api/share/unitree_api/cmake/unitree_api__rosidl_typesupport_cExport-noconfig.cmake
[6.692s] -- Installing: /home/jnu/go2_ws/install/unitree_api/share/unitree_api/cmake/unitree_api__rosidl_typesupport_introspection_cppExport.cmake
[6.692s] -- Installing: /home/jnu/go2_ws/install/unitree_api/share/unitree_api/cmake/unitree_api__rosidl_typesupport_introspection_cppExport-noconfig.cmake
[6.692s] -- Installing: /home/jnu/go2_ws/install/unitree_api/share/unitree_api/cmake/unitree_api__rosidl_typesupport_cppExport.cmake
[6.692s] -- Installing: /home/jnu/go2_ws/install/unitree_api/share/unitree_api/cmake/unitree_api__rosidl_typesupport_cppExport-noconfig.cmake
[6.692s] -- Installing: /home/jnu/go2_ws/install/unitree_api/share/unitree_api/cmake/export_unitree_api__rosidl_generator_pyExport.cmake
[6.692s] -- Installing: /home/jnu/go2_ws/install/unitree_api/share/unitree_api/cmake/export_unitree_api__rosidl_generator_pyExport-noconfig.cmake
[6.695s] Invoked command in '/home/jnu/go2_ws/build/unitree_api' returned '0': CMAKE_PREFIX_PATH=/opt/ros/humble /usr/bin/cmake --install /home/jnu/go2_ws/build/unitree_api
