[0.019s] Invoking command in '/home/jnu/go2_ws/build/go2_robot': AMENT_PREFIX_PATH=/home/jnu/go2_ws/install/go2_bringup:/home/jnu/go2_ws/install/go2_driver:/home/jnu/go2_ws/install/unitree_go:/home/jnu/go2_ws/install/unitree_api:/home/jnu/go2_ws/install/go2_rviz:/home/jnu/go2_ws/install/go2_interfaces:/home/jnu/go2_ws/install/go2_description:${AMENT_PREFIX_PATH} CMAKE_PREFIX_PATH=/home/jnu/go2_ws/install/go2_bringup:/home/jnu/go2_ws/install/go2_driver:/home/jnu/go2_ws/install/unitree_go:/home/jnu/go2_ws/install/unitree_api:/home/jnu/go2_ws/install/go2_rviz:/home/jnu/go2_ws/install/go2_interfaces:/home/jnu/go2_ws/install/go2_description:/opt/ros/humble LD_LIBRARY_PATH=/home/jnu/go2_ws/install/go2_driver/lib:/home/jnu/go2_ws/install/unitree_go/lib:/home/jnu/go2_ws/install/unitree_api/lib:/home/jnu/go2_ws/install/go2_interfaces/lib:/opt/ros/humble/opt/rviz_ogre_vendor/lib:/opt/ros/humble/lib/x86_64-linux-gnu:/opt/ros/humble/lib:/usr/local/cuda-11.8/lib64 PYTHONPATH=/home/jnu/go2_ws/install/unitree_go/local/lib/python3.10/dist-packages:/home/jnu/go2_ws/install/unitree_api/local/lib/python3.10/dist-packages:/home/jnu/go2_ws/install/go2_interfaces/local/lib/python3.10/dist-packages:${PYTHONPATH} /usr/bin/cmake /home/jnu/go2_ws/src/go2_robot -DAMENT_CMAKE_SYMLINK_INSTALL=1 -DCMAKE_INSTALL_PREFIX=/home/jnu/go2_ws/install/go2_robot
[0.100s] -- The C compiler identification is GNU 11.4.0
[0.175s] -- The CXX compiler identification is GNU 11.4.0
[0.178s] -- Detecting C compiler ABI info
[0.247s] -- Detecting C compiler ABI info - done
[0.257s] -- Check for working C compiler: /usr/bin/cc - skipped
[0.257s] -- Detecting C compile features
[0.258s] -- Detecting C compile features - done
[0.260s] -- Detecting CXX compiler ABI info
[0.326s] -- Detecting CXX compiler ABI info - done
[0.330s] -- Check for working CXX compiler: /usr/bin/c++ - skipped
[0.331s] -- Detecting CXX compile features
[0.331s] -- Detecting CXX compile features - done
[0.333s] -- Found ament_cmake: 1.3.12 (/opt/ros/humble/share/ament_cmake/cmake)
[0.453s] -- Found Python3: /usr/bin/python3 (found version "3.10.12") found components: Interpreter 
[0.506s] -- Override CMake install command with custom implementation using symlinks instead of copying resources
[0.559s] -- Configuring done
[0.560s] -- Generating done
[0.561s] -- Build files have been written to: /home/jnu/go2_ws/build/go2_robot
[0.564s] Invoked command in '/home/jnu/go2_ws/build/go2_robot' returned '0': AMENT_PREFIX_PATH=/home/jnu/go2_ws/install/go2_bringup:/home/jnu/go2_ws/install/go2_driver:/home/jnu/go2_ws/install/unitree_go:/home/jnu/go2_ws/install/unitree_api:/home/jnu/go2_ws/install/go2_rviz:/home/jnu/go2_ws/install/go2_interfaces:/home/jnu/go2_ws/install/go2_description:${AMENT_PREFIX_PATH} CMAKE_PREFIX_PATH=/home/jnu/go2_ws/install/go2_bringup:/home/jnu/go2_ws/install/go2_driver:/home/jnu/go2_ws/install/unitree_go:/home/jnu/go2_ws/install/unitree_api:/home/jnu/go2_ws/install/go2_rviz:/home/jnu/go2_ws/install/go2_interfaces:/home/jnu/go2_ws/install/go2_description:/opt/ros/humble LD_LIBRARY_PATH=/home/jnu/go2_ws/install/go2_driver/lib:/home/jnu/go2_ws/install/unitree_go/lib:/home/jnu/go2_ws/install/unitree_api/lib:/home/jnu/go2_ws/install/go2_interfaces/lib:/opt/ros/humble/opt/rviz_ogre_vendor/lib:/opt/ros/humble/lib/x86_64-linux-gnu:/opt/ros/humble/lib:/usr/local/cuda-11.8/lib64 PYTHONPATH=/home/jnu/go2_ws/install/unitree_go/local/lib/python3.10/dist-packages:/home/jnu/go2_ws/install/unitree_api/local/lib/python3.10/dist-packages:/home/jnu/go2_ws/install/go2_interfaces/local/lib/python3.10/dist-packages:${PYTHONPATH} /usr/bin/cmake /home/jnu/go2_ws/src/go2_robot -DAMENT_CMAKE_SYMLINK_INSTALL=1 -DCMAKE_INSTALL_PREFIX=/home/jnu/go2_ws/install/go2_robot
[0.564s] Invoking command in '/home/jnu/go2_ws/build/go2_robot': AMENT_PREFIX_PATH=/home/jnu/go2_ws/install/go2_bringup:/home/jnu/go2_ws/install/go2_driver:/home/jnu/go2_ws/install/unitree_go:/home/jnu/go2_ws/install/unitree_api:/home/jnu/go2_ws/install/go2_rviz:/home/jnu/go2_ws/install/go2_interfaces:/home/jnu/go2_ws/install/go2_description:${AMENT_PREFIX_PATH} CMAKE_PREFIX_PATH=/home/jnu/go2_ws/install/go2_bringup:/home/jnu/go2_ws/install/go2_driver:/home/jnu/go2_ws/install/unitree_go:/home/jnu/go2_ws/install/unitree_api:/home/jnu/go2_ws/install/go2_rviz:/home/jnu/go2_ws/install/go2_interfaces:/home/jnu/go2_ws/install/go2_description:/opt/ros/humble LD_LIBRARY_PATH=/home/jnu/go2_ws/install/go2_driver/lib:/home/jnu/go2_ws/install/unitree_go/lib:/home/jnu/go2_ws/install/unitree_api/lib:/home/jnu/go2_ws/install/go2_interfaces/lib:/opt/ros/humble/opt/rviz_ogre_vendor/lib:/opt/ros/humble/lib/x86_64-linux-gnu:/opt/ros/humble/lib:/usr/local/cuda-11.8/lib64 PYTHONPATH=/home/jnu/go2_ws/install/unitree_go/local/lib/python3.10/dist-packages:/home/jnu/go2_ws/install/unitree_api/local/lib/python3.10/dist-packages:/home/jnu/go2_ws/install/go2_interfaces/local/lib/python3.10/dist-packages:${PYTHONPATH} /usr/bin/cmake --build /home/jnu/go2_ws/build/go2_robot -- -j24 -l24
[0.604s] Invoked command in '/home/jnu/go2_ws/build/go2_robot' returned '0': AMENT_PREFIX_PATH=/home/jnu/go2_ws/install/go2_bringup:/home/jnu/go2_ws/install/go2_driver:/home/jnu/go2_ws/install/unitree_go:/home/jnu/go2_ws/install/unitree_api:/home/jnu/go2_ws/install/go2_rviz:/home/jnu/go2_ws/install/go2_interfaces:/home/jnu/go2_ws/install/go2_description:${AMENT_PREFIX_PATH} CMAKE_PREFIX_PATH=/home/jnu/go2_ws/install/go2_bringup:/home/jnu/go2_ws/install/go2_driver:/home/jnu/go2_ws/install/unitree_go:/home/jnu/go2_ws/install/unitree_api:/home/jnu/go2_ws/install/go2_rviz:/home/jnu/go2_ws/install/go2_interfaces:/home/jnu/go2_ws/install/go2_description:/opt/ros/humble LD_LIBRARY_PATH=/home/jnu/go2_ws/install/go2_driver/lib:/home/jnu/go2_ws/install/unitree_go/lib:/home/jnu/go2_ws/install/unitree_api/lib:/home/jnu/go2_ws/install/go2_interfaces/lib:/opt/ros/humble/opt/rviz_ogre_vendor/lib:/opt/ros/humble/lib/x86_64-linux-gnu:/opt/ros/humble/lib:/usr/local/cuda-11.8/lib64 PYTHONPATH=/home/jnu/go2_ws/install/unitree_go/local/lib/python3.10/dist-packages:/home/jnu/go2_ws/install/unitree_api/local/lib/python3.10/dist-packages:/home/jnu/go2_ws/install/go2_interfaces/local/lib/python3.10/dist-packages:${PYTHONPATH} /usr/bin/cmake --build /home/jnu/go2_ws/build/go2_robot -- -j24 -l24
[0.605s] Invoking command in '/home/jnu/go2_ws/build/go2_robot': AMENT_PREFIX_PATH=/home/jnu/go2_ws/install/go2_bringup:/home/jnu/go2_ws/install/go2_driver:/home/jnu/go2_ws/install/unitree_go:/home/jnu/go2_ws/install/unitree_api:/home/jnu/go2_ws/install/go2_rviz:/home/jnu/go2_ws/install/go2_interfaces:/home/jnu/go2_ws/install/go2_description:${AMENT_PREFIX_PATH} CMAKE_PREFIX_PATH=/home/jnu/go2_ws/install/go2_bringup:/home/jnu/go2_ws/install/go2_driver:/home/jnu/go2_ws/install/unitree_go:/home/jnu/go2_ws/install/unitree_api:/home/jnu/go2_ws/install/go2_rviz:/home/jnu/go2_ws/install/go2_interfaces:/home/jnu/go2_ws/install/go2_description:/opt/ros/humble LD_LIBRARY_PATH=/home/jnu/go2_ws/install/go2_driver/lib:/home/jnu/go2_ws/install/unitree_go/lib:/home/jnu/go2_ws/install/unitree_api/lib:/home/jnu/go2_ws/install/go2_interfaces/lib:/opt/ros/humble/opt/rviz_ogre_vendor/lib:/opt/ros/humble/lib/x86_64-linux-gnu:/opt/ros/humble/lib:/usr/local/cuda-11.8/lib64 PYTHONPATH=/home/jnu/go2_ws/install/unitree_go/local/lib/python3.10/dist-packages:/home/jnu/go2_ws/install/unitree_api/local/lib/python3.10/dist-packages:/home/jnu/go2_ws/install/go2_interfaces/local/lib/python3.10/dist-packages:${PYTHONPATH} /usr/bin/cmake --install /home/jnu/go2_ws/build/go2_robot
[0.619s] -- Install configuration: ""
[0.620s] -- Execute custom install script
[0.620s] -- Symlinking: /home/jnu/go2_ws/install/go2_robot/share/ament_index/resource_index/package_run_dependencies/go2_robot
[0.635s] -- Symlinking: /home/jnu/go2_ws/install/go2_robot/share/ament_index/resource_index/parent_prefix_path/go2_robot
[0.655s] -- Symlinking: /home/jnu/go2_ws/install/go2_robot/share/go2_robot/environment/ament_prefix_path.sh
[0.675s] -- Symlinking: /home/jnu/go2_ws/install/go2_robot/share/go2_robot/environment/ament_prefix_path.dsv
[0.686s] -- Symlinking: /home/jnu/go2_ws/install/go2_robot/share/go2_robot/environment/path.sh
[0.702s] -- Symlinking: /home/jnu/go2_ws/install/go2_robot/share/go2_robot/environment/path.dsv
[0.717s] -- Symlinking: /home/jnu/go2_ws/install/go2_robot/share/go2_robot/local_setup.bash
[0.729s] -- Symlinking: /home/jnu/go2_ws/install/go2_robot/share/go2_robot/local_setup.sh
[0.740s] -- Symlinking: /home/jnu/go2_ws/install/go2_robot/share/go2_robot/local_setup.zsh
[0.759s] -- Symlinking: /home/jnu/go2_ws/install/go2_robot/share/go2_robot/local_setup.dsv
[0.776s] -- Symlinking: /home/jnu/go2_ws/install/go2_robot/share/go2_robot/package.dsv
[0.794s] -- Symlinking: /home/jnu/go2_ws/install/go2_robot/share/ament_index/resource_index/packages/go2_robot
[0.813s] -- Symlinking: /home/jnu/go2_ws/install/go2_robot/share/go2_robot/cmake/go2_robotConfig.cmake
[0.831s] -- Symlinking: /home/jnu/go2_ws/install/go2_robot/share/go2_robot/cmake/go2_robotConfig-version.cmake
[0.848s] -- Symlinking: /home/jnu/go2_ws/install/go2_robot/share/go2_robot/package.xml
[0.874s] Invoked command in '/home/jnu/go2_ws/build/go2_robot' returned '0': AMENT_PREFIX_PATH=/home/jnu/go2_ws/install/go2_bringup:/home/jnu/go2_ws/install/go2_driver:/home/jnu/go2_ws/install/unitree_go:/home/jnu/go2_ws/install/unitree_api:/home/jnu/go2_ws/install/go2_rviz:/home/jnu/go2_ws/install/go2_interfaces:/home/jnu/go2_ws/install/go2_description:${AMENT_PREFIX_PATH} CMAKE_PREFIX_PATH=/home/jnu/go2_ws/install/go2_bringup:/home/jnu/go2_ws/install/go2_driver:/home/jnu/go2_ws/install/unitree_go:/home/jnu/go2_ws/install/unitree_api:/home/jnu/go2_ws/install/go2_rviz:/home/jnu/go2_ws/install/go2_interfaces:/home/jnu/go2_ws/install/go2_description:/opt/ros/humble LD_LIBRARY_PATH=/home/jnu/go2_ws/install/go2_driver/lib:/home/jnu/go2_ws/install/unitree_go/lib:/home/jnu/go2_ws/install/unitree_api/lib:/home/jnu/go2_ws/install/go2_interfaces/lib:/opt/ros/humble/opt/rviz_ogre_vendor/lib:/opt/ros/humble/lib/x86_64-linux-gnu:/opt/ros/humble/lib:/usr/local/cuda-11.8/lib64 PYTHONPATH=/home/jnu/go2_ws/install/unitree_go/local/lib/python3.10/dist-packages:/home/jnu/go2_ws/install/unitree_api/local/lib/python3.10/dist-packages:/home/jnu/go2_ws/install/go2_interfaces/local/lib/python3.10/dist-packages:${PYTHONPATH} /usr/bin/cmake --install /home/jnu/go2_ws/build/go2_robot
