[0.007s] Invoking command in '/home/jnu/go2_ws/build/go2_rviz': CMAKE_PREFIX_PATH=/opt/ros/humble /usr/bin/cmake /home/jnu/go2_ws/src/go2_rviz -DAMENT_CMAKE_SYMLINK_INSTALL=1 -DCMAKE_INSTALL_PREFIX=/home/jnu/go2_ws/install/go2_rviz
[0.038s] -- The C compiler identification is GNU 11.4.0
[0.065s] -- The CXX compiler identification is GNU 11.4.0
[0.069s] -- Detecting C compiler ABI info
[0.110s] -- Detecting C compiler ABI info - done
[0.113s] -- Check for working C compiler: /usr/bin/cc - skipped
[0.113s] -- Detecting C compile features
[0.114s] -- Detecting C compile features - done
[0.115s] -- Detecting CXX compiler ABI info
[0.161s] -- Detecting CXX compiler ABI info - done
[0.166s] -- Check for working CXX compiler: /usr/bin/c++ - skipped
[0.166s] -- Detecting CXX compile features
[0.166s] -- Detecting CXX compile features - done
[0.167s] -- Found ament_cmake: 1.3.12 (/opt/ros/humble/share/ament_cmake/cmake)
[0.246s] -- Found Python3: /usr/bin/python3 (found version "3.10.12") found components: Interpreter 
[0.279s] -- Override CMake install command with custom implementation using symlinks instead of copying resources
[0.289s] -- Found ament_lint_auto: 0.12.14 (/opt/ros/humble/share/ament_lint_auto/cmake)
[0.330s] -- Added test 'flake8' to check Python code syntax and style conventions
[0.330s] -- Added test 'lint_cmake' to check CMake code style
[0.331s] -- Added test 'pep257' to check Python code against some of the docstring style conventions in PEP 257
[0.332s] -- Added test 'xmllint' to check XML markup files
[0.333s] -- Configuring done
[0.334s] -- Generating done
[0.334s] -- Build files have been written to: /home/jnu/go2_ws/build/go2_rviz
[0.337s] Invoked command in '/home/jnu/go2_ws/build/go2_rviz' returned '0': CMAKE_PREFIX_PATH=/opt/ros/humble /usr/bin/cmake /home/jnu/go2_ws/src/go2_rviz -DAMENT_CMAKE_SYMLINK_INSTALL=1 -DCMAKE_INSTALL_PREFIX=/home/jnu/go2_ws/install/go2_rviz
[0.338s] Invoking command in '/home/jnu/go2_ws/build/go2_rviz': CMAKE_PREFIX_PATH=/opt/ros/humble /usr/bin/cmake --build /home/jnu/go2_ws/build/go2_rviz -- -j24 -l24
[0.361s] Invoked command in '/home/jnu/go2_ws/build/go2_rviz' returned '0': CMAKE_PREFIX_PATH=/opt/ros/humble /usr/bin/cmake --build /home/jnu/go2_ws/build/go2_rviz -- -j24 -l24
[0.367s] Invoking command in '/home/jnu/go2_ws/build/go2_rviz': CMAKE_PREFIX_PATH=/opt/ros/humble /usr/bin/cmake --install /home/jnu/go2_ws/build/go2_rviz
[0.370s] -- Install configuration: ""
[0.371s] -- Execute custom install script
[0.371s] -- Symlinking: /home/jnu/go2_ws/install/go2_rviz/share/go2_rviz/launch/rviz.launch.py
[0.377s] -- Symlinking: /home/jnu/go2_ws/install/go2_rviz/share/go2_rviz/config/go2_rviz.rviz
[0.383s] -- Symlinking: /home/jnu/go2_ws/install/go2_rviz/share/ament_index/resource_index/package_run_dependencies/go2_rviz
[0.389s] -- Symlinking: /home/jnu/go2_ws/install/go2_rviz/share/ament_index/resource_index/parent_prefix_path/go2_rviz
[0.394s] -- Symlinking: /home/jnu/go2_ws/install/go2_rviz/share/go2_rviz/environment/ament_prefix_path.sh
[0.398s] -- Symlinking: /home/jnu/go2_ws/install/go2_rviz/share/go2_rviz/environment/ament_prefix_path.dsv
[0.404s] -- Symlinking: /home/jnu/go2_ws/install/go2_rviz/share/go2_rviz/environment/path.sh
[0.410s] -- Symlinking: /home/jnu/go2_ws/install/go2_rviz/share/go2_rviz/environment/path.dsv
[0.414s] -- Symlinking: /home/jnu/go2_ws/install/go2_rviz/share/go2_rviz/local_setup.bash
[0.418s] -- Symlinking: /home/jnu/go2_ws/install/go2_rviz/share/go2_rviz/local_setup.sh
[0.424s] -- Symlinking: /home/jnu/go2_ws/install/go2_rviz/share/go2_rviz/local_setup.zsh
[0.429s] -- Symlinking: /home/jnu/go2_ws/install/go2_rviz/share/go2_rviz/local_setup.dsv
[0.435s] -- Symlinking: /home/jnu/go2_ws/install/go2_rviz/share/go2_rviz/package.dsv
[0.440s] -- Symlinking: /home/jnu/go2_ws/install/go2_rviz/share/ament_index/resource_index/packages/go2_rviz
[0.444s] -- Symlinking: /home/jnu/go2_ws/install/go2_rviz/share/go2_rviz/cmake/go2_rvizConfig.cmake
[0.450s] -- Symlinking: /home/jnu/go2_ws/install/go2_rviz/share/go2_rviz/cmake/go2_rvizConfig-version.cmake
[0.454s] -- Symlinking: /home/jnu/go2_ws/install/go2_rviz/share/go2_rviz/package.xml
[0.461s] Invoked command in '/home/jnu/go2_ws/build/go2_rviz' returned '0': CMAKE_PREFIX_PATH=/opt/ros/humble /usr/bin/cmake --install /home/jnu/go2_ws/build/go2_rviz
