-- The C compiler identification is GNU 11.4.0
-- The CXX compiler identification is GNU 11.4.0
-- Detecting C compiler ABI info
-- Detecting C compiler ABI info - done
-- Check for working C compiler: /usr/bin/cc - skipped
-- Detecting C compile features
-- Detecting C compile features - done
-- Detecting CXX compiler ABI info
-- Detecting CXX compiler ABI info - done
-- Check for working CXX compiler: /usr/bin/c++ - skipped
-- Detecting CXX compile features
-- Detecting CXX compile features - done
-- Found ament_cmake: 1.3.12 (/opt/ros/humble/share/ament_cmake/cmake)
-- Found Python3: /usr/bin/python3 (found version "3.10.12") found components: Interpreter 
-- Override CMake install command with custom implementation using symlinks instead of copying resources
-- Found rclcpp: 16.0.16 (/opt/ros/humble/share/rclcpp/cmake)
-- Found rosidl_generator_c: 3.1.7 (/opt/ros/humble/share/rosidl_generator_c/cmake)
-- Found rosidl_adapter: 3.1.7 (/opt/ros/humble/share/rosidl_adapter/cmake)
-- Found rosidl_generator_cpp: 3.1.7 (/opt/ros/humble/share/rosidl_generator_cpp/cmake)
-- Using all available rosidl_typesupport_c: rosidl_typesupport_fastrtps_c;rosidl_typesupport_introspection_c
-- Using all available rosidl_typesupport_cpp: rosidl_typesupport_fastrtps_cpp;rosidl_typesupport_introspection_cpp
-- Found rmw_implementation_cmake: 6.1.2 (/opt/ros/humble/share/rmw_implementation_cmake/cmake)
-- Found rmw_fastrtps_cpp: 6.2.9 (/opt/ros/humble/share/rmw_fastrtps_cpp/cmake)
-- Found OpenSSL: /usr/lib/x86_64-linux-gnu/libcrypto.so (found version "3.0.2")  
-- Found FastRTPS: /opt/ros/humble/include  
-- Using RMW implementation 'rmw_fastrtps_cpp' as default
-- Looking for pthread.h
-- Looking for pthread.h - found
-- Performing Test CMAKE_HAVE_LIBC_PTHREAD
-- Performing Test CMAKE_HAVE_LIBC_PTHREAD - Success
-- Found Threads: TRUE  
-- Found rclcpp_lifecycle: 16.0.16 (/opt/ros/humble/share/rclcpp_lifecycle/cmake)
-- Found rclcpp_components: 16.0.16 (/opt/ros/humble/share/rclcpp_components/cmake)
-- Found sensor_msgs: 4.9.0 (/opt/ros/humble/share/sensor_msgs/cmake)
-- Found nav_msgs: 4.9.0 (/opt/ros/humble/share/nav_msgs/cmake)
-- Found unitree_go: 0.0.1 (/home/jnu/go2_ws/install/unitree_go/share/unitree_go/cmake)
-- Found unitree_api: 0.0.0 (/home/jnu/go2_ws/install/unitree_api/share/unitree_api/cmake)
-- Found tf2_ros: 0.25.17 (/opt/ros/humble/share/tf2_ros/cmake)
-- Found go2_interfaces: 1.0.0 (/home/jnu/go2_ws/install/go2_interfaces/share/go2_interfaces/cmake)
-- Found ament_lint_auto: 0.12.14 (/opt/ros/humble/share/ament_lint_auto/cmake)
-- Added test 'cppcheck' to perform static code analysis on C / C++ code
-- Configured cppcheck include dirs: /home/jnu/go2_ws/src/go2_driver/include
-- Configured cppcheck exclude dirs and/or files: 
-- Added test 'flake8' to check Python code syntax and style conventions
-- Added test 'lint_cmake' to check CMake code style
-- Added test 'pep257' to check Python code against some of the docstring style conventions in PEP 257
-- Added test 'uncrustify' to check C / C++ code style
-- Configured uncrustify additional arguments: 
-- Added test 'xmllint' to check XML markup files
-- Configuring done
-- Generating done
-- Build files have been written to: /home/jnu/go2_ws/build/go2_driver
[ 50%] [32mBuilding CXX object CMakeFiles/go2_driver.dir/src/go2_driver/go2_driver.cpp.o[0m
[100%] [32m[1mLinking CXX shared library libgo2_driver.so[0m
[100%] Built target go2_driver
-- Install configuration: ""
-- Execute custom install script
-- Symlinking: /home/jnu/go2_ws/install/go2_driver/lib/libgo2_driver.so
-- Symlinking: /home/jnu/go2_ws/install/go2_driver/include/go2_driver/go2_api_id.hpp
-- Symlinking: /home/jnu/go2_ws/install/go2_driver/include/go2_driver/go2_driver.hpp
-- Symlinking: /home/jnu/go2_ws/install/go2_driver/share/go2_driver/launch/go2_driver.launch.py
-- Symlinking: /home/jnu/go2_ws/install/go2_driver/share/go2_driver/environment/library_path.sh
-- Symlinking: /home/jnu/go2_ws/install/go2_driver/share/go2_driver/environment/library_path.dsv
-- Symlinking: /home/jnu/go2_ws/install/go2_driver/share/ament_index/resource_index/package_run_dependencies/go2_driver
-- Symlinking: /home/jnu/go2_ws/install/go2_driver/share/ament_index/resource_index/parent_prefix_path/go2_driver
-- Symlinking: /home/jnu/go2_ws/install/go2_driver/share/go2_driver/environment/ament_prefix_path.sh
-- Symlinking: /home/jnu/go2_ws/install/go2_driver/share/go2_driver/environment/ament_prefix_path.dsv
-- Symlinking: /home/jnu/go2_ws/install/go2_driver/share/go2_driver/environment/path.sh
-- Symlinking: /home/jnu/go2_ws/install/go2_driver/share/go2_driver/environment/path.dsv
-- Symlinking: /home/jnu/go2_ws/install/go2_driver/share/go2_driver/local_setup.bash
-- Symlinking: /home/jnu/go2_ws/install/go2_driver/share/go2_driver/local_setup.sh
-- Symlinking: /home/jnu/go2_ws/install/go2_driver/share/go2_driver/local_setup.zsh
-- Symlinking: /home/jnu/go2_ws/install/go2_driver/share/go2_driver/local_setup.dsv
-- Symlinking: /home/jnu/go2_ws/install/go2_driver/share/go2_driver/package.dsv
-- Symlinking: /home/jnu/go2_ws/install/go2_driver/share/ament_index/resource_index/packages/go2_driver
-- Symlinking: /home/jnu/go2_ws/install/go2_driver/share/ament_index/resource_index/rclcpp_components/go2_driver
-- Symlinking: /home/jnu/go2_ws/install/go2_driver/share/go2_driver/cmake/ament_cmake_export_include_directories-extras.cmake
-- Symlinking: /home/jnu/go2_ws/install/go2_driver/share/go2_driver/cmake/ament_cmake_export_libraries-extras.cmake
-- Symlinking: /home/jnu/go2_ws/install/go2_driver/share/go2_driver/cmake/ament_cmake_export_dependencies-extras.cmake
-- Symlinking: /home/jnu/go2_ws/install/go2_driver/share/go2_driver/cmake/go2_driverConfig.cmake
-- Symlinking: /home/jnu/go2_ws/install/go2_driver/share/go2_driver/cmake/go2_driverConfig-version.cmake
-- Symlinking: /home/jnu/go2_ws/install/go2_driver/share/go2_driver/package.xml
