[0.008s] Invoking command in '/home/jnu/go2_ws/build/go2_driver': AMENT_PREFIX_PATH=/home/jnu/go2_ws/install/unitree_go:/home/jnu/go2_ws/install/unitree_api:/home/jnu/go2_ws/install/go2_interfaces:${AMENT_PREFIX_PATH} CMAKE_PREFIX_PATH=/home/jnu/go2_ws/install/unitree_go:/home/jnu/go2_ws/install/unitree_api:/home/jnu/go2_ws/install/go2_interfaces:/opt/ros/humble LD_LIBRARY_PATH=/home/jnu/go2_ws/install/unitree_go/lib:/home/jnu/go2_ws/install/unitree_api/lib:/home/jnu/go2_ws/install/go2_interfaces/lib:/opt/ros/humble/opt/rviz_ogre_vendor/lib:/opt/ros/humble/lib/x86_64-linux-gnu:/opt/ros/humble/lib:/usr/local/cuda-11.8/lib64 PYTHONPATH=/home/jnu/go2_ws/install/unitree_go/local/lib/python3.10/dist-packages:/home/jnu/go2_ws/install/unitree_api/local/lib/python3.10/dist-packages:/home/jnu/go2_ws/install/go2_interfaces/local/lib/python3.10/dist-packages:${PYTHONPATH} /usr/bin/cmake /home/jnu/go2_ws/src/go2_driver -DAMENT_CMAKE_SYMLINK_INSTALL=1 -DCMAKE_INSTALL_PREFIX=/home/jnu/go2_ws/install/go2_driver
[0.084s] -- The C compiler identification is GNU 11.4.0
[0.154s] -- The CXX compiler identification is GNU 11.4.0
[0.157s] -- Detecting C compiler ABI info
[0.224s] -- Detecting C compiler ABI info - done
[0.238s] -- Check for working C compiler: /usr/bin/cc - skipped
[0.238s] -- Detecting C compile features
[0.239s] -- Detecting C compile features - done
[0.242s] -- Detecting CXX compiler ABI info
[0.330s] -- Detecting CXX compiler ABI info - done
[0.334s] -- Check for working CXX compiler: /usr/bin/c++ - skipped
[0.334s] -- Detecting CXX compile features
[0.334s] -- Detecting CXX compile features - done
[0.335s] -- Found ament_cmake: 1.3.12 (/opt/ros/humble/share/ament_cmake/cmake)
[0.445s] -- Found Python3: /usr/bin/python3 (found version "3.10.12") found components: Interpreter 
[0.478s] -- Override CMake install command with custom implementation using symlinks instead of copying resources
[0.495s] -- Found rclcpp: 16.0.16 (/opt/ros/humble/share/rclcpp/cmake)
[0.525s] -- Found rosidl_generator_c: 3.1.7 (/opt/ros/humble/share/rosidl_generator_c/cmake)
[0.527s] -- Found rosidl_adapter: 3.1.7 (/opt/ros/humble/share/rosidl_adapter/cmake)
[0.531s] -- Found rosidl_generator_cpp: 3.1.7 (/opt/ros/humble/share/rosidl_generator_cpp/cmake)
[0.536s] -- Using all available rosidl_typesupport_c: rosidl_typesupport_fastrtps_c;rosidl_typesupport_introspection_c
[0.544s] -- Using all available rosidl_typesupport_cpp: rosidl_typesupport_fastrtps_cpp;rosidl_typesupport_introspection_cpp
[0.563s] -- Found rmw_implementation_cmake: 6.1.2 (/opt/ros/humble/share/rmw_implementation_cmake/cmake)
[0.565s] -- Found rmw_fastrtps_cpp: 6.2.9 (/opt/ros/humble/share/rmw_fastrtps_cpp/cmake)
[0.625s] -- Found OpenSSL: /usr/lib/x86_64-linux-gnu/libcrypto.so (found version "3.0.2")  
[0.651s] -- Found FastRTPS: /opt/ros/humble/include  
[0.686s] -- Using RMW implementation 'rmw_fastrtps_cpp' as default
[0.695s] -- Looking for pthread.h
[0.797s] -- Looking for pthread.h - found
[0.799s] -- Performing Test CMAKE_HAVE_LIBC_PTHREAD
[0.898s] -- Performing Test CMAKE_HAVE_LIBC_PTHREAD - Success
[0.898s] -- Found Threads: TRUE  
[0.923s] -- Found rclcpp_lifecycle: 16.0.16 (/opt/ros/humble/share/rclcpp_lifecycle/cmake)
[0.936s] -- Found rclcpp_components: 16.0.16 (/opt/ros/humble/share/rclcpp_components/cmake)
[0.953s] -- Found sensor_msgs: 4.9.0 (/opt/ros/humble/share/sensor_msgs/cmake)
[0.967s] -- Found nav_msgs: 4.9.0 (/opt/ros/humble/share/nav_msgs/cmake)
[0.977s] -- Found unitree_go: 0.0.1 (/home/jnu/go2_ws/install/unitree_go/share/unitree_go/cmake)
[0.981s] -- Found unitree_api: 0.0.0 (/home/jnu/go2_ws/install/unitree_api/share/unitree_api/cmake)
[0.988s] -- Found tf2_ros: 0.25.17 (/opt/ros/humble/share/tf2_ros/cmake)
[1.034s] -- Found go2_interfaces: 1.0.0 (/home/jnu/go2_ws/install/go2_interfaces/share/go2_interfaces/cmake)
[1.041s] -- Found ament_lint_auto: 0.12.14 (/opt/ros/humble/share/ament_lint_auto/cmake)
[1.080s] -- Added test 'cppcheck' to perform static code analysis on C / C++ code
[1.080s] -- Configured cppcheck include dirs: /home/jnu/go2_ws/src/go2_driver/include
[1.080s] -- Configured cppcheck exclude dirs and/or files: 
[1.080s] -- Added test 'flake8' to check Python code syntax and style conventions
[1.080s] -- Added test 'lint_cmake' to check CMake code style
[1.081s] -- Added test 'pep257' to check Python code against some of the docstring style conventions in PEP 257
[1.082s] -- Added test 'uncrustify' to check C / C++ code style
[1.082s] -- Configured uncrustify additional arguments: 
[1.082s] -- Added test 'xmllint' to check XML markup files
[1.083s] -- Configuring done
[1.090s] -- Generating done
[1.092s] -- Build files have been written to: /home/jnu/go2_ws/build/go2_driver
[1.098s] Invoked command in '/home/jnu/go2_ws/build/go2_driver' returned '0': AMENT_PREFIX_PATH=/home/jnu/go2_ws/install/unitree_go:/home/jnu/go2_ws/install/unitree_api:/home/jnu/go2_ws/install/go2_interfaces:${AMENT_PREFIX_PATH} CMAKE_PREFIX_PATH=/home/jnu/go2_ws/install/unitree_go:/home/jnu/go2_ws/install/unitree_api:/home/jnu/go2_ws/install/go2_interfaces:/opt/ros/humble LD_LIBRARY_PATH=/home/jnu/go2_ws/install/unitree_go/lib:/home/jnu/go2_ws/install/unitree_api/lib:/home/jnu/go2_ws/install/go2_interfaces/lib:/opt/ros/humble/opt/rviz_ogre_vendor/lib:/opt/ros/humble/lib/x86_64-linux-gnu:/opt/ros/humble/lib:/usr/local/cuda-11.8/lib64 PYTHONPATH=/home/jnu/go2_ws/install/unitree_go/local/lib/python3.10/dist-packages:/home/jnu/go2_ws/install/unitree_api/local/lib/python3.10/dist-packages:/home/jnu/go2_ws/install/go2_interfaces/local/lib/python3.10/dist-packages:${PYTHONPATH} /usr/bin/cmake /home/jnu/go2_ws/src/go2_driver -DAMENT_CMAKE_SYMLINK_INSTALL=1 -DCMAKE_INSTALL_PREFIX=/home/jnu/go2_ws/install/go2_driver
[1.099s] Invoking command in '/home/jnu/go2_ws/build/go2_driver': AMENT_PREFIX_PATH=/home/jnu/go2_ws/install/unitree_go:/home/jnu/go2_ws/install/unitree_api:/home/jnu/go2_ws/install/go2_interfaces:${AMENT_PREFIX_PATH} CMAKE_PREFIX_PATH=/home/jnu/go2_ws/install/unitree_go:/home/jnu/go2_ws/install/unitree_api:/home/jnu/go2_ws/install/go2_interfaces:/opt/ros/humble LD_LIBRARY_PATH=/home/jnu/go2_ws/install/unitree_go/lib:/home/jnu/go2_ws/install/unitree_api/lib:/home/jnu/go2_ws/install/go2_interfaces/lib:/opt/ros/humble/opt/rviz_ogre_vendor/lib:/opt/ros/humble/lib/x86_64-linux-gnu:/opt/ros/humble/lib:/usr/local/cuda-11.8/lib64 PYTHONPATH=/home/jnu/go2_ws/install/unitree_go/local/lib/python3.10/dist-packages:/home/jnu/go2_ws/install/unitree_api/local/lib/python3.10/dist-packages:/home/jnu/go2_ws/install/go2_interfaces/local/lib/python3.10/dist-packages:${PYTHONPATH} /usr/bin/cmake --build /home/jnu/go2_ws/build/go2_driver -- -j24 -l24
[1.160s] [ 50%] [32mBuilding CXX object CMakeFiles/go2_driver.dir/src/go2_driver/go2_driver.cpp.o[0m
[14.061s] [100%] [32m[1mLinking CXX shared library libgo2_driver.so[0m
[14.975s] [100%] Built target go2_driver
[14.983s] Invoked command in '/home/jnu/go2_ws/build/go2_driver' returned '0': AMENT_PREFIX_PATH=/home/jnu/go2_ws/install/unitree_go:/home/jnu/go2_ws/install/unitree_api:/home/jnu/go2_ws/install/go2_interfaces:${AMENT_PREFIX_PATH} CMAKE_PREFIX_PATH=/home/jnu/go2_ws/install/unitree_go:/home/jnu/go2_ws/install/unitree_api:/home/jnu/go2_ws/install/go2_interfaces:/opt/ros/humble LD_LIBRARY_PATH=/home/jnu/go2_ws/install/unitree_go/lib:/home/jnu/go2_ws/install/unitree_api/lib:/home/jnu/go2_ws/install/go2_interfaces/lib:/opt/ros/humble/opt/rviz_ogre_vendor/lib:/opt/ros/humble/lib/x86_64-linux-gnu:/opt/ros/humble/lib:/usr/local/cuda-11.8/lib64 PYTHONPATH=/home/jnu/go2_ws/install/unitree_go/local/lib/python3.10/dist-packages:/home/jnu/go2_ws/install/unitree_api/local/lib/python3.10/dist-packages:/home/jnu/go2_ws/install/go2_interfaces/local/lib/python3.10/dist-packages:${PYTHONPATH} /usr/bin/cmake --build /home/jnu/go2_ws/build/go2_driver -- -j24 -l24
[14.984s] Invoking command in '/home/jnu/go2_ws/build/go2_driver': AMENT_PREFIX_PATH=/home/jnu/go2_ws/install/unitree_go:/home/jnu/go2_ws/install/unitree_api:/home/jnu/go2_ws/install/go2_interfaces:${AMENT_PREFIX_PATH} CMAKE_PREFIX_PATH=/home/jnu/go2_ws/install/unitree_go:/home/jnu/go2_ws/install/unitree_api:/home/jnu/go2_ws/install/go2_interfaces:/opt/ros/humble LD_LIBRARY_PATH=/home/jnu/go2_ws/install/unitree_go/lib:/home/jnu/go2_ws/install/unitree_api/lib:/home/jnu/go2_ws/install/go2_interfaces/lib:/opt/ros/humble/opt/rviz_ogre_vendor/lib:/opt/ros/humble/lib/x86_64-linux-gnu:/opt/ros/humble/lib:/usr/local/cuda-11.8/lib64 PYTHONPATH=/home/jnu/go2_ws/install/unitree_go/local/lib/python3.10/dist-packages:/home/jnu/go2_ws/install/unitree_api/local/lib/python3.10/dist-packages:/home/jnu/go2_ws/install/go2_interfaces/local/lib/python3.10/dist-packages:${PYTHONPATH} /usr/bin/cmake --install /home/jnu/go2_ws/build/go2_driver
[14.989s] -- Install configuration: ""
[14.989s] -- Execute custom install script
[14.989s] -- Symlinking: /home/jnu/go2_ws/install/go2_driver/lib/libgo2_driver.so
[14.997s] -- Symlinking: /home/jnu/go2_ws/install/go2_driver/include/go2_driver/go2_api_id.hpp
[15.010s] -- Symlinking: /home/jnu/go2_ws/install/go2_driver/include/go2_driver/go2_driver.hpp
[15.022s] -- Symlinking: /home/jnu/go2_ws/install/go2_driver/share/go2_driver/launch/go2_driver.launch.py
[15.037s] -- Symlinking: /home/jnu/go2_ws/install/go2_driver/share/go2_driver/environment/library_path.sh
[15.052s] -- Symlinking: /home/jnu/go2_ws/install/go2_driver/share/go2_driver/environment/library_path.dsv
[15.068s] -- Symlinking: /home/jnu/go2_ws/install/go2_driver/share/ament_index/resource_index/package_run_dependencies/go2_driver
[15.086s] -- Symlinking: /home/jnu/go2_ws/install/go2_driver/share/ament_index/resource_index/parent_prefix_path/go2_driver
[15.102s] -- Symlinking: /home/jnu/go2_ws/install/go2_driver/share/go2_driver/environment/ament_prefix_path.sh
[15.121s] -- Symlinking: /home/jnu/go2_ws/install/go2_driver/share/go2_driver/environment/ament_prefix_path.dsv
[15.140s] -- Symlinking: /home/jnu/go2_ws/install/go2_driver/share/go2_driver/environment/path.sh
[15.157s] -- Symlinking: /home/jnu/go2_ws/install/go2_driver/share/go2_driver/environment/path.dsv
[15.174s] -- Symlinking: /home/jnu/go2_ws/install/go2_driver/share/go2_driver/local_setup.bash
[15.188s] -- Symlinking: /home/jnu/go2_ws/install/go2_driver/share/go2_driver/local_setup.sh
[15.202s] -- Symlinking: /home/jnu/go2_ws/install/go2_driver/share/go2_driver/local_setup.zsh
[15.216s] -- Symlinking: /home/jnu/go2_ws/install/go2_driver/share/go2_driver/local_setup.dsv
[15.229s] -- Symlinking: /home/jnu/go2_ws/install/go2_driver/share/go2_driver/package.dsv
[15.239s] -- Symlinking: /home/jnu/go2_ws/install/go2_driver/share/ament_index/resource_index/packages/go2_driver
[15.252s] -- Symlinking: /home/jnu/go2_ws/install/go2_driver/share/ament_index/resource_index/rclcpp_components/go2_driver
[15.266s] -- Symlinking: /home/jnu/go2_ws/install/go2_driver/share/go2_driver/cmake/ament_cmake_export_include_directories-extras.cmake
[15.278s] -- Symlinking: /home/jnu/go2_ws/install/go2_driver/share/go2_driver/cmake/ament_cmake_export_libraries-extras.cmake
[15.289s] -- Symlinking: /home/jnu/go2_ws/install/go2_driver/share/go2_driver/cmake/ament_cmake_export_dependencies-extras.cmake
[15.298s] -- Symlinking: /home/jnu/go2_ws/install/go2_driver/share/go2_driver/cmake/go2_driverConfig.cmake
[15.314s] -- Symlinking: /home/jnu/go2_ws/install/go2_driver/share/go2_driver/cmake/go2_driverConfig-version.cmake
[15.329s] -- Symlinking: /home/jnu/go2_ws/install/go2_driver/share/go2_driver/package.xml
[15.342s] Invoked command in '/home/jnu/go2_ws/build/go2_driver' returned '0': AMENT_PREFIX_PATH=/home/jnu/go2_ws/install/unitree_go:/home/jnu/go2_ws/install/unitree_api:/home/jnu/go2_ws/install/go2_interfaces:${AMENT_PREFIX_PATH} CMAKE_PREFIX_PATH=/home/jnu/go2_ws/install/unitree_go:/home/jnu/go2_ws/install/unitree_api:/home/jnu/go2_ws/install/go2_interfaces:/opt/ros/humble LD_LIBRARY_PATH=/home/jnu/go2_ws/install/unitree_go/lib:/home/jnu/go2_ws/install/unitree_api/lib:/home/jnu/go2_ws/install/go2_interfaces/lib:/opt/ros/humble/opt/rviz_ogre_vendor/lib:/opt/ros/humble/lib/x86_64-linux-gnu:/opt/ros/humble/lib:/usr/local/cuda-11.8/lib64 PYTHONPATH=/home/jnu/go2_ws/install/unitree_go/local/lib/python3.10/dist-packages:/home/jnu/go2_ws/install/unitree_api/local/lib/python3.10/dist-packages:/home/jnu/go2_ws/install/go2_interfaces/local/lib/python3.10/dist-packages:${PYTHONPATH} /usr/bin/cmake --install /home/jnu/go2_ws/build/go2_driver
