[0.006s] Invoking command in '/home/jnu/go2_ws/build/go2_description': CMAKE_PREFIX_PATH=/opt/ros/humble /usr/bin/cmake /home/jnu/go2_ws/src/go2_description -DAMENT_CMAKE_SYMLINK_INSTALL=1 -DCMAKE_INSTALL_PREFIX=/home/jnu/go2_ws/install/go2_description
[0.039s] -- The C compiler identification is GNU 11.4.0
[0.070s] -- The CXX compiler identification is GNU 11.4.0
[0.074s] -- Detecting C compiler ABI info
[0.108s] -- Detecting C compiler ABI info - done
[0.111s] -- Check for working C compiler: /usr/bin/cc - skipped
[0.111s] -- Detecting C compile features
[0.112s] -- Detecting C compile features - done
[0.113s] -- Detecting CXX compiler ABI info
[0.157s] -- Detecting CXX compiler ABI info - done
[0.163s] -- Check for working CXX compiler: /usr/bin/c++ - skipped
[0.163s] -- Detecting CXX compile features
[0.164s] -- Detecting CXX compile features - done
[0.165s] -- Found ament_cmake: 1.3.12 (/opt/ros/humble/share/ament_cmake/cmake)
[0.251s] -- Found Python3: /usr/bin/python3 (found version "3.10.12") found components: Interpreter 
[0.280s] -- Override CMake install command with custom implementation using symlinks instead of copying resources
[0.290s] -- Found ament_lint_auto: 0.12.14 (/opt/ros/humble/share/ament_lint_auto/cmake)
[0.331s] -- Added test 'flake8' to check Python code syntax and style conventions
[0.332s] -- Added test 'lint_cmake' to check CMake code style
[0.332s] -- Added test 'pep257' to check Python code against some of the docstring style conventions in PEP 257
[0.333s] -- Added test 'xmllint' to check XML markup files
[0.334s] -- Configuring done
[0.335s] -- Generating done
[0.336s] -- Build files have been written to: /home/jnu/go2_ws/build/go2_description
[0.340s] Invoked command in '/home/jnu/go2_ws/build/go2_description' returned '0': CMAKE_PREFIX_PATH=/opt/ros/humble /usr/bin/cmake /home/jnu/go2_ws/src/go2_description -DAMENT_CMAKE_SYMLINK_INSTALL=1 -DCMAKE_INSTALL_PREFIX=/home/jnu/go2_ws/install/go2_description
[0.341s] Invoking command in '/home/jnu/go2_ws/build/go2_description': CMAKE_PREFIX_PATH=/opt/ros/humble /usr/bin/cmake --build /home/jnu/go2_ws/build/go2_description -- -j24 -l24
[0.369s] Invoked command in '/home/jnu/go2_ws/build/go2_description' returned '0': CMAKE_PREFIX_PATH=/opt/ros/humble /usr/bin/cmake --build /home/jnu/go2_ws/build/go2_description -- -j24 -l24
[0.370s] Invoking command in '/home/jnu/go2_ws/build/go2_description': CMAKE_PREFIX_PATH=/opt/ros/humble /usr/bin/cmake --install /home/jnu/go2_ws/build/go2_description
[0.374s] -- Install configuration: ""
[0.374s] -- Execute custom install script
[0.375s] -- Symlinking: /home/jnu/go2_ws/install/go2_description/share/go2_description/launch/robot.launch.py
[0.381s] -- Symlinking: /home/jnu/go2_ws/install/go2_description/share/go2_description/urdf/gazebo.urdf.xacro
[0.386s] -- Symlinking: /home/jnu/go2_ws/install/go2_description/share/go2_description/urdf/go2_description.urdf
[0.391s] -- Symlinking: /home/jnu/go2_ws/install/go2_description/share/go2_description/urdf/go2_description.urdf.xacro
[0.396s] -- Symlinking: /home/jnu/go2_ws/install/go2_description/share/go2_description/urdf/leg.urdf.xacro
[0.402s] -- Symlinking: /home/jnu/go2_ws/install/go2_description/share/go2_description/urdf/transmission.urdf.xacro
[0.407s] -- Symlinking: /home/jnu/go2_ws/install/go2_description/share/go2_description/dae/base.dae
[0.412s] -- Symlinking: /home/jnu/go2_ws/install/go2_description/share/go2_description/dae/calf.dae
[0.417s] -- Symlinking: /home/jnu/go2_ws/install/go2_description/share/go2_description/dae/calf_mirror.dae
[0.422s] -- Symlinking: /home/jnu/go2_ws/install/go2_description/share/go2_description/dae/foot.dae
[0.428s] -- Symlinking: /home/jnu/go2_ws/install/go2_description/share/go2_description/dae/hip.dae
[0.433s] -- Symlinking: /home/jnu/go2_ws/install/go2_description/share/go2_description/dae/thigh.dae
[0.439s] -- Symlinking: /home/jnu/go2_ws/install/go2_description/share/go2_description/dae/thigh_mirror.dae
[0.443s] -- Symlinking: /home/jnu/go2_ws/install/go2_description/share/go2_description/config/go2_description.rviz
[0.447s] -- Symlinking: /home/jnu/go2_ws/install/go2_description/share/go2_description/config/ros_control/ros_control.yaml
[0.453s] -- Symlinking: /home/jnu/go2_ws/install/go2_description/share/ament_index/resource_index/package_run_dependencies/go2_description
[0.459s] -- Symlinking: /home/jnu/go2_ws/install/go2_description/share/ament_index/resource_index/parent_prefix_path/go2_description
[0.465s] -- Symlinking: /home/jnu/go2_ws/install/go2_description/share/go2_description/environment/ament_prefix_path.sh
[0.468s] -- Symlinking: /home/jnu/go2_ws/install/go2_description/share/go2_description/environment/ament_prefix_path.dsv
[0.473s] -- Symlinking: /home/jnu/go2_ws/install/go2_description/share/go2_description/environment/path.sh
[0.479s] -- Symlinking: /home/jnu/go2_ws/install/go2_description/share/go2_description/environment/path.dsv
[0.484s] -- Symlinking: /home/jnu/go2_ws/install/go2_description/share/go2_description/local_setup.bash
[0.489s] -- Symlinking: /home/jnu/go2_ws/install/go2_description/share/go2_description/local_setup.sh
[0.494s] -- Symlinking: /home/jnu/go2_ws/install/go2_description/share/go2_description/local_setup.zsh
[0.500s] -- Symlinking: /home/jnu/go2_ws/install/go2_description/share/go2_description/local_setup.dsv
[0.506s] -- Symlinking: /home/jnu/go2_ws/install/go2_description/share/go2_description/package.dsv
[0.511s] -- Symlinking: /home/jnu/go2_ws/install/go2_description/share/ament_index/resource_index/packages/go2_description
[0.516s] -- Symlinking: /home/jnu/go2_ws/install/go2_description/share/go2_description/cmake/go2_descriptionConfig.cmake
[0.521s] -- Symlinking: /home/jnu/go2_ws/install/go2_description/share/go2_description/cmake/go2_descriptionConfig-version.cmake
[0.527s] -- Symlinking: /home/jnu/go2_ws/install/go2_description/share/go2_description/package.xml
[0.533s] Invoked command in '/home/jnu/go2_ws/build/go2_description' returned '0': CMAKE_PREFIX_PATH=/opt/ros/humble /usr/bin/cmake --install /home/jnu/go2_ws/build/go2_description
