running egg_info
creating ../../../build/go2_robot_sdk/go2_robot_sdk.egg-info
writing ../../../build/go2_robot_sdk/go2_robot_sdk.egg-info/PKG-INFO
writing dependency_links to ../../../build/go2_robot_sdk/go2_robot_sdk.egg-info/dependency_links.txt
writing entry points to ../../../build/go2_robot_sdk/go2_robot_sdk.egg-info/entry_points.txt
writing requirements to ../../../build/go2_robot_sdk/go2_robot_sdk.egg-info/requires.txt
writing top-level names to ../../../build/go2_robot_sdk/go2_robot_sdk.egg-info/top_level.txt
writing manifest file '../../../build/go2_robot_sdk/go2_robot_sdk.egg-info/SOURCES.txt'
reading manifest file '../../../build/go2_robot_sdk/go2_robot_sdk.egg-info/SOURCES.txt'
adding license file 'LICENSE'
writing manifest file '../../../build/go2_robot_sdk/go2_robot_sdk.egg-info/SOURCES.txt'
running build
running build_py
creating /home/jnu/go2_ws/build/go2_robot_sdk/build
creating /home/jnu/go2_ws/build/go2_robot_sdk/build/lib
creating /home/jnu/go2_ws/build/go2_robot_sdk/build/lib/go2_robot_sdk
copying go2_robot_sdk/__init__.py -> /home/jnu/go2_ws/build/go2_robot_sdk/build/lib/go2_robot_sdk
copying go2_robot_sdk/main.py -> /home/jnu/go2_ws/build/go2_robot_sdk/build/lib/go2_robot_sdk
creating /home/jnu/go2_ws/build/go2_robot_sdk/build/lib/go2_robot_sdk/application
copying go2_robot_sdk/application/__init__.py -> /home/jnu/go2_ws/build/go2_robot_sdk/build/lib/go2_robot_sdk/application
creating /home/jnu/go2_ws/build/go2_robot_sdk/build/lib/go2_robot_sdk/domain
copying go2_robot_sdk/domain/__init__.py -> /home/jnu/go2_ws/build/go2_robot_sdk/build/lib/go2_robot_sdk/domain
creating /home/jnu/go2_ws/build/go2_robot_sdk/build/lib/go2_robot_sdk/presentation
copying go2_robot_sdk/presentation/__init__.py -> /home/jnu/go2_ws/build/go2_robot_sdk/build/lib/go2_robot_sdk/presentation
copying go2_robot_sdk/presentation/go2_driver_node.py -> /home/jnu/go2_ws/build/go2_robot_sdk/build/lib/go2_robot_sdk/presentation
creating /home/jnu/go2_ws/build/go2_robot_sdk/build/lib/go2_robot_sdk/infrastructure
copying go2_robot_sdk/infrastructure/__init__.py -> /home/jnu/go2_ws/build/go2_robot_sdk/build/lib/go2_robot_sdk/infrastructure
creating /home/jnu/go2_ws/build/go2_robot_sdk/build/lib/go2_robot_sdk/application/services
copying go2_robot_sdk/application/services/robot_data_service.py -> /home/jnu/go2_ws/build/go2_robot_sdk/build/lib/go2_robot_sdk/application/services
copying go2_robot_sdk/application/services/__init__.py -> /home/jnu/go2_ws/build/go2_robot_sdk/build/lib/go2_robot_sdk/application/services
copying go2_robot_sdk/application/services/robot_control_service.py -> /home/jnu/go2_ws/build/go2_robot_sdk/build/lib/go2_robot_sdk/application/services
creating /home/jnu/go2_ws/build/go2_robot_sdk/build/lib/go2_robot_sdk/application/utils
copying go2_robot_sdk/application/utils/__init__.py -> /home/jnu/go2_ws/build/go2_robot_sdk/build/lib/go2_robot_sdk/application/utils
copying go2_robot_sdk/application/utils/command_generator.py -> /home/jnu/go2_ws/build/go2_robot_sdk/build/lib/go2_robot_sdk/application/utils
creating /home/jnu/go2_ws/build/go2_robot_sdk/build/lib/go2_robot_sdk/domain/constants
copying go2_robot_sdk/domain/constants/__init__.py -> /home/jnu/go2_ws/build/go2_robot_sdk/build/lib/go2_robot_sdk/domain/constants
copying go2_robot_sdk/domain/constants/webrtc_topics.py -> /home/jnu/go2_ws/build/go2_robot_sdk/build/lib/go2_robot_sdk/domain/constants
copying go2_robot_sdk/domain/constants/robot_commands.py -> /home/jnu/go2_ws/build/go2_robot_sdk/build/lib/go2_robot_sdk/domain/constants
creating /home/jnu/go2_ws/build/go2_robot_sdk/build/lib/go2_robot_sdk/domain/interfaces
copying go2_robot_sdk/domain/interfaces/__init__.py -> /home/jnu/go2_ws/build/go2_robot_sdk/build/lib/go2_robot_sdk/domain/interfaces
copying go2_robot_sdk/domain/interfaces/robot_controller.py -> /home/jnu/go2_ws/build/go2_robot_sdk/build/lib/go2_robot_sdk/domain/interfaces
copying go2_robot_sdk/domain/interfaces/robot_data_publisher.py -> /home/jnu/go2_ws/build/go2_robot_sdk/build/lib/go2_robot_sdk/domain/interfaces
copying go2_robot_sdk/domain/interfaces/robot_data_receiver.py -> /home/jnu/go2_ws/build/go2_robot_sdk/build/lib/go2_robot_sdk/domain/interfaces
creating /home/jnu/go2_ws/build/go2_robot_sdk/build/lib/go2_robot_sdk/domain/entities
copying go2_robot_sdk/domain/entities/robot_config.py -> /home/jnu/go2_ws/build/go2_robot_sdk/build/lib/go2_robot_sdk/domain/entities
copying go2_robot_sdk/domain/entities/__init__.py -> /home/jnu/go2_ws/build/go2_robot_sdk/build/lib/go2_robot_sdk/domain/entities
copying go2_robot_sdk/domain/entities/robot_data.py -> /home/jnu/go2_ws/build/go2_robot_sdk/build/lib/go2_robot_sdk/domain/entities
creating /home/jnu/go2_ws/build/go2_robot_sdk/build/lib/go2_robot_sdk/domain/math
copying go2_robot_sdk/domain/math/__init__.py -> /home/jnu/go2_ws/build/go2_robot_sdk/build/lib/go2_robot_sdk/domain/math
copying go2_robot_sdk/domain/math/kinematics.py -> /home/jnu/go2_ws/build/go2_robot_sdk/build/lib/go2_robot_sdk/domain/math
copying go2_robot_sdk/domain/math/geometry.py -> /home/jnu/go2_ws/build/go2_robot_sdk/build/lib/go2_robot_sdk/domain/math
creating /home/jnu/go2_ws/build/go2_robot_sdk/build/lib/go2_robot_sdk/infrastructure/sensors
copying go2_robot_sdk/infrastructure/sensors/__init__.py -> /home/jnu/go2_ws/build/go2_robot_sdk/build/lib/go2_robot_sdk/infrastructure/sensors
copying go2_robot_sdk/infrastructure/sensors/camera_config.py -> /home/jnu/go2_ws/build/go2_robot_sdk/build/lib/go2_robot_sdk/infrastructure/sensors
copying go2_robot_sdk/infrastructure/sensors/lidar_decoder.py -> /home/jnu/go2_ws/build/go2_robot_sdk/build/lib/go2_robot_sdk/infrastructure/sensors
creating /home/jnu/go2_ws/build/go2_robot_sdk/build/lib/go2_robot_sdk/infrastructure/ros2
copying go2_robot_sdk/infrastructure/ros2/__init__.py -> /home/jnu/go2_ws/build/go2_robot_sdk/build/lib/go2_robot_sdk/infrastructure/ros2
copying go2_robot_sdk/infrastructure/ros2/ros2_publisher.py -> /home/jnu/go2_ws/build/go2_robot_sdk/build/lib/go2_robot_sdk/infrastructure/ros2
creating /home/jnu/go2_ws/build/go2_robot_sdk/build/lib/go2_robot_sdk/infrastructure/webrtc
copying go2_robot_sdk/infrastructure/webrtc/__init__.py -> /home/jnu/go2_ws/build/go2_robot_sdk/build/lib/go2_robot_sdk/infrastructure/webrtc
copying go2_robot_sdk/infrastructure/webrtc/go2_connection.py -> /home/jnu/go2_ws/build/go2_robot_sdk/build/lib/go2_robot_sdk/infrastructure/webrtc
copying go2_robot_sdk/infrastructure/webrtc/data_decoder.py -> /home/jnu/go2_ws/build/go2_robot_sdk/build/lib/go2_robot_sdk/infrastructure/webrtc
copying go2_robot_sdk/infrastructure/webrtc/webrtc_adapter.py -> /home/jnu/go2_ws/build/go2_robot_sdk/build/lib/go2_robot_sdk/infrastructure/webrtc
copying go2_robot_sdk/infrastructure/webrtc/http_client.py -> /home/jnu/go2_ws/build/go2_robot_sdk/build/lib/go2_robot_sdk/infrastructure/webrtc
creating /home/jnu/go2_ws/build/go2_robot_sdk/build/lib/go2_robot_sdk/infrastructure/webrtc/crypto
copying go2_robot_sdk/infrastructure/webrtc/crypto/__init__.py -> /home/jnu/go2_ws/build/go2_robot_sdk/build/lib/go2_robot_sdk/infrastructure/webrtc/crypto
copying go2_robot_sdk/infrastructure/webrtc/crypto/encryption.py -> /home/jnu/go2_ws/build/go2_robot_sdk/build/lib/go2_robot_sdk/infrastructure/webrtc/crypto
running install
running install_lib
creating /home/jnu/go2_ws/install/go2_robot_sdk/lib/python3.10/site-packages/go2_robot_sdk
creating /home/jnu/go2_ws/install/go2_robot_sdk/lib/python3.10/site-packages/go2_robot_sdk/application
creating /home/jnu/go2_ws/install/go2_robot_sdk/lib/python3.10/site-packages/go2_robot_sdk/application/services
copying /home/jnu/go2_ws/build/go2_robot_sdk/build/lib/go2_robot_sdk/application/services/robot_data_service.py -> /home/jnu/go2_ws/install/go2_robot_sdk/lib/python3.10/site-packages/go2_robot_sdk/application/services
copying /home/jnu/go2_ws/build/go2_robot_sdk/build/lib/go2_robot_sdk/application/services/__init__.py -> /home/jnu/go2_ws/install/go2_robot_sdk/lib/python3.10/site-packages/go2_robot_sdk/application/services
copying /home/jnu/go2_ws/build/go2_robot_sdk/build/lib/go2_robot_sdk/application/services/robot_control_service.py -> /home/jnu/go2_ws/install/go2_robot_sdk/lib/python3.10/site-packages/go2_robot_sdk/application/services
copying /home/jnu/go2_ws/build/go2_robot_sdk/build/lib/go2_robot_sdk/application/__init__.py -> /home/jnu/go2_ws/install/go2_robot_sdk/lib/python3.10/site-packages/go2_robot_sdk/application
creating /home/jnu/go2_ws/install/go2_robot_sdk/lib/python3.10/site-packages/go2_robot_sdk/application/utils
copying /home/jnu/go2_ws/build/go2_robot_sdk/build/lib/go2_robot_sdk/application/utils/__init__.py -> /home/jnu/go2_ws/install/go2_robot_sdk/lib/python3.10/site-packages/go2_robot_sdk/application/utils
copying /home/jnu/go2_ws/build/go2_robot_sdk/build/lib/go2_robot_sdk/application/utils/command_generator.py -> /home/jnu/go2_ws/install/go2_robot_sdk/lib/python3.10/site-packages/go2_robot_sdk/application/utils
copying /home/jnu/go2_ws/build/go2_robot_sdk/build/lib/go2_robot_sdk/__init__.py -> /home/jnu/go2_ws/install/go2_robot_sdk/lib/python3.10/site-packages/go2_robot_sdk
creating /home/jnu/go2_ws/install/go2_robot_sdk/lib/python3.10/site-packages/go2_robot_sdk/domain
copying /home/jnu/go2_ws/build/go2_robot_sdk/build/lib/go2_robot_sdk/domain/__init__.py -> /home/jnu/go2_ws/install/go2_robot_sdk/lib/python3.10/site-packages/go2_robot_sdk/domain
creating /home/jnu/go2_ws/install/go2_robot_sdk/lib/python3.10/site-packages/go2_robot_sdk/domain/constants
copying /home/jnu/go2_ws/build/go2_robot_sdk/build/lib/go2_robot_sdk/domain/constants/__init__.py -> /home/jnu/go2_ws/install/go2_robot_sdk/lib/python3.10/site-packages/go2_robot_sdk/domain/constants
copying /home/jnu/go2_ws/build/go2_robot_sdk/build/lib/go2_robot_sdk/domain/constants/webrtc_topics.py -> /home/jnu/go2_ws/install/go2_robot_sdk/lib/python3.10/site-packages/go2_robot_sdk/domain/constants
copying /home/jnu/go2_ws/build/go2_robot_sdk/build/lib/go2_robot_sdk/domain/constants/robot_commands.py -> /home/jnu/go2_ws/install/go2_robot_sdk/lib/python3.10/site-packages/go2_robot_sdk/domain/constants
creating /home/jnu/go2_ws/install/go2_robot_sdk/lib/python3.10/site-packages/go2_robot_sdk/domain/interfaces
copying /home/jnu/go2_ws/build/go2_robot_sdk/build/lib/go2_robot_sdk/domain/interfaces/__init__.py -> /home/jnu/go2_ws/install/go2_robot_sdk/lib/python3.10/site-packages/go2_robot_sdk/domain/interfaces
copying /home/jnu/go2_ws/build/go2_robot_sdk/build/lib/go2_robot_sdk/domain/interfaces/robot_controller.py -> /home/jnu/go2_ws/install/go2_robot_sdk/lib/python3.10/site-packages/go2_robot_sdk/domain/interfaces
copying /home/jnu/go2_ws/build/go2_robot_sdk/build/lib/go2_robot_sdk/domain/interfaces/robot_data_publisher.py -> /home/jnu/go2_ws/install/go2_robot_sdk/lib/python3.10/site-packages/go2_robot_sdk/domain/interfaces
copying /home/jnu/go2_ws/build/go2_robot_sdk/build/lib/go2_robot_sdk/domain/interfaces/robot_data_receiver.py -> /home/jnu/go2_ws/install/go2_robot_sdk/lib/python3.10/site-packages/go2_robot_sdk/domain/interfaces
creating /home/jnu/go2_ws/install/go2_robot_sdk/lib/python3.10/site-packages/go2_robot_sdk/domain/entities
copying /home/jnu/go2_ws/build/go2_robot_sdk/build/lib/go2_robot_sdk/domain/entities/robot_config.py -> /home/jnu/go2_ws/install/go2_robot_sdk/lib/python3.10/site-packages/go2_robot_sdk/domain/entities
copying /home/jnu/go2_ws/build/go2_robot_sdk/build/lib/go2_robot_sdk/domain/entities/__init__.py -> /home/jnu/go2_ws/install/go2_robot_sdk/lib/python3.10/site-packages/go2_robot_sdk/domain/entities
copying /home/jnu/go2_ws/build/go2_robot_sdk/build/lib/go2_robot_sdk/domain/entities/robot_data.py -> /home/jnu/go2_ws/install/go2_robot_sdk/lib/python3.10/site-packages/go2_robot_sdk/domain/entities
creating /home/jnu/go2_ws/install/go2_robot_sdk/lib/python3.10/site-packages/go2_robot_sdk/domain/math
copying /home/jnu/go2_ws/build/go2_robot_sdk/build/lib/go2_robot_sdk/domain/math/__init__.py -> /home/jnu/go2_ws/install/go2_robot_sdk/lib/python3.10/site-packages/go2_robot_sdk/domain/math
copying /home/jnu/go2_ws/build/go2_robot_sdk/build/lib/go2_robot_sdk/domain/math/kinematics.py -> /home/jnu/go2_ws/install/go2_robot_sdk/lib/python3.10/site-packages/go2_robot_sdk/domain/math
copying /home/jnu/go2_ws/build/go2_robot_sdk/build/lib/go2_robot_sdk/domain/math/geometry.py -> /home/jnu/go2_ws/install/go2_robot_sdk/lib/python3.10/site-packages/go2_robot_sdk/domain/math
copying /home/jnu/go2_ws/build/go2_robot_sdk/build/lib/go2_robot_sdk/main.py -> /home/jnu/go2_ws/install/go2_robot_sdk/lib/python3.10/site-packages/go2_robot_sdk
creating /home/jnu/go2_ws/install/go2_robot_sdk/lib/python3.10/site-packages/go2_robot_sdk/presentation
copying /home/jnu/go2_ws/build/go2_robot_sdk/build/lib/go2_robot_sdk/presentation/__init__.py -> /home/jnu/go2_ws/install/go2_robot_sdk/lib/python3.10/site-packages/go2_robot_sdk/presentation
copying /home/jnu/go2_ws/build/go2_robot_sdk/build/lib/go2_robot_sdk/presentation/go2_driver_node.py -> /home/jnu/go2_ws/install/go2_robot_sdk/lib/python3.10/site-packages/go2_robot_sdk/presentation
creating /home/jnu/go2_ws/install/go2_robot_sdk/lib/python3.10/site-packages/go2_robot_sdk/infrastructure
creating /home/jnu/go2_ws/install/go2_robot_sdk/lib/python3.10/site-packages/go2_robot_sdk/infrastructure/sensors
copying /home/jnu/go2_ws/build/go2_robot_sdk/build/lib/go2_robot_sdk/infrastructure/sensors/__init__.py -> /home/jnu/go2_ws/install/go2_robot_sdk/lib/python3.10/site-packages/go2_robot_sdk/infrastructure/sensors
copying /home/jnu/go2_ws/build/go2_robot_sdk/build/lib/go2_robot_sdk/infrastructure/sensors/camera_config.py -> /home/jnu/go2_ws/install/go2_robot_sdk/lib/python3.10/site-packages/go2_robot_sdk/infrastructure/sensors
copying /home/jnu/go2_ws/build/go2_robot_sdk/build/lib/go2_robot_sdk/infrastructure/sensors/lidar_decoder.py -> /home/jnu/go2_ws/install/go2_robot_sdk/lib/python3.10/site-packages/go2_robot_sdk/infrastructure/sensors
copying /home/jnu/go2_ws/build/go2_robot_sdk/build/lib/go2_robot_sdk/infrastructure/__init__.py -> /home/jnu/go2_ws/install/go2_robot_sdk/lib/python3.10/site-packages/go2_robot_sdk/infrastructure
creating /home/jnu/go2_ws/install/go2_robot_sdk/lib/python3.10/site-packages/go2_robot_sdk/infrastructure/ros2
copying /home/jnu/go2_ws/build/go2_robot_sdk/build/lib/go2_robot_sdk/infrastructure/ros2/__init__.py -> /home/jnu/go2_ws/install/go2_robot_sdk/lib/python3.10/site-packages/go2_robot_sdk/infrastructure/ros2
copying /home/jnu/go2_ws/build/go2_robot_sdk/build/lib/go2_robot_sdk/infrastructure/ros2/ros2_publisher.py -> /home/jnu/go2_ws/install/go2_robot_sdk/lib/python3.10/site-packages/go2_robot_sdk/infrastructure/ros2
creating /home/jnu/go2_ws/install/go2_robot_sdk/lib/python3.10/site-packages/go2_robot_sdk/infrastructure/webrtc
copying /home/jnu/go2_ws/build/go2_robot_sdk/build/lib/go2_robot_sdk/infrastructure/webrtc/__init__.py -> /home/jnu/go2_ws/install/go2_robot_sdk/lib/python3.10/site-packages/go2_robot_sdk/infrastructure/webrtc
copying /home/jnu/go2_ws/build/go2_robot_sdk/build/lib/go2_robot_sdk/infrastructure/webrtc/go2_connection.py -> /home/jnu/go2_ws/install/go2_robot_sdk/lib/python3.10/site-packages/go2_robot_sdk/infrastructure/webrtc
copying /home/jnu/go2_ws/build/go2_robot_sdk/build/lib/go2_robot_sdk/infrastructure/webrtc/data_decoder.py -> /home/jnu/go2_ws/install/go2_robot_sdk/lib/python3.10/site-packages/go2_robot_sdk/infrastructure/webrtc
copying /home/jnu/go2_ws/build/go2_robot_sdk/build/lib/go2_robot_sdk/infrastructure/webrtc/webrtc_adapter.py -> /home/jnu/go2_ws/install/go2_robot_sdk/lib/python3.10/site-packages/go2_robot_sdk/infrastructure/webrtc
creating /home/jnu/go2_ws/install/go2_robot_sdk/lib/python3.10/site-packages/go2_robot_sdk/infrastructure/webrtc/crypto
copying /home/jnu/go2_ws/build/go2_robot_sdk/build/lib/go2_robot_sdk/infrastructure/webrtc/crypto/__init__.py -> /home/jnu/go2_ws/install/go2_robot_sdk/lib/python3.10/site-packages/go2_robot_sdk/infrastructure/webrtc/crypto
copying /home/jnu/go2_ws/build/go2_robot_sdk/build/lib/go2_robot_sdk/infrastructure/webrtc/crypto/encryption.py -> /home/jnu/go2_ws/install/go2_robot_sdk/lib/python3.10/site-packages/go2_robot_sdk/infrastructure/webrtc/crypto
copying /home/jnu/go2_ws/build/go2_robot_sdk/build/lib/go2_robot_sdk/infrastructure/webrtc/http_client.py -> /home/jnu/go2_ws/install/go2_robot_sdk/lib/python3.10/site-packages/go2_robot_sdk/infrastructure/webrtc
byte-compiling /home/jnu/go2_ws/install/go2_robot_sdk/lib/python3.10/site-packages/go2_robot_sdk/application/services/robot_data_service.py to robot_data_service.cpython-310.pyc
byte-compiling /home/jnu/go2_ws/install/go2_robot_sdk/lib/python3.10/site-packages/go2_robot_sdk/application/services/__init__.py to __init__.cpython-310.pyc
byte-compiling /home/jnu/go2_ws/install/go2_robot_sdk/lib/python3.10/site-packages/go2_robot_sdk/application/services/robot_control_service.py to robot_control_service.cpython-310.pyc
byte-compiling /home/jnu/go2_ws/install/go2_robot_sdk/lib/python3.10/site-packages/go2_robot_sdk/application/__init__.py to __init__.cpython-310.pyc
byte-compiling /home/jnu/go2_ws/install/go2_robot_sdk/lib/python3.10/site-packages/go2_robot_sdk/application/utils/__init__.py to __init__.cpython-310.pyc
byte-compiling /home/jnu/go2_ws/install/go2_robot_sdk/lib/python3.10/site-packages/go2_robot_sdk/application/utils/command_generator.py to command_generator.cpython-310.pyc
byte-compiling /home/jnu/go2_ws/install/go2_robot_sdk/lib/python3.10/site-packages/go2_robot_sdk/__init__.py to __init__.cpython-310.pyc
byte-compiling /home/jnu/go2_ws/install/go2_robot_sdk/lib/python3.10/site-packages/go2_robot_sdk/domain/__init__.py to __init__.cpython-310.pyc
byte-compiling /home/jnu/go2_ws/install/go2_robot_sdk/lib/python3.10/site-packages/go2_robot_sdk/domain/constants/__init__.py to __init__.cpython-310.pyc
byte-compiling /home/jnu/go2_ws/install/go2_robot_sdk/lib/python3.10/site-packages/go2_robot_sdk/domain/constants/webrtc_topics.py to webrtc_topics.cpython-310.pyc
byte-compiling /home/jnu/go2_ws/install/go2_robot_sdk/lib/python3.10/site-packages/go2_robot_sdk/domain/constants/robot_commands.py to robot_commands.cpython-310.pyc
byte-compiling /home/jnu/go2_ws/install/go2_robot_sdk/lib/python3.10/site-packages/go2_robot_sdk/domain/interfaces/__init__.py to __init__.cpython-310.pyc
byte-compiling /home/jnu/go2_ws/install/go2_robot_sdk/lib/python3.10/site-packages/go2_robot_sdk/domain/interfaces/robot_controller.py to robot_controller.cpython-310.pyc
byte-compiling /home/jnu/go2_ws/install/go2_robot_sdk/lib/python3.10/site-packages/go2_robot_sdk/domain/interfaces/robot_data_publisher.py to robot_data_publisher.cpython-310.pyc
byte-compiling /home/jnu/go2_ws/install/go2_robot_sdk/lib/python3.10/site-packages/go2_robot_sdk/domain/interfaces/robot_data_receiver.py to robot_data_receiver.cpython-310.pyc
byte-compiling /home/jnu/go2_ws/install/go2_robot_sdk/lib/python3.10/site-packages/go2_robot_sdk/domain/entities/robot_config.py to robot_config.cpython-310.pyc
byte-compiling /home/jnu/go2_ws/install/go2_robot_sdk/lib/python3.10/site-packages/go2_robot_sdk/domain/entities/__init__.py to __init__.cpython-310.pyc
byte-compiling /home/jnu/go2_ws/install/go2_robot_sdk/lib/python3.10/site-packages/go2_robot_sdk/domain/entities/robot_data.py to robot_data.cpython-310.pyc
byte-compiling /home/jnu/go2_ws/install/go2_robot_sdk/lib/python3.10/site-packages/go2_robot_sdk/domain/math/__init__.py to __init__.cpython-310.pyc
byte-compiling /home/jnu/go2_ws/install/go2_robot_sdk/lib/python3.10/site-packages/go2_robot_sdk/domain/math/kinematics.py to kinematics.cpython-310.pyc
byte-compiling /home/jnu/go2_ws/install/go2_robot_sdk/lib/python3.10/site-packages/go2_robot_sdk/domain/math/geometry.py to geometry.cpython-310.pyc
byte-compiling /home/jnu/go2_ws/install/go2_robot_sdk/lib/python3.10/site-packages/go2_robot_sdk/main.py to main.cpython-310.pyc
byte-compiling /home/jnu/go2_ws/install/go2_robot_sdk/lib/python3.10/site-packages/go2_robot_sdk/presentation/__init__.py to __init__.cpython-310.pyc
byte-compiling /home/jnu/go2_ws/install/go2_robot_sdk/lib/python3.10/site-packages/go2_robot_sdk/presentation/go2_driver_node.py to go2_driver_node.cpython-310.pyc
byte-compiling /home/jnu/go2_ws/install/go2_robot_sdk/lib/python3.10/site-packages/go2_robot_sdk/infrastructure/sensors/__init__.py to __init__.cpython-310.pyc
byte-compiling /home/jnu/go2_ws/install/go2_robot_sdk/lib/python3.10/site-packages/go2_robot_sdk/infrastructure/sensors/camera_config.py to camera_config.cpython-310.pyc
byte-compiling /home/jnu/go2_ws/install/go2_robot_sdk/lib/python3.10/site-packages/go2_robot_sdk/infrastructure/sensors/lidar_decoder.py to lidar_decoder.cpython-310.pyc
byte-compiling /home/jnu/go2_ws/install/go2_robot_sdk/lib/python3.10/site-packages/go2_robot_sdk/infrastructure/__init__.py to __init__.cpython-310.pyc
byte-compiling /home/jnu/go2_ws/install/go2_robot_sdk/lib/python3.10/site-packages/go2_robot_sdk/infrastructure/ros2/__init__.py to __init__.cpython-310.pyc
byte-compiling /home/jnu/go2_ws/install/go2_robot_sdk/lib/python3.10/site-packages/go2_robot_sdk/infrastructure/ros2/ros2_publisher.py to ros2_publisher.cpython-310.pyc
byte-compiling /home/jnu/go2_ws/install/go2_robot_sdk/lib/python3.10/site-packages/go2_robot_sdk/infrastructure/webrtc/__init__.py to __init__.cpython-310.pyc
byte-compiling /home/jnu/go2_ws/install/go2_robot_sdk/lib/python3.10/site-packages/go2_robot_sdk/infrastructure/webrtc/go2_connection.py to go2_connection.cpython-310.pyc
byte-compiling /home/jnu/go2_ws/install/go2_robot_sdk/lib/python3.10/site-packages/go2_robot_sdk/infrastructure/webrtc/data_decoder.py to data_decoder.cpython-310.pyc
byte-compiling /home/jnu/go2_ws/install/go2_robot_sdk/lib/python3.10/site-packages/go2_robot_sdk/infrastructure/webrtc/webrtc_adapter.py to webrtc_adapter.cpython-310.pyc
byte-compiling /home/jnu/go2_ws/install/go2_robot_sdk/lib/python3.10/site-packages/go2_robot_sdk/infrastructure/webrtc/crypto/__init__.py to __init__.cpython-310.pyc
byte-compiling /home/jnu/go2_ws/install/go2_robot_sdk/lib/python3.10/site-packages/go2_robot_sdk/infrastructure/webrtc/crypto/encryption.py to encryption.cpython-310.pyc
byte-compiling /home/jnu/go2_ws/install/go2_robot_sdk/lib/python3.10/site-packages/go2_robot_sdk/infrastructure/webrtc/http_client.py to http_client.cpython-310.pyc
running install_data
creating /home/jnu/go2_ws/install/go2_robot_sdk/share/ament_index
creating /home/jnu/go2_ws/install/go2_robot_sdk/share/ament_index/resource_index
creating /home/jnu/go2_ws/install/go2_robot_sdk/share/ament_index/resource_index/packages
copying resource/go2_robot_sdk -> /home/jnu/go2_ws/install/go2_robot_sdk/share/ament_index/resource_index/packages
copying package.xml -> /home/jnu/go2_ws/install/go2_robot_sdk/share/go2_robot_sdk
creating /home/jnu/go2_ws/install/go2_robot_sdk/share/go2_robot_sdk/launch
copying launch/robot.launch.py -> /home/jnu/go2_ws/install/go2_robot_sdk/share/go2_robot_sdk/launch
copying launch/webrtc_web.launch.py -> /home/jnu/go2_ws/install/go2_robot_sdk/share/go2_robot_sdk/launch
copying launch/robot_cpp.launch.py -> /home/jnu/go2_ws/install/go2_robot_sdk/share/go2_robot_sdk/launch
creating /home/jnu/go2_ws/install/go2_robot_sdk/share/go2_robot_sdk/urdf
copying urdf/multi_go2.urdf -> /home/jnu/go2_ws/install/go2_robot_sdk/share/go2_robot_sdk/urdf
copying urdf/go2_on_steroids.urdf -> /home/jnu/go2_ws/install/go2_robot_sdk/share/go2_robot_sdk/urdf
copying urdf/go2_with_realsense.urdf -> /home/jnu/go2_ws/install/go2_robot_sdk/share/go2_robot_sdk/urdf
copying urdf/go2.urdf -> /home/jnu/go2_ws/install/go2_robot_sdk/share/go2_robot_sdk/urdf
creating /home/jnu/go2_ws/install/go2_robot_sdk/share/go2_robot_sdk/dae
copying dae/base.dae -> /home/jnu/go2_ws/install/go2_robot_sdk/share/go2_robot_sdk/dae
copying dae/calf.dae -> /home/jnu/go2_ws/install/go2_robot_sdk/share/go2_robot_sdk/dae
copying dae/foot.dae -> /home/jnu/go2_ws/install/go2_robot_sdk/share/go2_robot_sdk/dae
copying dae/hip.dae -> /home/jnu/go2_ws/install/go2_robot_sdk/share/go2_robot_sdk/dae
copying dae/thigh.dae -> /home/jnu/go2_ws/install/go2_robot_sdk/share/go2_robot_sdk/dae
copying dae/thigh_mirror.dae -> /home/jnu/go2_ws/install/go2_robot_sdk/share/go2_robot_sdk/dae
copying dae/calf_mirror.dae -> /home/jnu/go2_ws/install/go2_robot_sdk/share/go2_robot_sdk/dae
creating /home/jnu/go2_ws/install/go2_robot_sdk/share/go2_robot_sdk/meshes
copying meshes/base.STL -> /home/jnu/go2_ws/install/go2_robot_sdk/share/go2_robot_sdk/meshes
copying meshes/right_d_camera.STL -> /home/jnu/go2_ws/install/go2_robot_sdk/share/go2_robot_sdk/meshes
copying meshes/lidar_link.STL -> /home/jnu/go2_ws/install/go2_robot_sdk/share/go2_robot_sdk/meshes
copying meshes/left_d_camera.STL -> /home/jnu/go2_ws/install/go2_robot_sdk/share/go2_robot_sdk/meshes
copying meshes/front_d_camera.STL -> /home/jnu/go2_ws/install/go2_robot_sdk/share/go2_robot_sdk/meshes
creating /home/jnu/go2_ws/install/go2_robot_sdk/share/go2_robot_sdk/config
copying config/twist_mux.yaml -> /home/jnu/go2_ws/install/go2_robot_sdk/share/go2_robot_sdk/config
copying config/joystick.yaml -> /home/jnu/go2_ws/install/go2_robot_sdk/share/go2_robot_sdk/config
copying config/mapper_params_online_async.yaml -> /home/jnu/go2_ws/install/go2_robot_sdk/share/go2_robot_sdk/config
copying config/multi_robot_conf.rviz -> /home/jnu/go2_ws/install/go2_robot_sdk/share/go2_robot_sdk/config
copying config/single_robot_conf.rviz -> /home/jnu/go2_ws/install/go2_robot_sdk/share/go2_robot_sdk/config
copying config/cyclonedds_config.rviz -> /home/jnu/go2_ws/install/go2_robot_sdk/share/go2_robot_sdk/config
copying config/nav2_params.yaml -> /home/jnu/go2_ws/install/go2_robot_sdk/share/go2_robot_sdk/config
creating /home/jnu/go2_ws/install/go2_robot_sdk/share/go2_robot_sdk/calibration
copying calibration/front_camera_1080.yaml -> /home/jnu/go2_ws/install/go2_robot_sdk/share/go2_robot_sdk/calibration
copying calibration/front_camera_720.yaml -> /home/jnu/go2_ws/install/go2_robot_sdk/share/go2_robot_sdk/calibration
creating /home/jnu/go2_ws/install/go2_robot_sdk/share/go2_robot_sdk/external_lib
copying external_lib/libvoxel.wasm -> /home/jnu/go2_ws/install/go2_robot_sdk/share/go2_robot_sdk/external_lib
creating /home/jnu/go2_ws/install/go2_robot_sdk/share/go2_robot_sdk/external_lib/aioice
running install_egg_info
Copying ../../../build/go2_robot_sdk/go2_robot_sdk.egg-info to /home/jnu/go2_ws/install/go2_robot_sdk/lib/python3.10/site-packages/go2_robot_sdk-0.0.0-py3.10.egg-info
running install_scripts
Installing go2_driver_node script to /home/jnu/go2_ws/install/go2_robot_sdk/lib/go2_robot_sdk
writing list of installed files to '/home/jnu/go2_ws/build/go2_robot_sdk/install.log'
