[0.244s] Invoking command in '/home/jnu/go2_ws/src/go2_ros2_sdk/go2_robot_sdk': AMENT_PREFIX_PATH=/home/jnu/go2_ws/install/go2_interfaces CMAKE_PREFIX_PATH=/home/jnu/go2_ws/install/go2_interfaces LD_LIBRARY_PATH=/home/jnu/go2_ws/install/go2_interfaces/lib:/usr/local/cuda-11.8/lib64 PYTHONPATH=/home/jnu/go2_ws/build/go2_robot_sdk/prefix_override:/usr/lib/python3/dist-packages/colcon_core/task/python/colcon_distutils_commands:/home/jnu/go2_ws/install/go2_robot_sdk/lib/python3.10/site-packages:/home/jnu/go2_ws/install/go2_interfaces/local/lib/python3.10/dist-packages /usr/bin/python3 -W ignore:setup.py install is deprecated -W ignore:easy_install command is deprecated setup.py egg_info --egg-base ../../../build/go2_robot_sdk build --build-base /home/jnu/go2_ws/build/go2_robot_sdk/build install --record /home/jnu/go2_ws/build/go2_robot_sdk/install.log --single-version-externally-managed install_data
[0.332s] running egg_info
[0.332s] creating ../../../build/go2_robot_sdk/go2_robot_sdk.egg-info
[0.332s] writing ../../../build/go2_robot_sdk/go2_robot_sdk.egg-info/PKG-INFO
[0.332s] writing dependency_links to ../../../build/go2_robot_sdk/go2_robot_sdk.egg-info/dependency_links.txt
[0.332s] writing entry points to ../../../build/go2_robot_sdk/go2_robot_sdk.egg-info/entry_points.txt
[0.332s] writing requirements to ../../../build/go2_robot_sdk/go2_robot_sdk.egg-info/requires.txt
[0.332s] writing top-level names to ../../../build/go2_robot_sdk/go2_robot_sdk.egg-info/top_level.txt
[0.332s] writing manifest file '../../../build/go2_robot_sdk/go2_robot_sdk.egg-info/SOURCES.txt'
[0.333s] reading manifest file '../../../build/go2_robot_sdk/go2_robot_sdk.egg-info/SOURCES.txt'
[0.333s] adding license file 'LICENSE'
[0.334s] writing manifest file '../../../build/go2_robot_sdk/go2_robot_sdk.egg-info/SOURCES.txt'
[0.334s] running build
[0.334s] running build_py
[0.334s] creating /home/jnu/go2_ws/build/go2_robot_sdk/build
[0.334s] creating /home/jnu/go2_ws/build/go2_robot_sdk/build/lib
[0.334s] creating /home/jnu/go2_ws/build/go2_robot_sdk/build/lib/go2_robot_sdk
[0.334s] copying go2_robot_sdk/__init__.py -> /home/jnu/go2_ws/build/go2_robot_sdk/build/lib/go2_robot_sdk
[0.334s] copying go2_robot_sdk/main.py -> /home/jnu/go2_ws/build/go2_robot_sdk/build/lib/go2_robot_sdk
[0.334s] creating /home/jnu/go2_ws/build/go2_robot_sdk/build/lib/go2_robot_sdk/application
[0.334s] copying go2_robot_sdk/application/__init__.py -> /home/jnu/go2_ws/build/go2_robot_sdk/build/lib/go2_robot_sdk/application
[0.334s] creating /home/jnu/go2_ws/build/go2_robot_sdk/build/lib/go2_robot_sdk/domain
[0.334s] copying go2_robot_sdk/domain/__init__.py -> /home/jnu/go2_ws/build/go2_robot_sdk/build/lib/go2_robot_sdk/domain
[0.334s] creating /home/jnu/go2_ws/build/go2_robot_sdk/build/lib/go2_robot_sdk/presentation
[0.334s] copying go2_robot_sdk/presentation/__init__.py -> /home/jnu/go2_ws/build/go2_robot_sdk/build/lib/go2_robot_sdk/presentation
[0.334s] copying go2_robot_sdk/presentation/go2_driver_node.py -> /home/jnu/go2_ws/build/go2_robot_sdk/build/lib/go2_robot_sdk/presentation
[0.334s] creating /home/jnu/go2_ws/build/go2_robot_sdk/build/lib/go2_robot_sdk/infrastructure
[0.335s] copying go2_robot_sdk/infrastructure/__init__.py -> /home/jnu/go2_ws/build/go2_robot_sdk/build/lib/go2_robot_sdk/infrastructure
[0.335s] creating /home/jnu/go2_ws/build/go2_robot_sdk/build/lib/go2_robot_sdk/application/services
[0.335s] copying go2_robot_sdk/application/services/robot_data_service.py -> /home/jnu/go2_ws/build/go2_robot_sdk/build/lib/go2_robot_sdk/application/services
[0.335s] copying go2_robot_sdk/application/services/__init__.py -> /home/jnu/go2_ws/build/go2_robot_sdk/build/lib/go2_robot_sdk/application/services
[0.335s] copying go2_robot_sdk/application/services/robot_control_service.py -> /home/jnu/go2_ws/build/go2_robot_sdk/build/lib/go2_robot_sdk/application/services
[0.335s] creating /home/jnu/go2_ws/build/go2_robot_sdk/build/lib/go2_robot_sdk/application/utils
[0.335s] copying go2_robot_sdk/application/utils/__init__.py -> /home/jnu/go2_ws/build/go2_robot_sdk/build/lib/go2_robot_sdk/application/utils
[0.335s] copying go2_robot_sdk/application/utils/command_generator.py -> /home/jnu/go2_ws/build/go2_robot_sdk/build/lib/go2_robot_sdk/application/utils
[0.335s] creating /home/jnu/go2_ws/build/go2_robot_sdk/build/lib/go2_robot_sdk/domain/constants
[0.335s] copying go2_robot_sdk/domain/constants/__init__.py -> /home/jnu/go2_ws/build/go2_robot_sdk/build/lib/go2_robot_sdk/domain/constants
[0.335s] copying go2_robot_sdk/domain/constants/webrtc_topics.py -> /home/jnu/go2_ws/build/go2_robot_sdk/build/lib/go2_robot_sdk/domain/constants
[0.335s] copying go2_robot_sdk/domain/constants/robot_commands.py -> /home/jnu/go2_ws/build/go2_robot_sdk/build/lib/go2_robot_sdk/domain/constants
[0.335s] creating /home/jnu/go2_ws/build/go2_robot_sdk/build/lib/go2_robot_sdk/domain/interfaces
[0.335s] copying go2_robot_sdk/domain/interfaces/__init__.py -> /home/jnu/go2_ws/build/go2_robot_sdk/build/lib/go2_robot_sdk/domain/interfaces
[0.335s] copying go2_robot_sdk/domain/interfaces/robot_controller.py -> /home/jnu/go2_ws/build/go2_robot_sdk/build/lib/go2_robot_sdk/domain/interfaces
[0.335s] copying go2_robot_sdk/domain/interfaces/robot_data_publisher.py -> /home/jnu/go2_ws/build/go2_robot_sdk/build/lib/go2_robot_sdk/domain/interfaces
[0.335s] copying go2_robot_sdk/domain/interfaces/robot_data_receiver.py -> /home/jnu/go2_ws/build/go2_robot_sdk/build/lib/go2_robot_sdk/domain/interfaces
[0.335s] creating /home/jnu/go2_ws/build/go2_robot_sdk/build/lib/go2_robot_sdk/domain/entities
[0.335s] copying go2_robot_sdk/domain/entities/robot_config.py -> /home/jnu/go2_ws/build/go2_robot_sdk/build/lib/go2_robot_sdk/domain/entities
[0.335s] copying go2_robot_sdk/domain/entities/__init__.py -> /home/jnu/go2_ws/build/go2_robot_sdk/build/lib/go2_robot_sdk/domain/entities
[0.335s] copying go2_robot_sdk/domain/entities/robot_data.py -> /home/jnu/go2_ws/build/go2_robot_sdk/build/lib/go2_robot_sdk/domain/entities
[0.335s] creating /home/jnu/go2_ws/build/go2_robot_sdk/build/lib/go2_robot_sdk/domain/math
[0.335s] copying go2_robot_sdk/domain/math/__init__.py -> /home/jnu/go2_ws/build/go2_robot_sdk/build/lib/go2_robot_sdk/domain/math
[0.335s] copying go2_robot_sdk/domain/math/kinematics.py -> /home/jnu/go2_ws/build/go2_robot_sdk/build/lib/go2_robot_sdk/domain/math
[0.335s] copying go2_robot_sdk/domain/math/geometry.py -> /home/jnu/go2_ws/build/go2_robot_sdk/build/lib/go2_robot_sdk/domain/math
[0.335s] creating /home/jnu/go2_ws/build/go2_robot_sdk/build/lib/go2_robot_sdk/infrastructure/sensors
[0.335s] copying go2_robot_sdk/infrastructure/sensors/__init__.py -> /home/jnu/go2_ws/build/go2_robot_sdk/build/lib/go2_robot_sdk/infrastructure/sensors
[0.335s] copying go2_robot_sdk/infrastructure/sensors/camera_config.py -> /home/jnu/go2_ws/build/go2_robot_sdk/build/lib/go2_robot_sdk/infrastructure/sensors
[0.335s] copying go2_robot_sdk/infrastructure/sensors/lidar_decoder.py -> /home/jnu/go2_ws/build/go2_robot_sdk/build/lib/go2_robot_sdk/infrastructure/sensors
[0.335s] creating /home/jnu/go2_ws/build/go2_robot_sdk/build/lib/go2_robot_sdk/infrastructure/ros2
[0.335s] copying go2_robot_sdk/infrastructure/ros2/__init__.py -> /home/jnu/go2_ws/build/go2_robot_sdk/build/lib/go2_robot_sdk/infrastructure/ros2
[0.335s] copying go2_robot_sdk/infrastructure/ros2/ros2_publisher.py -> /home/jnu/go2_ws/build/go2_robot_sdk/build/lib/go2_robot_sdk/infrastructure/ros2
[0.335s] creating /home/jnu/go2_ws/build/go2_robot_sdk/build/lib/go2_robot_sdk/infrastructure/webrtc
[0.335s] copying go2_robot_sdk/infrastructure/webrtc/__init__.py -> /home/jnu/go2_ws/build/go2_robot_sdk/build/lib/go2_robot_sdk/infrastructure/webrtc
[0.335s] copying go2_robot_sdk/infrastructure/webrtc/go2_connection.py -> /home/jnu/go2_ws/build/go2_robot_sdk/build/lib/go2_robot_sdk/infrastructure/webrtc
[0.336s] copying go2_robot_sdk/infrastructure/webrtc/data_decoder.py -> /home/jnu/go2_ws/build/go2_robot_sdk/build/lib/go2_robot_sdk/infrastructure/webrtc
[0.336s] copying go2_robot_sdk/infrastructure/webrtc/webrtc_adapter.py -> /home/jnu/go2_ws/build/go2_robot_sdk/build/lib/go2_robot_sdk/infrastructure/webrtc
[0.336s] copying go2_robot_sdk/infrastructure/webrtc/http_client.py -> /home/jnu/go2_ws/build/go2_robot_sdk/build/lib/go2_robot_sdk/infrastructure/webrtc
[0.336s] creating /home/jnu/go2_ws/build/go2_robot_sdk/build/lib/go2_robot_sdk/infrastructure/webrtc/crypto
[0.336s] copying go2_robot_sdk/infrastructure/webrtc/crypto/__init__.py -> /home/jnu/go2_ws/build/go2_robot_sdk/build/lib/go2_robot_sdk/infrastructure/webrtc/crypto
[0.336s] copying go2_robot_sdk/infrastructure/webrtc/crypto/encryption.py -> /home/jnu/go2_ws/build/go2_robot_sdk/build/lib/go2_robot_sdk/infrastructure/webrtc/crypto
[0.336s] running install
[0.336s] running install_lib
[0.337s] creating /home/jnu/go2_ws/install/go2_robot_sdk/lib/python3.10/site-packages/go2_robot_sdk
[0.337s] creating /home/jnu/go2_ws/install/go2_robot_sdk/lib/python3.10/site-packages/go2_robot_sdk/application
[0.337s] creating /home/jnu/go2_ws/install/go2_robot_sdk/lib/python3.10/site-packages/go2_robot_sdk/application/services
[0.337s] copying /home/jnu/go2_ws/build/go2_robot_sdk/build/lib/go2_robot_sdk/application/services/robot_data_service.py -> /home/jnu/go2_ws/install/go2_robot_sdk/lib/python3.10/site-packages/go2_robot_sdk/application/services
[0.337s] copying /home/jnu/go2_ws/build/go2_robot_sdk/build/lib/go2_robot_sdk/application/services/__init__.py -> /home/jnu/go2_ws/install/go2_robot_sdk/lib/python3.10/site-packages/go2_robot_sdk/application/services
[0.337s] copying /home/jnu/go2_ws/build/go2_robot_sdk/build/lib/go2_robot_sdk/application/services/robot_control_service.py -> /home/jnu/go2_ws/install/go2_robot_sdk/lib/python3.10/site-packages/go2_robot_sdk/application/services
[0.337s] copying /home/jnu/go2_ws/build/go2_robot_sdk/build/lib/go2_robot_sdk/application/__init__.py -> /home/jnu/go2_ws/install/go2_robot_sdk/lib/python3.10/site-packages/go2_robot_sdk/application
[0.337s] creating /home/jnu/go2_ws/install/go2_robot_sdk/lib/python3.10/site-packages/go2_robot_sdk/application/utils
[0.337s] copying /home/jnu/go2_ws/build/go2_robot_sdk/build/lib/go2_robot_sdk/application/utils/__init__.py -> /home/jnu/go2_ws/install/go2_robot_sdk/lib/python3.10/site-packages/go2_robot_sdk/application/utils
[0.337s] copying /home/jnu/go2_ws/build/go2_robot_sdk/build/lib/go2_robot_sdk/application/utils/command_generator.py -> /home/jnu/go2_ws/install/go2_robot_sdk/lib/python3.10/site-packages/go2_robot_sdk/application/utils
[0.337s] copying /home/jnu/go2_ws/build/go2_robot_sdk/build/lib/go2_robot_sdk/__init__.py -> /home/jnu/go2_ws/install/go2_robot_sdk/lib/python3.10/site-packages/go2_robot_sdk
[0.337s] creating /home/jnu/go2_ws/install/go2_robot_sdk/lib/python3.10/site-packages/go2_robot_sdk/domain
[0.337s] copying /home/jnu/go2_ws/build/go2_robot_sdk/build/lib/go2_robot_sdk/domain/__init__.py -> /home/jnu/go2_ws/install/go2_robot_sdk/lib/python3.10/site-packages/go2_robot_sdk/domain
[0.337s] creating /home/jnu/go2_ws/install/go2_robot_sdk/lib/python3.10/site-packages/go2_robot_sdk/domain/constants
[0.337s] copying /home/jnu/go2_ws/build/go2_robot_sdk/build/lib/go2_robot_sdk/domain/constants/__init__.py -> /home/jnu/go2_ws/install/go2_robot_sdk/lib/python3.10/site-packages/go2_robot_sdk/domain/constants
[0.337s] copying /home/jnu/go2_ws/build/go2_robot_sdk/build/lib/go2_robot_sdk/domain/constants/webrtc_topics.py -> /home/jnu/go2_ws/install/go2_robot_sdk/lib/python3.10/site-packages/go2_robot_sdk/domain/constants
[0.337s] copying /home/jnu/go2_ws/build/go2_robot_sdk/build/lib/go2_robot_sdk/domain/constants/robot_commands.py -> /home/jnu/go2_ws/install/go2_robot_sdk/lib/python3.10/site-packages/go2_robot_sdk/domain/constants
[0.337s] creating /home/jnu/go2_ws/install/go2_robot_sdk/lib/python3.10/site-packages/go2_robot_sdk/domain/interfaces
[0.337s] copying /home/jnu/go2_ws/build/go2_robot_sdk/build/lib/go2_robot_sdk/domain/interfaces/__init__.py -> /home/jnu/go2_ws/install/go2_robot_sdk/lib/python3.10/site-packages/go2_robot_sdk/domain/interfaces
[0.337s] copying /home/jnu/go2_ws/build/go2_robot_sdk/build/lib/go2_robot_sdk/domain/interfaces/robot_controller.py -> /home/jnu/go2_ws/install/go2_robot_sdk/lib/python3.10/site-packages/go2_robot_sdk/domain/interfaces
[0.337s] copying /home/jnu/go2_ws/build/go2_robot_sdk/build/lib/go2_robot_sdk/domain/interfaces/robot_data_publisher.py -> /home/jnu/go2_ws/install/go2_robot_sdk/lib/python3.10/site-packages/go2_robot_sdk/domain/interfaces
[0.337s] copying /home/jnu/go2_ws/build/go2_robot_sdk/build/lib/go2_robot_sdk/domain/interfaces/robot_data_receiver.py -> /home/jnu/go2_ws/install/go2_robot_sdk/lib/python3.10/site-packages/go2_robot_sdk/domain/interfaces
[0.337s] creating /home/jnu/go2_ws/install/go2_robot_sdk/lib/python3.10/site-packages/go2_robot_sdk/domain/entities
[0.337s] copying /home/jnu/go2_ws/build/go2_robot_sdk/build/lib/go2_robot_sdk/domain/entities/robot_config.py -> /home/jnu/go2_ws/install/go2_robot_sdk/lib/python3.10/site-packages/go2_robot_sdk/domain/entities
[0.337s] copying /home/jnu/go2_ws/build/go2_robot_sdk/build/lib/go2_robot_sdk/domain/entities/__init__.py -> /home/jnu/go2_ws/install/go2_robot_sdk/lib/python3.10/site-packages/go2_robot_sdk/domain/entities
[0.337s] copying /home/jnu/go2_ws/build/go2_robot_sdk/build/lib/go2_robot_sdk/domain/entities/robot_data.py -> /home/jnu/go2_ws/install/go2_robot_sdk/lib/python3.10/site-packages/go2_robot_sdk/domain/entities
[0.337s] creating /home/jnu/go2_ws/install/go2_robot_sdk/lib/python3.10/site-packages/go2_robot_sdk/domain/math
[0.337s] copying /home/jnu/go2_ws/build/go2_robot_sdk/build/lib/go2_robot_sdk/domain/math/__init__.py -> /home/jnu/go2_ws/install/go2_robot_sdk/lib/python3.10/site-packages/go2_robot_sdk/domain/math
[0.338s] copying /home/jnu/go2_ws/build/go2_robot_sdk/build/lib/go2_robot_sdk/domain/math/kinematics.py -> /home/jnu/go2_ws/install/go2_robot_sdk/lib/python3.10/site-packages/go2_robot_sdk/domain/math
[0.338s] copying /home/jnu/go2_ws/build/go2_robot_sdk/build/lib/go2_robot_sdk/domain/math/geometry.py -> /home/jnu/go2_ws/install/go2_robot_sdk/lib/python3.10/site-packages/go2_robot_sdk/domain/math
[0.338s] copying /home/jnu/go2_ws/build/go2_robot_sdk/build/lib/go2_robot_sdk/main.py -> /home/jnu/go2_ws/install/go2_robot_sdk/lib/python3.10/site-packages/go2_robot_sdk
[0.338s] creating /home/jnu/go2_ws/install/go2_robot_sdk/lib/python3.10/site-packages/go2_robot_sdk/presentation
[0.338s] copying /home/jnu/go2_ws/build/go2_robot_sdk/build/lib/go2_robot_sdk/presentation/__init__.py -> /home/jnu/go2_ws/install/go2_robot_sdk/lib/python3.10/site-packages/go2_robot_sdk/presentation
[0.338s] copying /home/jnu/go2_ws/build/go2_robot_sdk/build/lib/go2_robot_sdk/presentation/go2_driver_node.py -> /home/jnu/go2_ws/install/go2_robot_sdk/lib/python3.10/site-packages/go2_robot_sdk/presentation
[0.338s] creating /home/jnu/go2_ws/install/go2_robot_sdk/lib/python3.10/site-packages/go2_robot_sdk/infrastructure
[0.338s] creating /home/jnu/go2_ws/install/go2_robot_sdk/lib/python3.10/site-packages/go2_robot_sdk/infrastructure/sensors
[0.338s] copying /home/jnu/go2_ws/build/go2_robot_sdk/build/lib/go2_robot_sdk/infrastructure/sensors/__init__.py -> /home/jnu/go2_ws/install/go2_robot_sdk/lib/python3.10/site-packages/go2_robot_sdk/infrastructure/sensors
[0.338s] copying /home/jnu/go2_ws/build/go2_robot_sdk/build/lib/go2_robot_sdk/infrastructure/sensors/camera_config.py -> /home/jnu/go2_ws/install/go2_robot_sdk/lib/python3.10/site-packages/go2_robot_sdk/infrastructure/sensors
[0.338s] copying /home/jnu/go2_ws/build/go2_robot_sdk/build/lib/go2_robot_sdk/infrastructure/sensors/lidar_decoder.py -> /home/jnu/go2_ws/install/go2_robot_sdk/lib/python3.10/site-packages/go2_robot_sdk/infrastructure/sensors
[0.338s] copying /home/jnu/go2_ws/build/go2_robot_sdk/build/lib/go2_robot_sdk/infrastructure/__init__.py -> /home/jnu/go2_ws/install/go2_robot_sdk/lib/python3.10/site-packages/go2_robot_sdk/infrastructure
[0.338s] creating /home/jnu/go2_ws/install/go2_robot_sdk/lib/python3.10/site-packages/go2_robot_sdk/infrastructure/ros2
[0.338s] copying /home/jnu/go2_ws/build/go2_robot_sdk/build/lib/go2_robot_sdk/infrastructure/ros2/__init__.py -> /home/jnu/go2_ws/install/go2_robot_sdk/lib/python3.10/site-packages/go2_robot_sdk/infrastructure/ros2
[0.338s] copying /home/jnu/go2_ws/build/go2_robot_sdk/build/lib/go2_robot_sdk/infrastructure/ros2/ros2_publisher.py -> /home/jnu/go2_ws/install/go2_robot_sdk/lib/python3.10/site-packages/go2_robot_sdk/infrastructure/ros2
[0.338s] creating /home/jnu/go2_ws/install/go2_robot_sdk/lib/python3.10/site-packages/go2_robot_sdk/infrastructure/webrtc
[0.338s] copying /home/jnu/go2_ws/build/go2_robot_sdk/build/lib/go2_robot_sdk/infrastructure/webrtc/__init__.py -> /home/jnu/go2_ws/install/go2_robot_sdk/lib/python3.10/site-packages/go2_robot_sdk/infrastructure/webrtc
[0.338s] copying /home/jnu/go2_ws/build/go2_robot_sdk/build/lib/go2_robot_sdk/infrastructure/webrtc/go2_connection.py -> /home/jnu/go2_ws/install/go2_robot_sdk/lib/python3.10/site-packages/go2_robot_sdk/infrastructure/webrtc
[0.338s] copying /home/jnu/go2_ws/build/go2_robot_sdk/build/lib/go2_robot_sdk/infrastructure/webrtc/data_decoder.py -> /home/jnu/go2_ws/install/go2_robot_sdk/lib/python3.10/site-packages/go2_robot_sdk/infrastructure/webrtc
[0.338s] copying /home/jnu/go2_ws/build/go2_robot_sdk/build/lib/go2_robot_sdk/infrastructure/webrtc/webrtc_adapter.py -> /home/jnu/go2_ws/install/go2_robot_sdk/lib/python3.10/site-packages/go2_robot_sdk/infrastructure/webrtc
[0.338s] creating /home/jnu/go2_ws/install/go2_robot_sdk/lib/python3.10/site-packages/go2_robot_sdk/infrastructure/webrtc/crypto
[0.338s] copying /home/jnu/go2_ws/build/go2_robot_sdk/build/lib/go2_robot_sdk/infrastructure/webrtc/crypto/__init__.py -> /home/jnu/go2_ws/install/go2_robot_sdk/lib/python3.10/site-packages/go2_robot_sdk/infrastructure/webrtc/crypto
[0.338s] copying /home/jnu/go2_ws/build/go2_robot_sdk/build/lib/go2_robot_sdk/infrastructure/webrtc/crypto/encryption.py -> /home/jnu/go2_ws/install/go2_robot_sdk/lib/python3.10/site-packages/go2_robot_sdk/infrastructure/webrtc/crypto
[0.338s] copying /home/jnu/go2_ws/build/go2_robot_sdk/build/lib/go2_robot_sdk/infrastructure/webrtc/http_client.py -> /home/jnu/go2_ws/install/go2_robot_sdk/lib/python3.10/site-packages/go2_robot_sdk/infrastructure/webrtc
[0.338s] byte-compiling /home/jnu/go2_ws/install/go2_robot_sdk/lib/python3.10/site-packages/go2_robot_sdk/application/services/robot_data_service.py to robot_data_service.cpython-310.pyc
[0.339s] byte-compiling /home/jnu/go2_ws/install/go2_robot_sdk/lib/python3.10/site-packages/go2_robot_sdk/application/services/__init__.py to __init__.cpython-310.pyc
[0.339s] byte-compiling /home/jnu/go2_ws/install/go2_robot_sdk/lib/python3.10/site-packages/go2_robot_sdk/application/services/robot_control_service.py to robot_control_service.cpython-310.pyc
[0.339s] byte-compiling /home/jnu/go2_ws/install/go2_robot_sdk/lib/python3.10/site-packages/go2_robot_sdk/application/__init__.py to __init__.cpython-310.pyc
[0.339s] byte-compiling /home/jnu/go2_ws/install/go2_robot_sdk/lib/python3.10/site-packages/go2_robot_sdk/application/utils/__init__.py to __init__.cpython-310.pyc
[0.340s] byte-compiling /home/jnu/go2_ws/install/go2_robot_sdk/lib/python3.10/site-packages/go2_robot_sdk/application/utils/command_generator.py to command_generator.cpython-310.pyc
[0.340s] byte-compiling /home/jnu/go2_ws/install/go2_robot_sdk/lib/python3.10/site-packages/go2_robot_sdk/__init__.py to __init__.cpython-310.pyc
[0.340s] byte-compiling /home/jnu/go2_ws/install/go2_robot_sdk/lib/python3.10/site-packages/go2_robot_sdk/domain/__init__.py to __init__.cpython-310.pyc
[0.340s] byte-compiling /home/jnu/go2_ws/install/go2_robot_sdk/lib/python3.10/site-packages/go2_robot_sdk/domain/constants/__init__.py to __init__.cpython-310.pyc
[0.340s] byte-compiling /home/jnu/go2_ws/install/go2_robot_sdk/lib/python3.10/site-packages/go2_robot_sdk/domain/constants/webrtc_topics.py to webrtc_topics.cpython-310.pyc
[0.340s] byte-compiling /home/jnu/go2_ws/install/go2_robot_sdk/lib/python3.10/site-packages/go2_robot_sdk/domain/constants/robot_commands.py to robot_commands.cpython-310.pyc
[0.340s] byte-compiling /home/jnu/go2_ws/install/go2_robot_sdk/lib/python3.10/site-packages/go2_robot_sdk/domain/interfaces/__init__.py to __init__.cpython-310.pyc
[0.340s] byte-compiling /home/jnu/go2_ws/install/go2_robot_sdk/lib/python3.10/site-packages/go2_robot_sdk/domain/interfaces/robot_controller.py to robot_controller.cpython-310.pyc
[0.340s] byte-compiling /home/jnu/go2_ws/install/go2_robot_sdk/lib/python3.10/site-packages/go2_robot_sdk/domain/interfaces/robot_data_publisher.py to robot_data_publisher.cpython-310.pyc
[0.341s] byte-compiling /home/jnu/go2_ws/install/go2_robot_sdk/lib/python3.10/site-packages/go2_robot_sdk/domain/interfaces/robot_data_receiver.py to robot_data_receiver.cpython-310.pyc
[0.341s] byte-compiling /home/jnu/go2_ws/install/go2_robot_sdk/lib/python3.10/site-packages/go2_robot_sdk/domain/entities/robot_config.py to robot_config.cpython-310.pyc
[0.341s] byte-compiling /home/jnu/go2_ws/install/go2_robot_sdk/lib/python3.10/site-packages/go2_robot_sdk/domain/entities/__init__.py to __init__.cpython-310.pyc
[0.341s] byte-compiling /home/jnu/go2_ws/install/go2_robot_sdk/lib/python3.10/site-packages/go2_robot_sdk/domain/entities/robot_data.py to robot_data.cpython-310.pyc
[0.341s] byte-compiling /home/jnu/go2_ws/install/go2_robot_sdk/lib/python3.10/site-packages/go2_robot_sdk/domain/math/__init__.py to __init__.cpython-310.pyc
[0.341s] byte-compiling /home/jnu/go2_ws/install/go2_robot_sdk/lib/python3.10/site-packages/go2_robot_sdk/domain/math/kinematics.py to kinematics.cpython-310.pyc
[0.341s] byte-compiling /home/jnu/go2_ws/install/go2_robot_sdk/lib/python3.10/site-packages/go2_robot_sdk/domain/math/geometry.py to geometry.cpython-310.pyc
[0.342s] byte-compiling /home/jnu/go2_ws/install/go2_robot_sdk/lib/python3.10/site-packages/go2_robot_sdk/main.py to main.cpython-310.pyc
[0.342s] byte-compiling /home/jnu/go2_ws/install/go2_robot_sdk/lib/python3.10/site-packages/go2_robot_sdk/presentation/__init__.py to __init__.cpython-310.pyc
[0.342s] byte-compiling /home/jnu/go2_ws/install/go2_robot_sdk/lib/python3.10/site-packages/go2_robot_sdk/presentation/go2_driver_node.py to go2_driver_node.cpython-310.pyc
[0.343s] byte-compiling /home/jnu/go2_ws/install/go2_robot_sdk/lib/python3.10/site-packages/go2_robot_sdk/infrastructure/sensors/__init__.py to __init__.cpython-310.pyc
[0.343s] byte-compiling /home/jnu/go2_ws/install/go2_robot_sdk/lib/python3.10/site-packages/go2_robot_sdk/infrastructure/sensors/camera_config.py to camera_config.cpython-310.pyc
[0.344s] byte-compiling /home/jnu/go2_ws/install/go2_robot_sdk/lib/python3.10/site-packages/go2_robot_sdk/infrastructure/sensors/lidar_decoder.py to lidar_decoder.cpython-310.pyc
[0.344s] byte-compiling /home/jnu/go2_ws/install/go2_robot_sdk/lib/python3.10/site-packages/go2_robot_sdk/infrastructure/__init__.py to __init__.cpython-310.pyc
[0.344s] byte-compiling /home/jnu/go2_ws/install/go2_robot_sdk/lib/python3.10/site-packages/go2_robot_sdk/infrastructure/ros2/__init__.py to __init__.cpython-310.pyc
[0.344s] byte-compiling /home/jnu/go2_ws/install/go2_robot_sdk/lib/python3.10/site-packages/go2_robot_sdk/infrastructure/ros2/ros2_publisher.py to ros2_publisher.cpython-310.pyc
[0.345s] byte-compiling /home/jnu/go2_ws/install/go2_robot_sdk/lib/python3.10/site-packages/go2_robot_sdk/infrastructure/webrtc/__init__.py to __init__.cpython-310.pyc
[0.345s] byte-compiling /home/jnu/go2_ws/install/go2_robot_sdk/lib/python3.10/site-packages/go2_robot_sdk/infrastructure/webrtc/go2_connection.py to go2_connection.cpython-310.pyc
[0.346s] byte-compiling /home/jnu/go2_ws/install/go2_robot_sdk/lib/python3.10/site-packages/go2_robot_sdk/infrastructure/webrtc/data_decoder.py to data_decoder.cpython-310.pyc
[0.346s] byte-compiling /home/jnu/go2_ws/install/go2_robot_sdk/lib/python3.10/site-packages/go2_robot_sdk/infrastructure/webrtc/webrtc_adapter.py to webrtc_adapter.cpython-310.pyc
[0.347s] byte-compiling /home/jnu/go2_ws/install/go2_robot_sdk/lib/python3.10/site-packages/go2_robot_sdk/infrastructure/webrtc/crypto/__init__.py to __init__.cpython-310.pyc
[0.347s] byte-compiling /home/jnu/go2_ws/install/go2_robot_sdk/lib/python3.10/site-packages/go2_robot_sdk/infrastructure/webrtc/crypto/encryption.py to encryption.cpython-310.pyc
[0.347s] byte-compiling /home/jnu/go2_ws/install/go2_robot_sdk/lib/python3.10/site-packages/go2_robot_sdk/infrastructure/webrtc/http_client.py to http_client.cpython-310.pyc
[0.348s] running install_data
[0.348s] creating /home/jnu/go2_ws/install/go2_robot_sdk/share/ament_index
[0.348s] creating /home/jnu/go2_ws/install/go2_robot_sdk/share/ament_index/resource_index
[0.348s] creating /home/jnu/go2_ws/install/go2_robot_sdk/share/ament_index/resource_index/packages
[0.348s] copying resource/go2_robot_sdk -> /home/jnu/go2_ws/install/go2_robot_sdk/share/ament_index/resource_index/packages
[0.348s] copying package.xml -> /home/jnu/go2_ws/install/go2_robot_sdk/share/go2_robot_sdk
[0.348s] creating /home/jnu/go2_ws/install/go2_robot_sdk/share/go2_robot_sdk/launch
[0.348s] copying launch/robot.launch.py -> /home/jnu/go2_ws/install/go2_robot_sdk/share/go2_robot_sdk/launch
[0.348s] copying launch/webrtc_web.launch.py -> /home/jnu/go2_ws/install/go2_robot_sdk/share/go2_robot_sdk/launch
[0.348s] copying launch/robot_cpp.launch.py -> /home/jnu/go2_ws/install/go2_robot_sdk/share/go2_robot_sdk/launch
[0.348s] creating /home/jnu/go2_ws/install/go2_robot_sdk/share/go2_robot_sdk/urdf
[0.348s] copying urdf/multi_go2.urdf -> /home/jnu/go2_ws/install/go2_robot_sdk/share/go2_robot_sdk/urdf
[0.348s] copying urdf/go2_on_steroids.urdf -> /home/jnu/go2_ws/install/go2_robot_sdk/share/go2_robot_sdk/urdf
[0.348s] copying urdf/go2_with_realsense.urdf -> /home/jnu/go2_ws/install/go2_robot_sdk/share/go2_robot_sdk/urdf
[0.348s] copying urdf/go2.urdf -> /home/jnu/go2_ws/install/go2_robot_sdk/share/go2_robot_sdk/urdf
[0.348s] creating /home/jnu/go2_ws/install/go2_robot_sdk/share/go2_robot_sdk/dae
[0.348s] copying dae/base.dae -> /home/jnu/go2_ws/install/go2_robot_sdk/share/go2_robot_sdk/dae
[0.352s] copying dae/calf.dae -> /home/jnu/go2_ws/install/go2_robot_sdk/share/go2_robot_sdk/dae
[0.353s] copying dae/foot.dae -> /home/jnu/go2_ws/install/go2_robot_sdk/share/go2_robot_sdk/dae
[0.353s] copying dae/hip.dae -> /home/jnu/go2_ws/install/go2_robot_sdk/share/go2_robot_sdk/dae
[0.354s] copying dae/thigh.dae -> /home/jnu/go2_ws/install/go2_robot_sdk/share/go2_robot_sdk/dae
[0.356s] copying dae/thigh_mirror.dae -> /home/jnu/go2_ws/install/go2_robot_sdk/share/go2_robot_sdk/dae
[0.357s] copying dae/calf_mirror.dae -> /home/jnu/go2_ws/install/go2_robot_sdk/share/go2_robot_sdk/dae
[0.358s] creating /home/jnu/go2_ws/install/go2_robot_sdk/share/go2_robot_sdk/meshes
[0.358s] copying meshes/base.STL -> /home/jnu/go2_ws/install/go2_robot_sdk/share/go2_robot_sdk/meshes
[0.362s] copying meshes/right_d_camera.STL -> /home/jnu/go2_ws/install/go2_robot_sdk/share/go2_robot_sdk/meshes
[0.362s] copying meshes/lidar_link.STL -> /home/jnu/go2_ws/install/go2_robot_sdk/share/go2_robot_sdk/meshes
[0.362s] copying meshes/left_d_camera.STL -> /home/jnu/go2_ws/install/go2_robot_sdk/share/go2_robot_sdk/meshes
[0.362s] copying meshes/front_d_camera.STL -> /home/jnu/go2_ws/install/go2_robot_sdk/share/go2_robot_sdk/meshes
[0.362s] creating /home/jnu/go2_ws/install/go2_robot_sdk/share/go2_robot_sdk/config
[0.362s] copying config/twist_mux.yaml -> /home/jnu/go2_ws/install/go2_robot_sdk/share/go2_robot_sdk/config
[0.362s] copying config/joystick.yaml -> /home/jnu/go2_ws/install/go2_robot_sdk/share/go2_robot_sdk/config
[0.362s] copying config/mapper_params_online_async.yaml -> /home/jnu/go2_ws/install/go2_robot_sdk/share/go2_robot_sdk/config
[0.362s] copying config/multi_robot_conf.rviz -> /home/jnu/go2_ws/install/go2_robot_sdk/share/go2_robot_sdk/config
[0.362s] copying config/single_robot_conf.rviz -> /home/jnu/go2_ws/install/go2_robot_sdk/share/go2_robot_sdk/config
[0.362s] copying config/cyclonedds_config.rviz -> /home/jnu/go2_ws/install/go2_robot_sdk/share/go2_robot_sdk/config
[0.362s] copying config/nav2_params.yaml -> /home/jnu/go2_ws/install/go2_robot_sdk/share/go2_robot_sdk/config
[0.362s] creating /home/jnu/go2_ws/install/go2_robot_sdk/share/go2_robot_sdk/calibration
[0.362s] copying calibration/front_camera_1080.yaml -> /home/jnu/go2_ws/install/go2_robot_sdk/share/go2_robot_sdk/calibration
[0.363s] copying calibration/front_camera_720.yaml -> /home/jnu/go2_ws/install/go2_robot_sdk/share/go2_robot_sdk/calibration
[0.363s] creating /home/jnu/go2_ws/install/go2_robot_sdk/share/go2_robot_sdk/external_lib
[0.363s] copying external_lib/libvoxel.wasm -> /home/jnu/go2_ws/install/go2_robot_sdk/share/go2_robot_sdk/external_lib
[0.363s] creating /home/jnu/go2_ws/install/go2_robot_sdk/share/go2_robot_sdk/external_lib/aioice
[0.363s] running install_egg_info
[0.363s] Copying ../../../build/go2_robot_sdk/go2_robot_sdk.egg-info to /home/jnu/go2_ws/install/go2_robot_sdk/lib/python3.10/site-packages/go2_robot_sdk-0.0.0-py3.10.egg-info
[0.363s] running install_scripts
[0.373s] Installing go2_driver_node script to /home/jnu/go2_ws/install/go2_robot_sdk/lib/go2_robot_sdk
[0.373s] writing list of installed files to '/home/jnu/go2_ws/build/go2_robot_sdk/install.log'
[0.384s] Invoked command in '/home/jnu/go2_ws/src/go2_ros2_sdk/go2_robot_sdk' returned '0': AMENT_PREFIX_PATH=/home/jnu/go2_ws/install/go2_interfaces CMAKE_PREFIX_PATH=/home/jnu/go2_ws/install/go2_interfaces LD_LIBRARY_PATH=/home/jnu/go2_ws/install/go2_interfaces/lib:/usr/local/cuda-11.8/lib64 PYTHONPATH=/home/jnu/go2_ws/build/go2_robot_sdk/prefix_override:/usr/lib/python3/dist-packages/colcon_core/task/python/colcon_distutils_commands:/home/jnu/go2_ws/install/go2_robot_sdk/lib/python3.10/site-packages:/home/jnu/go2_ws/install/go2_interfaces/local/lib/python3.10/dist-packages /usr/bin/python3 -W ignore:setup.py install is deprecated -W ignore:easy_install command is deprecated setup.py egg_info --egg-base ../../../build/go2_robot_sdk build --build-base /home/jnu/go2_ws/build/go2_robot_sdk/build install --record /home/jnu/go2_ws/build/go2_robot_sdk/install.log --single-version-externally-managed install_data
